Archive member included because of file (symbol)

/usr/lib/gcc/avr/4.9.2/avr5/libgcc.a(_exit.o)
                              /usr/lib/gcc/avr/4.9.2/../../../../avr/lib/avr5/crtm328p.o (exit)
/usr/lib/gcc/avr/4.9.2/avr5/libgcc.a(_copy_data.o)
                              ./main.o (__do_copy_data)
/usr/lib/gcc/avr/4.9.2/avr5/libgcc.a(_clear_bss.o)
                              ./NRF24L01/nrf24.o (__do_clear_bss)
/usr/lib/gcc/avr/4.9.2/../../../../avr/lib/avr5/libm.a(cmpsf2.o)
                              ./NRF24L01_HardAdapt.o (__ltsf2)
/usr/lib/gcc/avr/4.9.2/../../../../avr/lib/avr5/libm.a(fixunssfsi.o)
                              ./NRF24L01_HardAdapt.o (__fixunssfsi)
/usr/lib/gcc/avr/4.9.2/../../../../avr/lib/avr5/libm.a(fp_cmp.o)
                              /usr/lib/gcc/avr/4.9.2/../../../../avr/lib/avr5/libm.a(cmpsf2.o) (__fp_cmp)
/usr/lib/gcc/avr/4.9.2/../../../../avr/lib/avr5/libm.a(fp_split3.o)
                              /usr/lib/gcc/avr/4.9.2/../../../../avr/lib/avr5/libm.a(fixunssfsi.o) (__fp_splitA)
/usr/lib/gcc/avr/4.9.2/../../../../avr/lib/avr5/libm.a(fp_zero.o)
                              /usr/lib/gcc/avr/4.9.2/../../../../avr/lib/avr5/libm.a(fixunssfsi.o) (__fp_zero)
/usr/lib/gcc/avr/4.9.2/../../../../avr/lib/avr5/libm.a(gesf2.o)
                              ./NRF24L01_HardAdapt.o (__gtsf2)
/usr/lib/gcc/avr/4.9.2/../../../../avr/lib/avr5/libm.a(mulsf3.o)
                              ./NRF24L01_HardAdapt.o (__mulsf3)
/usr/lib/gcc/avr/4.9.2/../../../../avr/lib/avr5/libm.a(mulsf3x.o)
                              /usr/lib/gcc/avr/4.9.2/../../../../avr/lib/avr5/libm.a(mulsf3.o) (__mulsf3x)
/usr/lib/gcc/avr/4.9.2/../../../../avr/lib/avr5/libm.a(fp_inf.o)
                              /usr/lib/gcc/avr/4.9.2/../../../../avr/lib/avr5/libm.a(mulsf3x.o) (__fp_inf)
/usr/lib/gcc/avr/4.9.2/../../../../avr/lib/avr5/libm.a(fp_nan.o)
                              /usr/lib/gcc/avr/4.9.2/../../../../avr/lib/avr5/libm.a(mulsf3x.o) (__fp_nan)
/usr/lib/gcc/avr/4.9.2/../../../../avr/lib/avr5/libm.a(fp_pscA.o)
                              /usr/lib/gcc/avr/4.9.2/../../../../avr/lib/avr5/libm.a(mulsf3x.o) (__fp_pscA)
/usr/lib/gcc/avr/4.9.2/../../../../avr/lib/avr5/libm.a(fp_pscB.o)
                              /usr/lib/gcc/avr/4.9.2/../../../../avr/lib/avr5/libm.a(mulsf3x.o) (__fp_pscB)
/usr/lib/gcc/avr/4.9.2/../../../../avr/lib/avr5/libm.a(fp_round.o)
                              /usr/lib/gcc/avr/4.9.2/../../../../avr/lib/avr5/libm.a(mulsf3.o) (__fp_round)
/usr/lib/gcc/avr/4.9.2/../../../../avr/lib/avr5/libc.a(malloc.o)
                              ./NRF24L01_HardAdapt.o (malloc)
/usr/lib/gcc/avr/4.9.2/../../../../avr/lib/avr5/libc.a(strcat.o)
                              ./NRF24L01_HardAdapt.o (strcat)
/usr/lib/gcc/avr/4.9.2/../../../../avr/lib/avr5/libc.a(strcpy.o)
                              ./NRF24L01_HardAdapt.o (strcpy)

Allocating common symbols
Common symbol       size              file

PAYLOAD             0x1               ./NRF24L01/nrf24.o
__brkval            0x2               /usr/lib/gcc/avr/4.9.2/../../../../avr/lib/avr5/libc.a(malloc.o)
payload_len         0x1               ./NRF24L01/nrf24.o
__flp               0x2               /usr/lib/gcc/avr/4.9.2/../../../../avr/lib/avr5/libc.a(malloc.o)
NRF24_CH            0x1               ./NRF24L01/nrf24.o

Memory Configuration

Name             Origin             Length             Attributes
text             0x0000000000000000 0x0000000000020000 xr
data             0x0000000000800060 0x000000000000ffa0 rw !x
eeprom           0x0000000000810000 0x0000000000010000 rw !x
fuse             0x0000000000820000 0x0000000000000400 rw !x
lock             0x0000000000830000 0x0000000000000400 rw !x
signature        0x0000000000840000 0x0000000000000400 rw !x
*default*        0x0000000000000000 0xffffffffffffffff

Linker script and memory map

Address of section .data set to 0x800100
LOAD /usr/lib/gcc/avr/4.9.2/../../../../avr/lib/avr5/crtm328p.o
LOAD ./NRF24L01/nrf24.o
LOAD ./NRF24L01/radioPinFunctions.o
LOAD ./HD44780/hd44780.o
LOAD ./NRF24L01_HardAdapt.o
LOAD ./Record.o
LOAD ./main.o
START GROUP
LOAD /usr/lib/gcc/avr/4.9.2/avr5/libgcc.a
LOAD /usr/lib/gcc/avr/4.9.2/../../../../avr/lib/avr5/libm.a
LOAD /usr/lib/gcc/avr/4.9.2/../../../../avr/lib/avr5/libc.a
END GROUP

.hash
 *(.hash)

.dynsym
 *(.dynsym)

.dynstr
 *(.dynstr)

.gnu.version
 *(.gnu.version)

.gnu.version_d
 *(.gnu.version_d)

.gnu.version_r
 *(.gnu.version_r)

.rel.init
 *(.rel.init)

.rela.init
 *(.rela.init)

.rel.text
 *(.rel.text)
 *(.rel.text.*)
 *(.rel.gnu.linkonce.t*)

.rela.text
 *(.rela.text)
 *(.rela.text.*)
 *(.rela.gnu.linkonce.t*)

.rel.fini
 *(.rel.fini)

.rela.fini
 *(.rela.fini)

.rel.rodata
 *(.rel.rodata)
 *(.rel.rodata.*)
 *(.rel.gnu.linkonce.r*)

.rela.rodata
 *(.rela.rodata)
 *(.rela.rodata.*)
 *(.rela.gnu.linkonce.r*)

.rel.data
 *(.rel.data)
 *(.rel.data.*)
 *(.rel.gnu.linkonce.d*)

.rela.data
 *(.rela.data)
 *(.rela.data.*)
 *(.rela.gnu.linkonce.d*)

.rel.ctors
 *(.rel.ctors)

.rela.ctors
 *(.rela.ctors)

.rel.dtors
 *(.rel.dtors)

.rela.dtors
 *(.rela.dtors)

.rel.got
 *(.rel.got)

.rela.got
 *(.rela.got)

.rel.bss
 *(.rel.bss)

.rela.bss
 *(.rela.bss)

.rel.plt
 *(.rel.plt)

.rela.plt
 *(.rela.plt)

.text           0x0000000000000000     0x19e2
 *(.vectors)
 .vectors       0x0000000000000000       0x68 /usr/lib/gcc/avr/4.9.2/../../../../avr/lib/avr5/crtm328p.o
                0x0000000000000000                __vectors
                0x0000000000000000                __vector_default
 *(.vectors)
 *(.progmem.gcc*)
                0x0000000000000068                . = ALIGN (0x2)
                0x0000000000000068                __trampolines_start = .
 *(.trampolines)
 .trampolines   0x0000000000000068        0x0 linker stubs
 *(.trampolines*)
                0x0000000000000068                __trampolines_end = .
 *(.progmem*)
                0x0000000000000068                . = ALIGN (0x2)
 *(.jumptables)
 *(.jumptables*)
 *(.lowtext)
 *(.lowtext*)
                0x0000000000000068                __ctors_start = .
 *(.ctors)
                0x0000000000000068                __ctors_end = .
                0x0000000000000068                __dtors_start = .
 *(.dtors)
                0x0000000000000068                __dtors_end = .
 SORT(*)(.ctors)
 SORT(*)(.dtors)
 *(.init0)
 .init0         0x0000000000000068        0x0 /usr/lib/gcc/avr/4.9.2/../../../../avr/lib/avr5/crtm328p.o
                0x0000000000000068                __init
 *(.init0)
 *(.init1)
 *(.init1)
 *(.init2)
 .init2         0x0000000000000068        0xc /usr/lib/gcc/avr/4.9.2/../../../../avr/lib/avr5/crtm328p.o
 *(.init2)
 *(.init3)
 *(.init3)
 *(.init4)
 .init4         0x0000000000000074       0x16 /usr/lib/gcc/avr/4.9.2/avr5/libgcc.a(_copy_data.o)
                0x0000000000000074                __do_copy_data
 .init4         0x000000000000008a       0x10 /usr/lib/gcc/avr/4.9.2/avr5/libgcc.a(_clear_bss.o)
                0x000000000000008a                __do_clear_bss
 *(.init4)
 *(.init5)
 *(.init5)
 *(.init6)
 *(.init6)
 *(.init7)
 *(.init7)
 *(.init8)
 *(.init8)
 *(.init9)
 .init9         0x000000000000009a        0x8 /usr/lib/gcc/avr/4.9.2/../../../../avr/lib/avr5/crtm328p.o
 *(.init9)
 *(.text)
 .text          0x00000000000000a2        0x4 /usr/lib/gcc/avr/4.9.2/../../../../avr/lib/avr5/crtm328p.o
                0x00000000000000a2                __vector_22
                0x00000000000000a2                __vector_1
                0x00000000000000a2                __vector_24
                0x00000000000000a2                __vector_12
                0x00000000000000a2                __bad_interrupt
                0x00000000000000a2                __vector_6
                0x00000000000000a2                __vector_3
                0x00000000000000a2                __vector_23
                0x00000000000000a2                __vector_25
                0x00000000000000a2                __vector_11
                0x00000000000000a2                __vector_13
                0x00000000000000a2                __vector_17
                0x00000000000000a2                __vector_19
                0x00000000000000a2                __vector_7
                0x00000000000000a2                __vector_5
                0x00000000000000a2                __vector_4
                0x00000000000000a2                __vector_9
                0x00000000000000a2                __vector_2
                0x00000000000000a2                __vector_21
                0x00000000000000a2                __vector_15
                0x00000000000000a2                __vector_8
                0x00000000000000a2                __vector_14
                0x00000000000000a2                __vector_10
                0x00000000000000a2                __vector_16
                0x00000000000000a2                __vector_18
                0x00000000000000a2                __vector_20
 .text          0x00000000000000a6        0x0 ./NRF24L01/nrf24.o
 .text          0x00000000000000a6        0x0 ./NRF24L01/radioPinFunctions.o
 .text          0x00000000000000a6        0x0 ./HD44780/hd44780.o
 .text          0x00000000000000a6        0x0 ./NRF24L01_HardAdapt.o
 .text          0x00000000000000a6        0x0 ./Record.o
 .text          0x00000000000000a6        0x0 ./main.o
 .text          0x00000000000000a6        0x0 /usr/lib/gcc/avr/4.9.2/avr5/libgcc.a(_exit.o)
 .text          0x00000000000000a6        0x0 /usr/lib/gcc/avr/4.9.2/avr5/libgcc.a(_copy_data.o)
 .text          0x00000000000000a6        0x0 /usr/lib/gcc/avr/4.9.2/avr5/libgcc.a(_clear_bss.o)
 .text          0x00000000000000a6        0x0 /usr/lib/gcc/avr/4.9.2/../../../../avr/lib/avr5/libm.a(cmpsf2.o)
 .text          0x00000000000000a6        0x0 /usr/lib/gcc/avr/4.9.2/../../../../avr/lib/avr5/libm.a(fixunssfsi.o)
 .text          0x00000000000000a6        0x0 /usr/lib/gcc/avr/4.9.2/../../../../avr/lib/avr5/libm.a(fp_cmp.o)
 .text          0x00000000000000a6        0x0 /usr/lib/gcc/avr/4.9.2/../../../../avr/lib/avr5/libm.a(fp_split3.o)
 .text          0x00000000000000a6        0x0 /usr/lib/gcc/avr/4.9.2/../../../../avr/lib/avr5/libm.a(fp_zero.o)
 .text          0x00000000000000a6        0x0 /usr/lib/gcc/avr/4.9.2/../../../../avr/lib/avr5/libm.a(gesf2.o)
 .text          0x00000000000000a6        0x0 /usr/lib/gcc/avr/4.9.2/../../../../avr/lib/avr5/libm.a(mulsf3.o)
 .text          0x00000000000000a6        0x0 /usr/lib/gcc/avr/4.9.2/../../../../avr/lib/avr5/libm.a(mulsf3x.o)
 .text          0x00000000000000a6        0x0 /usr/lib/gcc/avr/4.9.2/../../../../avr/lib/avr5/libm.a(fp_inf.o)
 .text          0x00000000000000a6        0x0 /usr/lib/gcc/avr/4.9.2/../../../../avr/lib/avr5/libm.a(fp_nan.o)
 .text          0x00000000000000a6        0x0 /usr/lib/gcc/avr/4.9.2/../../../../avr/lib/avr5/libm.a(fp_pscA.o)
 .text          0x00000000000000a6        0x0 /usr/lib/gcc/avr/4.9.2/../../../../avr/lib/avr5/libm.a(fp_pscB.o)
 .text          0x00000000000000a6        0x0 /usr/lib/gcc/avr/4.9.2/../../../../avr/lib/avr5/libm.a(fp_round.o)
 .text          0x00000000000000a6        0x0 /usr/lib/gcc/avr/4.9.2/../../../../avr/lib/avr5/libc.a(malloc.o)
 .text          0x00000000000000a6        0x0 /usr/lib/gcc/avr/4.9.2/../../../../avr/lib/avr5/libc.a(strcat.o)
 .text          0x00000000000000a6        0x0 /usr/lib/gcc/avr/4.9.2/../../../../avr/lib/avr5/libc.a(strcpy.o)
                0x00000000000000a6                . = ALIGN (0x2)
 *(.text.*)
 .text.nrf24_init
                0x00000000000000a6       0x1e ./NRF24L01/nrf24.o
                0x00000000000000a6                nrf24_init
 .text.nrf24_config
                0x00000000000000c4       0x8e ./NRF24L01/nrf24.o
                0x00000000000000c4                nrf24_config
 .text.nrf24_rx_address
                0x0000000000000152       0x32 ./NRF24L01/nrf24.o
                0x0000000000000152                nrf24_rx_address
 .text.nrf24_payload_length
                0x0000000000000184       0x12 ./NRF24L01/nrf24.o
                0x0000000000000184                nrf24_payload_length
 .text.nrf24_tx_address
                0x0000000000000196       0x34 ./NRF24L01/nrf24.o
                0x0000000000000196                nrf24_tx_address
 .text.nrf24_dataReady
                0x00000000000001ca       0x38 ./NRF24L01/nrf24.o
                0x00000000000001ca                nrf24_dataReady
 .text.nrf24_rxFifoEmpty
                0x0000000000000202       0x24 ./NRF24L01/nrf24.o
                0x0000000000000202                nrf24_rxFifoEmpty
 .text.nrf24_payloadLength
                0x0000000000000226       0x2e ./NRF24L01/nrf24.o
                0x0000000000000226                nrf24_payloadLength
 .text.nrf24_getData
                0x0000000000000254       0x44 ./NRF24L01/nrf24.o
                0x0000000000000254                nrf24_getData
 .text.nrf24_retransmissionCount
                0x0000000000000298       0x28 ./NRF24L01/nrf24.o
                0x0000000000000298                nrf24_retransmissionCount
 .text.nrf24_send
                0x00000000000002c0       0x5a ./NRF24L01/nrf24.o
                0x00000000000002c0                nrf24_send
 .text.nrf24_isSending
                0x000000000000031a       0x2c ./NRF24L01/nrf24.o
                0x000000000000031a                nrf24_isSending
 .text.nrf24_getStatus
                0x0000000000000346       0x28 ./NRF24L01/nrf24.o
                0x0000000000000346                nrf24_getStatus
 .text.nrf24_lastMessageStatus
                0x000000000000036e       0x3e ./NRF24L01/nrf24.o
                0x000000000000036e                nrf24_lastMessageStatus
 .text.nrf24_powerUpRx
                0x00000000000003ac       0x3c ./NRF24L01/nrf24.o
                0x00000000000003ac                nrf24_powerUpRx
 .text.nrf24_powerUpTx
                0x00000000000003e8       0x1e ./NRF24L01/nrf24.o
                0x00000000000003e8                nrf24_powerUpTx
 .text.nrf24_powerDown
                0x0000000000000406       0x1c ./NRF24L01/nrf24.o
                0x0000000000000406                nrf24_powerDown
 .text.spi_transfer
                0x0000000000000422       0x90 ./NRF24L01/nrf24.o
                0x0000000000000422                spi_transfer
 .text.nrf24_transferSync
                0x00000000000004b2       0x6e ./NRF24L01/nrf24.o
                0x00000000000004b2                nrf24_transferSync
 .text.nrf24_transmitSync
                0x0000000000000520       0x48 ./NRF24L01/nrf24.o
                0x0000000000000520                nrf24_transmitSync
 .text.nrf24_configRegister
                0x0000000000000568       0x34 ./NRF24L01/nrf24.o
                0x0000000000000568                nrf24_configRegister
 .text.nrf24_readRegister
                0x000000000000059c       0x46 ./NRF24L01/nrf24.o
                0x000000000000059c                nrf24_readRegister
 .text.nrf24_writeRegister
                0x00000000000005e2       0x42 ./NRF24L01/nrf24.o
                0x00000000000005e2                nrf24_writeRegister
 .text.nrf24_set_channel
                0x0000000000000624       0x1a ./NRF24L01/nrf24.o
                0x0000000000000624                nrf24_set_channel
 .text.nrf24_set_payload
                0x000000000000063e       0x1a ./NRF24L01/nrf24.o
                0x000000000000063e                nrf24_set_payload
 .text.nrf24_setupPins
                0x0000000000000658       0x68 ./NRF24L01/radioPinFunctions.o
                0x0000000000000658                nrf24_setupPins
 .text.nrf24_ce_digitalWrite
                0x00000000000006c0       0x40 ./NRF24L01/radioPinFunctions.o
                0x00000000000006c0                nrf24_ce_digitalWrite
 .text.nrf24_csn_digitalWrite
                0x0000000000000700       0x40 ./NRF24L01/radioPinFunctions.o
                0x0000000000000700                nrf24_csn_digitalWrite
 .text.nrf24_sck_digitalWrite
                0x0000000000000740       0x40 ./NRF24L01/radioPinFunctions.o
                0x0000000000000740                nrf24_sck_digitalWrite
 .text.nrf24_mosi_digitalWrite
                0x0000000000000780       0x40 ./NRF24L01/radioPinFunctions.o
                0x0000000000000780                nrf24_mosi_digitalWrite
 .text.nrf24_miso_digitalRead
                0x00000000000007c0       0x18 ./NRF24L01/radioPinFunctions.o
                0x00000000000007c0                nrf24_miso_digitalRead
 .text.lcd_e_port_low
                0x00000000000007d8       0x20 ./HD44780/hd44780.o
 .text.lcd_e_port_high
                0x00000000000007f8       0x20 ./HD44780/hd44780.o
 .text.lcd_e_ddr_high
                0x0000000000000818       0x20 ./HD44780/hd44780.o
 .text.lcd_read
                0x0000000000000838      0x234 ./HD44780/hd44780.o
 .text.lcd_getc
                0x0000000000000a6c       0x14 ./HD44780/hd44780.o
                0x0000000000000a6c                lcd_getc
 .text.lcd_write
                0x0000000000000a80      0x26a ./HD44780/hd44780.o
 .text.lcd_command
                0x0000000000000cea       0x1c ./HD44780/hd44780.o
                0x0000000000000cea                lcd_command
 .text.lcd_goto
                0x0000000000000d06       0x1c ./HD44780/hd44780.o
                0x0000000000000d06                lcd_goto
 .text.lcd_clrscr
                0x0000000000000d22       0x14 ./HD44780/hd44780.o
                0x0000000000000d22                lcd_clrscr
 .text.lcd_home
                0x0000000000000d36       0x14 ./HD44780/hd44780.o
                0x0000000000000d36                lcd_home
 .text.lcd_putc
                0x0000000000000d4a       0x1c ./HD44780/hd44780.o
                0x0000000000000d4a                lcd_putc
 .text.lcd_puts
                0x0000000000000d66       0x3a ./HD44780/hd44780.o
                0x0000000000000d66                lcd_puts
 .text.lcd_puts_P
                0x0000000000000da0       0x52 ./HD44780/hd44780.o
                0x0000000000000da0                lcd_puts_P
 .text.lcd_init
                0x0000000000000df2      0x20a ./HD44780/hd44780.o
                0x0000000000000df2                lcd_init
 .text.transceiver_init
                0x0000000000000ffc       0x12 ./NRF24L01_HardAdapt.o
                0x0000000000000ffc                transceiver_init
 .text.transceiver_send
                0x000000000000100e      0x168 ./NRF24L01_HardAdapt.o
                0x000000000000100e                transceiver_send
 .text.transceiver_receive
                0x0000000000001176       0x76 ./NRF24L01_HardAdapt.o
                0x0000000000001176                transceiver_receive
 .text.transceiver_tx_address
                0x00000000000011ec       0x20 ./NRF24L01_HardAdapt.o
                0x00000000000011ec                transceiver_tx_address
 .text.transceiver_rx_address
                0x000000000000120c       0x20 ./NRF24L01_HardAdapt.o
                0x000000000000120c                transceiver_rx_address
 .text.transceiver_config
                0x000000000000122c       0x1c ./NRF24L01_HardAdapt.o
                0x000000000000122c                transceiver_config
 .text.transceiver_set_channel
                0x0000000000001248       0x1a ./NRF24L01_HardAdapt.o
                0x0000000000001248                transceiver_set_channel
 .text.transceiver_set_payload
                0x0000000000001262       0x1a ./NRF24L01_HardAdapt.o
                0x0000000000001262                transceiver_set_payload
 .text.record_set_sensor_id
                0x000000000000127c       0x28 ./Record.o
                0x000000000000127c                record_set_sensor_id
 .text.record_set_sensor_data
                0x00000000000012a4       0x30 ./Record.o
                0x00000000000012a4                record_set_sensor_data
 .text.record_get_sensor_id
                0x00000000000012d4       0x20 ./Record.o
                0x00000000000012d4                record_get_sensor_id
 .text.record_get_sensor_data
                0x00000000000012f4       0x22 ./Record.o
                0x00000000000012f4                record_get_sensor_data
 .text.main     0x0000000000001316      0x23e ./main.o
                0x0000000000001316                main
 .text.libgcc.mul
                0x0000000000001554        0x0 /usr/lib/gcc/avr/4.9.2/avr5/libgcc.a(_exit.o)
 .text.libgcc.div
                0x0000000000001554        0x0 /usr/lib/gcc/avr/4.9.2/avr5/libgcc.a(_exit.o)
 .text.libgcc   0x0000000000001554        0x0 /usr/lib/gcc/avr/4.9.2/avr5/libgcc.a(_exit.o)
 .text.libgcc.prologue
                0x0000000000001554        0x0 /usr/lib/gcc/avr/4.9.2/avr5/libgcc.a(_exit.o)
 .text.libgcc.builtins
                0x0000000000001554        0x0 /usr/lib/gcc/avr/4.9.2/avr5/libgcc.a(_exit.o)
 .text.libgcc.fmul
                0x0000000000001554        0x0 /usr/lib/gcc/avr/4.9.2/avr5/libgcc.a(_exit.o)
 .text.libgcc.fixed
                0x0000000000001554        0x0 /usr/lib/gcc/avr/4.9.2/avr5/libgcc.a(_exit.o)
 .text.libgcc.mul
                0x0000000000001554        0x0 /usr/lib/gcc/avr/4.9.2/avr5/libgcc.a(_copy_data.o)
 .text.libgcc.div
                0x0000000000001554        0x0 /usr/lib/gcc/avr/4.9.2/avr5/libgcc.a(_copy_data.o)
 .text.libgcc   0x0000000000001554        0x0 /usr/lib/gcc/avr/4.9.2/avr5/libgcc.a(_copy_data.o)
 .text.libgcc.prologue
                0x0000000000001554        0x0 /usr/lib/gcc/avr/4.9.2/avr5/libgcc.a(_copy_data.o)
 .text.libgcc.builtins
                0x0000000000001554        0x0 /usr/lib/gcc/avr/4.9.2/avr5/libgcc.a(_copy_data.o)
 .text.libgcc.fmul
                0x0000000000001554        0x0 /usr/lib/gcc/avr/4.9.2/avr5/libgcc.a(_copy_data.o)
 .text.libgcc.fixed
                0x0000000000001554        0x0 /usr/lib/gcc/avr/4.9.2/avr5/libgcc.a(_copy_data.o)
 .text.libgcc.mul
                0x0000000000001554        0x0 /usr/lib/gcc/avr/4.9.2/avr5/libgcc.a(_clear_bss.o)
 .text.libgcc.div
                0x0000000000001554        0x0 /usr/lib/gcc/avr/4.9.2/avr5/libgcc.a(_clear_bss.o)
 .text.libgcc   0x0000000000001554        0x0 /usr/lib/gcc/avr/4.9.2/avr5/libgcc.a(_clear_bss.o)
 .text.libgcc.prologue
                0x0000000000001554        0x0 /usr/lib/gcc/avr/4.9.2/avr5/libgcc.a(_clear_bss.o)
 .text.libgcc.builtins
                0x0000000000001554        0x0 /usr/lib/gcc/avr/4.9.2/avr5/libgcc.a(_clear_bss.o)
 .text.libgcc.fmul
                0x0000000000001554        0x0 /usr/lib/gcc/avr/4.9.2/avr5/libgcc.a(_clear_bss.o)
 .text.libgcc.fixed
                0x0000000000001554        0x0 /usr/lib/gcc/avr/4.9.2/avr5/libgcc.a(_clear_bss.o)
 .text.avr-libc.fplib
                0x0000000000001554        0x8 /usr/lib/gcc/avr/4.9.2/../../../../avr/lib/avr5/libm.a(cmpsf2.o)
                0x0000000000001554                __lesf2
                0x0000000000001554                __nesf2
                0x0000000000001554                __eqsf2
                0x0000000000001554                __cmpsf2
                0x0000000000001554                __ltsf2
 .text.avr-libc.fplib
                0x000000000000155c       0x58 /usr/lib/gcc/avr/4.9.2/../../../../avr/lib/avr5/libm.a(fixunssfsi.o)
                0x000000000000155c                __fixunssfsi
 .text.avr-libc.fplib
                0x00000000000015b4       0x48 /usr/lib/gcc/avr/4.9.2/../../../../avr/lib/avr5/libm.a(fp_cmp.o)
                0x00000000000015b4                __fp_cmp
 .text.avr-libc.fplib
                0x00000000000015fc       0x44 /usr/lib/gcc/avr/4.9.2/../../../../avr/lib/avr5/libm.a(fp_split3.o)
                0x00000000000015fc                __fp_split3
                0x000000000000160c                __fp_splitA
 .text.avr-libc.fplib
                0x0000000000001640        0xe /usr/lib/gcc/avr/4.9.2/../../../../avr/lib/avr5/libm.a(fp_zero.o)
                0x0000000000001640                __fp_zero
                0x0000000000001642                __fp_szero
 .text.avr-libc.fplib
                0x000000000000164e        0x8 /usr/lib/gcc/avr/4.9.2/../../../../avr/lib/avr5/libm.a(gesf2.o)
                0x000000000000164e                __gtsf2
                0x000000000000164e                __gesf2
 .text.avr-libc.fplib
                0x0000000000001656        0x4 /usr/lib/gcc/avr/4.9.2/../../../../avr/lib/avr5/libm.a(mulsf3.o)
                0x0000000000001656                __mulsf3
 .text.avr-libc.fplib
                0x000000000000165a       0xc2 /usr/lib/gcc/avr/4.9.2/../../../../avr/lib/avr5/libm.a(mulsf3x.o)
                0x000000000000166e                __mulsf3x
                0x0000000000001672                __mulsf3_pse
 .text.avr-libc.fplib
                0x000000000000171c        0xc /usr/lib/gcc/avr/4.9.2/../../../../avr/lib/avr5/libm.a(fp_inf.o)
                0x000000000000171c                __fp_inf
 .text.avr-libc.fplib
                0x0000000000001728        0x6 /usr/lib/gcc/avr/4.9.2/../../../../avr/lib/avr5/libm.a(fp_nan.o)
                0x0000000000001728                __fp_nan
 .text.avr-libc.fplib
                0x000000000000172e        0xe /usr/lib/gcc/avr/4.9.2/../../../../avr/lib/avr5/libm.a(fp_pscA.o)
                0x000000000000172e                __fp_pscA
 .text.avr-libc.fplib
                0x000000000000173c        0xe /usr/lib/gcc/avr/4.9.2/../../../../avr/lib/avr5/libm.a(fp_pscB.o)
                0x000000000000173c                __fp_pscB
 .text.avr-libc.fplib
                0x000000000000174a       0x22 /usr/lib/gcc/avr/4.9.2/../../../../avr/lib/avr5/libm.a(fp_round.o)
                0x000000000000174a                __fp_round
 .text.avr-libc
                0x000000000000176c      0x24e /usr/lib/gcc/avr/4.9.2/../../../../avr/lib/avr5/libc.a(malloc.o)
                0x000000000000176c                malloc
                0x000000000000189c                free
 .text.avr-libc
                0x00000000000019ba       0x16 /usr/lib/gcc/avr/4.9.2/../../../../avr/lib/avr5/libc.a(strcat.o)
                0x00000000000019ba                strcat
 .text.avr-libc
                0x00000000000019d0        0xe /usr/lib/gcc/avr/4.9.2/../../../../avr/lib/avr5/libc.a(strcpy.o)
                0x00000000000019d0                strcpy
                0x00000000000019de                . = ALIGN (0x2)
 *(.fini9)
 .fini9         0x00000000000019de        0x0 /usr/lib/gcc/avr/4.9.2/avr5/libgcc.a(_exit.o)
                0x00000000000019de                exit
                0x00000000000019de                _exit
 *(.fini9)
 *(.fini8)
 *(.fini8)
 *(.fini7)
 *(.fini7)
 *(.fini6)
 *(.fini6)
 *(.fini5)
 *(.fini5)
 *(.fini4)
 *(.fini4)
 *(.fini3)
 *(.fini3)
 *(.fini2)
 *(.fini2)
 *(.fini1)
 *(.fini1)
 *(.fini0)
 .fini0         0x00000000000019de        0x4 /usr/lib/gcc/avr/4.9.2/avr5/libgcc.a(_exit.o)
 *(.fini0)
                0x00000000000019e2                _etext = .

.data           0x0000000000800100       0x18 load address 0x00000000000019e2
                0x0000000000800100                PROVIDE (__data_start, .)
 *(.data)
 .data          0x0000000000800100        0x0 /usr/lib/gcc/avr/4.9.2/../../../../avr/lib/avr5/crtm328p.o
 .data          0x0000000000800100        0x0 ./NRF24L01/nrf24.o
 .data          0x0000000000800100        0x0 ./NRF24L01/radioPinFunctions.o
 .data          0x0000000000800100        0x0 ./HD44780/hd44780.o
 .data          0x0000000000800100        0x0 ./NRF24L01_HardAdapt.o
 .data          0x0000000000800100        0x0 ./Record.o
 .data          0x0000000000800100        0x0 ./main.o
 .data          0x0000000000800100        0x0 /usr/lib/gcc/avr/4.9.2/avr5/libgcc.a(_exit.o)
 .data          0x0000000000800100        0x0 /usr/lib/gcc/avr/4.9.2/avr5/libgcc.a(_copy_data.o)
 .data          0x0000000000800100        0x0 /usr/lib/gcc/avr/4.9.2/avr5/libgcc.a(_clear_bss.o)
 .data          0x0000000000800100        0x0 /usr/lib/gcc/avr/4.9.2/../../../../avr/lib/avr5/libm.a(cmpsf2.o)
 .data          0x0000000000800100        0x0 /usr/lib/gcc/avr/4.9.2/../../../../avr/lib/avr5/libm.a(fixunssfsi.o)
 .data          0x0000000000800100        0x0 /usr/lib/gcc/avr/4.9.2/../../../../avr/lib/avr5/libm.a(fp_cmp.o)
 .data          0x0000000000800100        0x0 /usr/lib/gcc/avr/4.9.2/../../../../avr/lib/avr5/libm.a(fp_split3.o)
 .data          0x0000000000800100        0x0 /usr/lib/gcc/avr/4.9.2/../../../../avr/lib/avr5/libm.a(fp_zero.o)
 .data          0x0000000000800100        0x0 /usr/lib/gcc/avr/4.9.2/../../../../avr/lib/avr5/libm.a(gesf2.o)
 .data          0x0000000000800100        0x0 /usr/lib/gcc/avr/4.9.2/../../../../avr/lib/avr5/libm.a(mulsf3.o)
 .data          0x0000000000800100        0x0 /usr/lib/gcc/avr/4.9.2/../../../../avr/lib/avr5/libm.a(mulsf3x.o)
 .data          0x0000000000800100        0x0 /usr/lib/gcc/avr/4.9.2/../../../../avr/lib/avr5/libm.a(fp_inf.o)
 .data          0x0000000000800100        0x0 /usr/lib/gcc/avr/4.9.2/../../../../avr/lib/avr5/libm.a(fp_nan.o)
 .data          0x0000000000800100        0x0 /usr/lib/gcc/avr/4.9.2/../../../../avr/lib/avr5/libm.a(fp_pscA.o)
 .data          0x0000000000800100        0x0 /usr/lib/gcc/avr/4.9.2/../../../../avr/lib/avr5/libm.a(fp_pscB.o)
 .data          0x0000000000800100        0x0 /usr/lib/gcc/avr/4.9.2/../../../../avr/lib/avr5/libm.a(fp_round.o)
 .data          0x0000000000800100        0x6 /usr/lib/gcc/avr/4.9.2/../../../../avr/lib/avr5/libc.a(malloc.o)
                0x0000000000800100                __malloc_heap_end
                0x0000000000800102                __malloc_heap_start
                0x0000000000800104                __malloc_margin
 .data          0x0000000000800106        0x0 /usr/lib/gcc/avr/4.9.2/../../../../avr/lib/avr5/libc.a(strcat.o)
 .data          0x0000000000800106        0x0 /usr/lib/gcc/avr/4.9.2/../../../../avr/lib/avr5/libc.a(strcpy.o)
 *(.data*)
 *(.rodata)
 .rodata        0x0000000000800106       0x11 ./main.o
 *(.rodata*)
 *(.gnu.linkonce.d*)
                0x0000000000800118                . = ALIGN (0x2)
 *fill*         0x0000000000800117        0x1 
                0x0000000000800118                _edata = .
                0x0000000000800118                PROVIDE (__data_end, .)

.bss            0x0000000000800118        0x7
                0x0000000000800118                PROVIDE (__bss_start, .)
 *(.bss)
 .bss           0x0000000000800118        0x0 /usr/lib/gcc/avr/4.9.2/../../../../avr/lib/avr5/crtm328p.o
 .bss           0x0000000000800118        0x0 ./NRF24L01/nrf24.o
 .bss           0x0000000000800118        0x0 ./NRF24L01/radioPinFunctions.o
 .bss           0x0000000000800118        0x0 ./HD44780/hd44780.o
 .bss           0x0000000000800118        0x0 ./NRF24L01_HardAdapt.o
 .bss           0x0000000000800118        0x0 ./Record.o
 .bss           0x0000000000800118        0x0 ./main.o
 .bss           0x0000000000800118        0x0 /usr/lib/gcc/avr/4.9.2/avr5/libgcc.a(_exit.o)
 .bss           0x0000000000800118        0x0 /usr/lib/gcc/avr/4.9.2/avr5/libgcc.a(_copy_data.o)
 .bss           0x0000000000800118        0x0 /usr/lib/gcc/avr/4.9.2/avr5/libgcc.a(_clear_bss.o)
 .bss           0x0000000000800118        0x0 /usr/lib/gcc/avr/4.9.2/../../../../avr/lib/avr5/libm.a(cmpsf2.o)
 .bss           0x0000000000800118        0x0 /usr/lib/gcc/avr/4.9.2/../../../../avr/lib/avr5/libm.a(fixunssfsi.o)
 .bss           0x0000000000800118        0x0 /usr/lib/gcc/avr/4.9.2/../../../../avr/lib/avr5/libm.a(fp_cmp.o)
 .bss           0x0000000000800118        0x0 /usr/lib/gcc/avr/4.9.2/../../../../avr/lib/avr5/libm.a(fp_split3.o)
 .bss           0x0000000000800118        0x0 /usr/lib/gcc/avr/4.9.2/../../../../avr/lib/avr5/libm.a(fp_zero.o)
 .bss           0x0000000000800118        0x0 /usr/lib/gcc/avr/4.9.2/../../../../avr/lib/avr5/libm.a(gesf2.o)
 .bss           0x0000000000800118        0x0 /usr/lib/gcc/avr/4.9.2/../../../../avr/lib/avr5/libm.a(mulsf3.o)
 .bss           0x0000000000800118        0x0 /usr/lib/gcc/avr/4.9.2/../../../../avr/lib/avr5/libm.a(mulsf3x.o)
 .bss           0x0000000000800118        0x0 /usr/lib/gcc/avr/4.9.2/../../../../avr/lib/avr5/libm.a(fp_inf.o)
 .bss           0x0000000000800118        0x0 /usr/lib/gcc/avr/4.9.2/../../../../avr/lib/avr5/libm.a(fp_nan.o)
 .bss           0x0000000000800118        0x0 /usr/lib/gcc/avr/4.9.2/../../../../avr/lib/avr5/libm.a(fp_pscA.o)
 .bss           0x0000000000800118        0x0 /usr/lib/gcc/avr/4.9.2/../../../../avr/lib/avr5/libm.a(fp_pscB.o)
 .bss           0x0000000000800118        0x0 /usr/lib/gcc/avr/4.9.2/../../../../avr/lib/avr5/libm.a(fp_round.o)
 .bss           0x0000000000800118        0x0 /usr/lib/gcc/avr/4.9.2/../../../../avr/lib/avr5/libc.a(malloc.o)
 .bss           0x0000000000800118        0x0 /usr/lib/gcc/avr/4.9.2/../../../../avr/lib/avr5/libc.a(strcat.o)
 .bss           0x0000000000800118        0x0 /usr/lib/gcc/avr/4.9.2/../../../../avr/lib/avr5/libc.a(strcpy.o)
 *(.bss*)
 *(COMMON)
 COMMON         0x0000000000800118        0x3 ./NRF24L01/nrf24.o
                0x0000000000800118                PAYLOAD
                0x0000000000800119                payload_len
                0x000000000080011a                NRF24_CH
 COMMON         0x000000000080011b        0x4 /usr/lib/gcc/avr/4.9.2/../../../../avr/lib/avr5/libc.a(malloc.o)
                0x000000000080011b                __brkval
                0x000000000080011d                __flp
                0x000000000080011f                PROVIDE (__bss_end, .)
                0x00000000000019e2                __data_load_start = LOADADDR (.data)
                0x00000000000019fa                __data_load_end = (__data_load_start + SIZEOF (.data))

.noinit         0x000000000080011f        0x0
                0x000000000080011f                PROVIDE (__noinit_start, .)
 *(.noinit*)
                0x000000000080011f                PROVIDE (__noinit_end, .)
                0x000000000080011f                _end = .
                0x000000000080011f                PROVIDE (__heap_start, .)

.eeprom         0x0000000000810000        0x0
 *(.eeprom*)
                0x0000000000810000                __eeprom_end = .

.fuse
 *(.fuse)
 *(.lfuse)
 *(.hfuse)
 *(.efuse)

.lock
 *(.lock*)

.signature
 *(.signature*)

.stab           0x0000000000000000     0x53d0
 *(.stab)
 .stab          0x0000000000000000      0x6cc /usr/lib/gcc/avr/4.9.2/../../../../avr/lib/avr5/crtm328p.o
 .stab          0x00000000000006cc      0xf78 ./NRF24L01/nrf24.o
                                        0xf84 (size before relaxing)
 .stab          0x0000000000001644      0x4d4 ./NRF24L01/radioPinFunctions.o
                                        0x648 (size before relaxing)
 .stab          0x0000000000001b18      0xd14 ./HD44780/hd44780.o
                                        0xedc (size before relaxing)
 .stab          0x000000000000282c      0x720 ./NRF24L01_HardAdapt.o
                                        0x8dc (size before relaxing)
 .stab          0x0000000000002f4c      0x3b4 ./Record.o
                                        0x5b8 (size before relaxing)
 .stab          0x0000000000003300      0x588 ./main.o
                                        0x7e0 (size before relaxing)
 .stab          0x0000000000003888       0x6c /usr/lib/gcc/avr/4.9.2/avr5/libgcc.a(_exit.o)
                                         0x78 (size before relaxing)
 .stab          0x00000000000038f4       0xd8 /usr/lib/gcc/avr/4.9.2/avr5/libgcc.a(_copy_data.o)
                                         0xe4 (size before relaxing)
 .stab          0x00000000000039cc       0xb4 /usr/lib/gcc/avr/4.9.2/avr5/libgcc.a(_clear_bss.o)
                                         0xc0 (size before relaxing)
 .stab          0x0000000000003a80       0x90 /usr/lib/gcc/avr/4.9.2/../../../../avr/lib/avr5/libm.a(cmpsf2.o)
                                         0x9c (size before relaxing)
 .stab          0x0000000000003b10      0x240 /usr/lib/gcc/avr/4.9.2/../../../../avr/lib/avr5/libm.a(fixunssfsi.o)
                                        0x24c (size before relaxing)
 .stab          0x0000000000003d50      0x1e0 /usr/lib/gcc/avr/4.9.2/../../../../avr/lib/avr5/libm.a(fp_cmp.o)
                                        0x1ec (size before relaxing)
 .stab          0x0000000000003f30      0x1d4 /usr/lib/gcc/avr/4.9.2/../../../../avr/lib/avr5/libm.a(fp_split3.o)
                                        0x1e0 (size before relaxing)
 .stab          0x0000000000004104       0x90 /usr/lib/gcc/avr/4.9.2/../../../../avr/lib/avr5/libm.a(fp_zero.o)
                                         0x9c (size before relaxing)
 .stab          0x0000000000004194       0x6c /usr/lib/gcc/avr/4.9.2/../../../../avr/lib/avr5/libm.a(gesf2.o)
                                         0x78 (size before relaxing)
 .stab          0x0000000000004200       0x48 /usr/lib/gcc/avr/4.9.2/../../../../avr/lib/avr5/libm.a(mulsf3.o)
                                         0x54 (size before relaxing)
 .stab          0x0000000000004248      0x4d4 /usr/lib/gcc/avr/4.9.2/../../../../avr/lib/avr5/libm.a(mulsf3x.o)
                                        0x4e0 (size before relaxing)
 .stab          0x000000000000471c       0x78 /usr/lib/gcc/avr/4.9.2/../../../../avr/lib/avr5/libm.a(fp_inf.o)
                                         0x84 (size before relaxing)
 .stab          0x0000000000004794       0x54 /usr/lib/gcc/avr/4.9.2/../../../../avr/lib/avr5/libm.a(fp_nan.o)
                                         0x60 (size before relaxing)
 .stab          0x00000000000047e8       0x84 /usr/lib/gcc/avr/4.9.2/../../../../avr/lib/avr5/libm.a(fp_pscA.o)
                                         0x90 (size before relaxing)
 .stab          0x000000000000486c       0x84 /usr/lib/gcc/avr/4.9.2/../../../../avr/lib/avr5/libm.a(fp_pscB.o)
                                         0x90 (size before relaxing)
 .stab          0x00000000000048f0       0xfc /usr/lib/gcc/avr/4.9.2/../../../../avr/lib/avr5/libm.a(fp_round.o)
                                        0x108 (size before relaxing)
 .stab          0x00000000000049ec      0x8dc /usr/lib/gcc/avr/4.9.2/../../../../avr/lib/avr5/libc.a(malloc.o)
                                        0x8e8 (size before relaxing)
 .stab          0x00000000000052c8       0x9c /usr/lib/gcc/avr/4.9.2/../../../../avr/lib/avr5/libc.a(strcat.o)
                                         0xa8 (size before relaxing)
 .stab          0x0000000000005364       0x6c /usr/lib/gcc/avr/4.9.2/../../../../avr/lib/avr5/libc.a(strcpy.o)
                                         0x78 (size before relaxing)

.stabstr        0x0000000000000000     0x226f
 *(.stabstr)
 .stabstr       0x0000000000000000     0x226f /usr/lib/gcc/avr/4.9.2/../../../../avr/lib/avr5/crtm328p.o

.stab.excl
 *(.stab.excl)

.stab.exclstr
 *(.stab.exclstr)

.stab.index
 *(.stab.index)

.stab.indexstr
 *(.stab.indexstr)

.comment        0x0000000000000000       0x42
 *(.comment)
 .comment       0x0000000000000000       0x21 ./NRF24L01/nrf24.o
                                         0x22 (size before relaxing)
 .comment       0x0000000000000000       0x22 ./NRF24L01/radioPinFunctions.o
 .comment       0x0000000000000000       0x22 ./HD44780/hd44780.o
 .comment       0x0000000000000000       0x22 ./NRF24L01_HardAdapt.o
 .comment       0x0000000000000000       0x22 ./Record.o
 .comment       0x0000000000000000       0x22 ./main.o
 .comment       0x0000000000000021       0x21 /usr/lib/gcc/avr/4.9.2/../../../../avr/lib/avr5/libc.a(malloc.o)
                                         0x22 (size before relaxing)

.note.gnu.build-id
 *(.note.gnu.build-id)

.debug
 *(.debug)

.line
 *(.line)

.debug_srcinfo
 *(.debug_srcinfo)

.debug_sfnames
 *(.debug_sfnames)

.debug_aranges
 *(.debug_aranges)

.debug_pubnames
 *(.debug_pubnames)

.debug_info
 *(.debug_info .gnu.linkonce.wi.*)

.debug_abbrev
 *(.debug_abbrev)

.debug_line
 *(.debug_line .debug_line.* .debug_line_end)

.debug_frame
 *(.debug_frame)

.debug_str
 *(.debug_str)

.debug_loc
 *(.debug_loc)

.debug_macinfo
 *(.debug_macinfo)

.debug_weaknames
 *(.debug_weaknames)

.debug_funcnames
 *(.debug_funcnames)

.debug_typenames
 *(.debug_typenames)

.debug_varnames
 *(.debug_varnames)

.debug_pubtypes
 *(.debug_pubtypes)

.debug_ranges
 *(.debug_ranges)

.debug_macro
 *(.debug_macro)
OUTPUT(NRF24-RX.elf elf32-avr)
LOAD linker stubs
