Archive member included because of file (symbol)

/usr/lib/gcc/avr/4.9.1/avr5/libgcc.a(_exit.o)
                              /usr/lib/gcc/avr/4.9.1/../../../../avr/lib/avr5/crtm328p.o (exit)
/usr/lib/gcc/avr/4.9.1/avr5/libgcc.a(_copy_data.o)
                              ./ADC.o (__do_copy_data)
/usr/lib/gcc/avr/4.9.1/avr5/libgcc.a(_clear_bss.o)
                              ./main.o (__do_clear_bss)
/usr/lib/gcc/avr/4.9.1/../../../../avr/lib/avr5/libm.a(addsf3.o)
                              ./ADC.o (__subsf3)
/usr/lib/gcc/avr/4.9.1/../../../../avr/lib/avr5/libm.a(addsf3x.o)
                              /usr/lib/gcc/avr/4.9.1/../../../../avr/lib/avr5/libm.a(addsf3.o) (__addsf3x)
/usr/lib/gcc/avr/4.9.1/../../../../avr/lib/avr5/libm.a(cmpsf2.o)
                              ./main.o (__ltsf2)
/usr/lib/gcc/avr/4.9.1/../../../../avr/lib/avr5/libm.a(divsf3.o)
                              ./ADC.o (__divsf3)
/usr/lib/gcc/avr/4.9.1/../../../../avr/lib/avr5/libm.a(divsf3x.o)
                              /usr/lib/gcc/avr/4.9.1/../../../../avr/lib/avr5/libm.a(divsf3.o) (__divsf3x)
/usr/lib/gcc/avr/4.9.1/../../../../avr/lib/avr5/libm.a(fixsfsi.o)
                              ./ADC.o (__fixsfsi)
/usr/lib/gcc/avr/4.9.1/../../../../avr/lib/avr5/libm.a(fixunssfsi.o)
                              ./main.o (__fixunssfsi)
/usr/lib/gcc/avr/4.9.1/../../../../avr/lib/avr5/libm.a(floatsisf.o)
                              ./ADC.o (__floatunsisf)
/usr/lib/gcc/avr/4.9.1/../../../../avr/lib/avr5/libm.a(fp_cmp.o)
                              /usr/lib/gcc/avr/4.9.1/../../../../avr/lib/avr5/libm.a(cmpsf2.o) (__fp_cmp)
/usr/lib/gcc/avr/4.9.1/../../../../avr/lib/avr5/libm.a(fp_inf.o)
                              /usr/lib/gcc/avr/4.9.1/../../../../avr/lib/avr5/libm.a(addsf3x.o) (__fp_inf)
/usr/lib/gcc/avr/4.9.1/../../../../avr/lib/avr5/libm.a(fp_nan.o)
                              /usr/lib/gcc/avr/4.9.1/../../../../avr/lib/avr5/libm.a(addsf3x.o) (__fp_nan)
/usr/lib/gcc/avr/4.9.1/../../../../avr/lib/avr5/libm.a(fp_pscA.o)
                              /usr/lib/gcc/avr/4.9.1/../../../../avr/lib/avr5/libm.a(addsf3x.o) (__fp_pscA)
/usr/lib/gcc/avr/4.9.1/../../../../avr/lib/avr5/libm.a(fp_pscB.o)
                              /usr/lib/gcc/avr/4.9.1/../../../../avr/lib/avr5/libm.a(addsf3x.o) (__fp_pscB)
/usr/lib/gcc/avr/4.9.1/../../../../avr/lib/avr5/libm.a(fp_round.o)
                              /usr/lib/gcc/avr/4.9.1/../../../../avr/lib/avr5/libm.a(addsf3.o) (__fp_round)
/usr/lib/gcc/avr/4.9.1/../../../../avr/lib/avr5/libm.a(fp_split3.o)
                              /usr/lib/gcc/avr/4.9.1/../../../../avr/lib/avr5/libm.a(addsf3x.o) (__fp_split3)
/usr/lib/gcc/avr/4.9.1/../../../../avr/lib/avr5/libm.a(fp_zero.o)
                              /usr/lib/gcc/avr/4.9.1/../../../../avr/lib/avr5/libm.a(addsf3x.o) (__fp_zero)
/usr/lib/gcc/avr/4.9.1/../../../../avr/lib/avr5/libm.a(gesf2.o)
                              ./main.o (__gtsf2)
/usr/lib/gcc/avr/4.9.1/../../../../avr/lib/avr5/libm.a(mulsf3.o)
                              ./ADC.o (__mulsf3)
/usr/lib/gcc/avr/4.9.1/../../../../avr/lib/avr5/libm.a(mulsf3x.o)
                              /usr/lib/gcc/avr/4.9.1/../../../../avr/lib/avr5/libm.a(mulsf3.o) (__mulsf3x)
/usr/lib/gcc/avr/4.9.1/../../../../avr/lib/avr5/libc.a(sprintf.o)
                              ./ADC.o (sprintf)
/usr/lib/gcc/avr/4.9.1/../../../../avr/lib/avr5/libc.a(vfprintf_std.o)
                              /usr/lib/gcc/avr/4.9.1/../../../../avr/lib/avr5/libc.a(sprintf.o) (vfprintf)
/usr/lib/gcc/avr/4.9.1/../../../../avr/lib/avr5/libc.a(strnlen_P.o)
                              /usr/lib/gcc/avr/4.9.1/../../../../avr/lib/avr5/libc.a(vfprintf_std.o) (strnlen_P)
/usr/lib/gcc/avr/4.9.1/../../../../avr/lib/avr5/libc.a(strnlen.o)
                              /usr/lib/gcc/avr/4.9.1/../../../../avr/lib/avr5/libc.a(vfprintf_std.o) (strnlen)
/usr/lib/gcc/avr/4.9.1/../../../../avr/lib/avr5/libc.a(fputc.o)
                              /usr/lib/gcc/avr/4.9.1/../../../../avr/lib/avr5/libc.a(vfprintf_std.o) (fputc)
/usr/lib/gcc/avr/4.9.1/../../../../avr/lib/avr5/libc.a(ultoa_invert.o)
                              /usr/lib/gcc/avr/4.9.1/../../../../avr/lib/avr5/libc.a(vfprintf_std.o) (__ultoa_invert)
/usr/lib/gcc/avr/4.9.1/avr5/libgcc.a(_prologue.o)
                              /usr/lib/gcc/avr/4.9.1/../../../../avr/lib/avr5/libc.a(sprintf.o) (__prologue_saves__)
/usr/lib/gcc/avr/4.9.1/avr5/libgcc.a(_epilogue.o)
                              /usr/lib/gcc/avr/4.9.1/../../../../avr/lib/avr5/libc.a(sprintf.o) (__epilogue_restores__)

Allocating common symbols
Common symbol       size              file

Temperature         0x4               ./main.o
payload_len         0x1               ./nrf24.o
buffer              0x8               ./main.o

Memory Configuration

Name             Origin             Length             Attributes
text             0x0000000000000000 0x0000000000020000 xr
data             0x0000000000800060 0x000000000000ffa0 rw !x
eeprom           0x0000000000810000 0x0000000000010000 rw !x
fuse             0x0000000000820000 0x0000000000000400 rw !x
lock             0x0000000000830000 0x0000000000000400 rw !x
signature        0x0000000000840000 0x0000000000000400 rw !x
*default*        0x0000000000000000 0xffffffffffffffff

Linker script and memory map

Address of section .data set to 0x800100
LOAD /usr/lib/gcc/avr/4.9.1/../../../../avr/lib/avr5/crtm328p.o
LOAD ./ADC.o
LOAD ./hd44780.o
LOAD ./main.o
LOAD ./nrf24.o
LOAD ./radioPinFunctions.o
START GROUP
LOAD /usr/lib/gcc/avr/4.9.1/avr5/libgcc.a
LOAD /usr/lib/gcc/avr/4.9.1/../../../../avr/lib/avr5/libm.a
LOAD /usr/lib/gcc/avr/4.9.1/../../../../avr/lib/avr5/libc.a
END GROUP

.hash
 *(.hash)

.dynsym
 *(.dynsym)

.dynstr
 *(.dynstr)

.gnu.version
 *(.gnu.version)

.gnu.version_d
 *(.gnu.version_d)

.gnu.version_r
 *(.gnu.version_r)

.rel.init
 *(.rel.init)

.rela.init
 *(.rela.init)

.rel.text
 *(.rel.text)
 *(.rel.text.*)
 *(.rel.gnu.linkonce.t*)

.rela.text
 *(.rela.text)
 *(.rela.text.*)
 *(.rela.gnu.linkonce.t*)

.rel.fini
 *(.rel.fini)

.rela.fini
 *(.rela.fini)

.rel.rodata
 *(.rel.rodata)
 *(.rel.rodata.*)
 *(.rel.gnu.linkonce.r*)

.rela.rodata
 *(.rela.rodata)
 *(.rela.rodata.*)
 *(.rela.gnu.linkonce.r*)

.rel.data
 *(.rel.data)
 *(.rel.data.*)
 *(.rel.gnu.linkonce.d*)

.rela.data
 *(.rela.data)
 *(.rela.data.*)
 *(.rela.gnu.linkonce.d*)

.rel.ctors
 *(.rel.ctors)

.rela.ctors
 *(.rela.ctors)

.rel.dtors
 *(.rel.dtors)

.rela.dtors
 *(.rela.dtors)

.rel.got
 *(.rel.got)

.rela.got
 *(.rela.got)

.rel.bss
 *(.rel.bss)

.rela.bss
 *(.rela.bss)

.rel.plt
 *(.rel.plt)

.rela.plt
 *(.rela.plt)

.text           0x0000000000000000     0x1f3c
 *(.vectors)
 .vectors       0x0000000000000000       0x68 /usr/lib/gcc/avr/4.9.1/../../../../avr/lib/avr5/crtm328p.o
                0x0000000000000000                __vectors
                0x0000000000000000                __vector_default
 *(.vectors)
 *(.progmem.gcc*)
                0x0000000000000068                . = ALIGN (0x2)
                0x0000000000000068                __trampolines_start = .
 *(.trampolines)
 .trampolines   0x0000000000000068        0x0 linker stubs
 *(.trampolines*)
                0x0000000000000068                __trampolines_end = .
 *(.progmem*)
                0x0000000000000068                . = ALIGN (0x2)
 *(.jumptables)
 *(.jumptables*)
 *(.lowtext)
 *(.lowtext*)
                0x0000000000000068                __ctors_start = .
 *(.ctors)
                0x0000000000000068                __ctors_end = .
                0x0000000000000068                __dtors_start = .
 *(.dtors)
                0x0000000000000068                __dtors_end = .
 SORT(*)(.ctors)
 SORT(*)(.dtors)
 *(.init0)
 .init0         0x0000000000000068        0x0 /usr/lib/gcc/avr/4.9.1/../../../../avr/lib/avr5/crtm328p.o
                0x0000000000000068                __init
 *(.init0)
 *(.init1)
 *(.init1)
 *(.init2)
 .init2         0x0000000000000068        0xc /usr/lib/gcc/avr/4.9.1/../../../../avr/lib/avr5/crtm328p.o
 *(.init2)
 *(.init3)
 *(.init3)
 *(.init4)
 .init4         0x0000000000000074       0x16 /usr/lib/gcc/avr/4.9.1/avr5/libgcc.a(_copy_data.o)
                0x0000000000000074                __do_copy_data
 .init4         0x000000000000008a       0x10 /usr/lib/gcc/avr/4.9.1/avr5/libgcc.a(_clear_bss.o)
                0x000000000000008a                __do_clear_bss
 *(.init4)
 *(.init5)
 *(.init5)
 *(.init6)
 *(.init6)
 *(.init7)
 *(.init7)
 *(.init8)
 *(.init8)
 *(.init9)
 .init9         0x000000000000009a        0x8 /usr/lib/gcc/avr/4.9.1/../../../../avr/lib/avr5/crtm328p.o
 *(.init9)
 *(.text)
 .text          0x00000000000000a2        0x4 /usr/lib/gcc/avr/4.9.1/../../../../avr/lib/avr5/crtm328p.o
                0x00000000000000a2                __vector_22
                0x00000000000000a2                __vector_1
                0x00000000000000a2                __vector_24
                0x00000000000000a2                __vector_12
                0x00000000000000a2                __bad_interrupt
                0x00000000000000a2                __vector_6
                0x00000000000000a2                __vector_3
                0x00000000000000a2                __vector_23
                0x00000000000000a2                __vector_25
                0x00000000000000a2                __vector_11
                0x00000000000000a2                __vector_13
                0x00000000000000a2                __vector_17
                0x00000000000000a2                __vector_19
                0x00000000000000a2                __vector_7
                0x00000000000000a2                __vector_5
                0x00000000000000a2                __vector_4
                0x00000000000000a2                __vector_9
                0x00000000000000a2                __vector_2
                0x00000000000000a2                __vector_21
                0x00000000000000a2                __vector_15
                0x00000000000000a2                __vector_8
                0x00000000000000a2                __vector_14
                0x00000000000000a2                __vector_10
                0x00000000000000a2                __vector_16
                0x00000000000000a2                __vector_18
                0x00000000000000a2                __vector_20
 .text          0x00000000000000a6        0x0 ./ADC.o
 .text          0x00000000000000a6        0x0 ./hd44780.o
 .text          0x00000000000000a6        0x0 ./main.o
 .text          0x00000000000000a6        0x0 ./nrf24.o
 .text          0x00000000000000a6        0x0 ./radioPinFunctions.o
 .text          0x00000000000000a6        0x0 /usr/lib/gcc/avr/4.9.1/avr5/libgcc.a(_exit.o)
 .text          0x00000000000000a6        0x0 /usr/lib/gcc/avr/4.9.1/avr5/libgcc.a(_copy_data.o)
 .text          0x00000000000000a6        0x0 /usr/lib/gcc/avr/4.9.1/avr5/libgcc.a(_clear_bss.o)
 .text          0x00000000000000a6        0x0 /usr/lib/gcc/avr/4.9.1/../../../../avr/lib/avr5/libm.a(addsf3.o)
 .text          0x00000000000000a6        0x0 /usr/lib/gcc/avr/4.9.1/../../../../avr/lib/avr5/libm.a(addsf3x.o)
 .text          0x00000000000000a6        0x0 /usr/lib/gcc/avr/4.9.1/../../../../avr/lib/avr5/libm.a(cmpsf2.o)
 .text          0x00000000000000a6        0x0 /usr/lib/gcc/avr/4.9.1/../../../../avr/lib/avr5/libm.a(divsf3.o)
 .text          0x00000000000000a6        0x0 /usr/lib/gcc/avr/4.9.1/../../../../avr/lib/avr5/libm.a(divsf3x.o)
 .text          0x00000000000000a6        0x0 /usr/lib/gcc/avr/4.9.1/../../../../avr/lib/avr5/libm.a(fixsfsi.o)
 .text          0x00000000000000a6        0x0 /usr/lib/gcc/avr/4.9.1/../../../../avr/lib/avr5/libm.a(fixunssfsi.o)
 .text          0x00000000000000a6        0x0 /usr/lib/gcc/avr/4.9.1/../../../../avr/lib/avr5/libm.a(floatsisf.o)
 .text          0x00000000000000a6        0x0 /usr/lib/gcc/avr/4.9.1/../../../../avr/lib/avr5/libm.a(fp_cmp.o)
 .text          0x00000000000000a6        0x0 /usr/lib/gcc/avr/4.9.1/../../../../avr/lib/avr5/libm.a(fp_inf.o)
 .text          0x00000000000000a6        0x0 /usr/lib/gcc/avr/4.9.1/../../../../avr/lib/avr5/libm.a(fp_nan.o)
 .text          0x00000000000000a6        0x0 /usr/lib/gcc/avr/4.9.1/../../../../avr/lib/avr5/libm.a(fp_pscA.o)
 .text          0x00000000000000a6        0x0 /usr/lib/gcc/avr/4.9.1/../../../../avr/lib/avr5/libm.a(fp_pscB.o)
 .text          0x00000000000000a6        0x0 /usr/lib/gcc/avr/4.9.1/../../../../avr/lib/avr5/libm.a(fp_round.o)
 .text          0x00000000000000a6        0x0 /usr/lib/gcc/avr/4.9.1/../../../../avr/lib/avr5/libm.a(fp_split3.o)
 .text          0x00000000000000a6        0x0 /usr/lib/gcc/avr/4.9.1/../../../../avr/lib/avr5/libm.a(fp_zero.o)
 .text          0x00000000000000a6        0x0 /usr/lib/gcc/avr/4.9.1/../../../../avr/lib/avr5/libm.a(gesf2.o)
 .text          0x00000000000000a6        0x0 /usr/lib/gcc/avr/4.9.1/../../../../avr/lib/avr5/libm.a(mulsf3.o)
 .text          0x00000000000000a6        0x0 /usr/lib/gcc/avr/4.9.1/../../../../avr/lib/avr5/libm.a(mulsf3x.o)
 .text          0x00000000000000a6        0x0 /usr/lib/gcc/avr/4.9.1/../../../../avr/lib/avr5/libc.a(sprintf.o)
 .text          0x00000000000000a6        0x0 /usr/lib/gcc/avr/4.9.1/../../../../avr/lib/avr5/libc.a(vfprintf_std.o)
 .text          0x00000000000000a6        0x0 /usr/lib/gcc/avr/4.9.1/../../../../avr/lib/avr5/libc.a(strnlen_P.o)
 .text          0x00000000000000a6        0x0 /usr/lib/gcc/avr/4.9.1/../../../../avr/lib/avr5/libc.a(strnlen.o)
 .text          0x00000000000000a6        0x0 /usr/lib/gcc/avr/4.9.1/../../../../avr/lib/avr5/libc.a(fputc.o)
 .text          0x00000000000000a6        0x0 /usr/lib/gcc/avr/4.9.1/../../../../avr/lib/avr5/libc.a(ultoa_invert.o)
 .text          0x00000000000000a6        0x0 /usr/lib/gcc/avr/4.9.1/avr5/libgcc.a(_prologue.o)
 .text          0x00000000000000a6        0x0 /usr/lib/gcc/avr/4.9.1/avr5/libgcc.a(_epilogue.o)
                0x00000000000000a6                . = ALIGN (0x2)
 *(.text.*)
 .text.InitADC  0x00000000000000a6       0x68 ./ADC.o
                0x00000000000000a6                InitADC
 .text.ReadADC  0x000000000000010e       0x84 ./ADC.o
                0x000000000000010e                ReadADC
 .text.getTemperature
                0x0000000000000192       0x7a ./ADC.o
                0x0000000000000192                getTemperature
 .text.double_to_string
                0x000000000000020c       0xe6 ./ADC.o
                0x000000000000020c                double_to_string
 .text.lcd_e_port_low
                0x00000000000002f2       0x20 ./hd44780.o
 .text.lcd_e_port_high
                0x0000000000000312       0x20 ./hd44780.o
 .text.lcd_e_ddr_high
                0x0000000000000332       0x20 ./hd44780.o
 .text.lcd_read
                0x0000000000000352      0x234 ./hd44780.o
 .text.lcd_getc
                0x0000000000000586       0x14 ./hd44780.o
                0x0000000000000586                lcd_getc
 .text.lcd_write
                0x000000000000059a      0x26a ./hd44780.o
 .text.lcd_command
                0x0000000000000804       0x1c ./hd44780.o
                0x0000000000000804                lcd_command
 .text.lcd_goto
                0x0000000000000820       0x1c ./hd44780.o
                0x0000000000000820                lcd_goto
 .text.lcd_clrscr
                0x000000000000083c       0x14 ./hd44780.o
                0x000000000000083c                lcd_clrscr
 .text.lcd_home
                0x0000000000000850       0x14 ./hd44780.o
                0x0000000000000850                lcd_home
 .text.lcd_putc
                0x0000000000000864       0x1c ./hd44780.o
                0x0000000000000864                lcd_putc
 .text.lcd_puts
                0x0000000000000880       0x3a ./hd44780.o
                0x0000000000000880                lcd_puts
 .text.lcd_puts_P
                0x00000000000008ba       0x52 ./hd44780.o
                0x00000000000008ba                lcd_puts_P
 .text.lcd_init
                0x000000000000090c      0x20a ./hd44780.o
                0x000000000000090c                lcd_init
 .text.main     0x0000000000000b16      0x34c ./main.o
                0x0000000000000b16                main
 .text.nrf24_init
                0x0000000000000e62       0x1e ./nrf24.o
                0x0000000000000e62                nrf24_init
 .text.nrf24_config
                0x0000000000000e80       0x8e ./nrf24.o
                0x0000000000000e80                nrf24_config
 .text.nrf24_rx_address
                0x0000000000000f0e       0x32 ./nrf24.o
                0x0000000000000f0e                nrf24_rx_address
 .text.nrf24_payload_length
                0x0000000000000f40       0x12 ./nrf24.o
                0x0000000000000f40                nrf24_payload_length
 .text.nrf24_tx_address
                0x0000000000000f52       0x34 ./nrf24.o
                0x0000000000000f52                nrf24_tx_address
 .text.nrf24_dataReady
                0x0000000000000f86       0x38 ./nrf24.o
                0x0000000000000f86                nrf24_dataReady
 .text.nrf24_rxFifoEmpty
                0x0000000000000fbe       0x24 ./nrf24.o
                0x0000000000000fbe                nrf24_rxFifoEmpty
 .text.nrf24_payloadLength
                0x0000000000000fe2       0x2e ./nrf24.o
                0x0000000000000fe2                nrf24_payloadLength
 .text.nrf24_getData
                0x0000000000001010       0x44 ./nrf24.o
                0x0000000000001010                nrf24_getData
 .text.nrf24_retransmissionCount
                0x0000000000001054       0x28 ./nrf24.o
                0x0000000000001054                nrf24_retransmissionCount
 .text.nrf24_send
                0x000000000000107c       0x5a ./nrf24.o
                0x000000000000107c                nrf24_send
 .text.nrf24_isSending
                0x00000000000010d6       0x2c ./nrf24.o
                0x00000000000010d6                nrf24_isSending
 .text.nrf24_getStatus
                0x0000000000001102       0x28 ./nrf24.o
                0x0000000000001102                nrf24_getStatus
 .text.nrf24_lastMessageStatus
                0x000000000000112a       0x3e ./nrf24.o
                0x000000000000112a                nrf24_lastMessageStatus
 .text.nrf24_powerUpRx
                0x0000000000001168       0x3c ./nrf24.o
                0x0000000000001168                nrf24_powerUpRx
 .text.nrf24_powerUpTx
                0x00000000000011a4       0x1e ./nrf24.o
                0x00000000000011a4                nrf24_powerUpTx
 .text.nrf24_powerDown
                0x00000000000011c2       0x1c ./nrf24.o
                0x00000000000011c2                nrf24_powerDown
 .text.spi_transfer
                0x00000000000011de       0x90 ./nrf24.o
                0x00000000000011de                spi_transfer
 .text.nrf24_transferSync
                0x000000000000126e       0x6e ./nrf24.o
                0x000000000000126e                nrf24_transferSync
 .text.nrf24_transmitSync
                0x00000000000012dc       0x48 ./nrf24.o
                0x00000000000012dc                nrf24_transmitSync
 .text.nrf24_configRegister
                0x0000000000001324       0x34 ./nrf24.o
                0x0000000000001324                nrf24_configRegister
 .text.nrf24_readRegister
                0x0000000000001358       0x46 ./nrf24.o
                0x0000000000001358                nrf24_readRegister
 .text.nrf24_writeRegister
                0x000000000000139e       0x42 ./nrf24.o
                0x000000000000139e                nrf24_writeRegister
 .text.nrf24_setupPins
                0x00000000000013e0       0x68 ./radioPinFunctions.o
                0x00000000000013e0                nrf24_setupPins
 .text.nrf24_ce_digitalWrite
                0x0000000000001448       0x40 ./radioPinFunctions.o
                0x0000000000001448                nrf24_ce_digitalWrite
 .text.nrf24_csn_digitalWrite
                0x0000000000001488       0x40 ./radioPinFunctions.o
                0x0000000000001488                nrf24_csn_digitalWrite
 .text.nrf24_sck_digitalWrite
                0x00000000000014c8       0x40 ./radioPinFunctions.o
                0x00000000000014c8                nrf24_sck_digitalWrite
 .text.nrf24_mosi_digitalWrite
                0x0000000000001508       0x40 ./radioPinFunctions.o
                0x0000000000001508                nrf24_mosi_digitalWrite
 .text.nrf24_miso_digitalRead
                0x0000000000001548       0x18 ./radioPinFunctions.o
                0x0000000000001548                nrf24_miso_digitalRead
 .text.libgcc.mul
                0x0000000000001560        0x0 /usr/lib/gcc/avr/4.9.1/avr5/libgcc.a(_exit.o)
 .text.libgcc.div
                0x0000000000001560        0x0 /usr/lib/gcc/avr/4.9.1/avr5/libgcc.a(_exit.o)
 .text.libgcc   0x0000000000001560        0x0 /usr/lib/gcc/avr/4.9.1/avr5/libgcc.a(_exit.o)
 .text.libgcc.prologue
                0x0000000000001560        0x0 /usr/lib/gcc/avr/4.9.1/avr5/libgcc.a(_exit.o)
 .text.libgcc.builtins
                0x0000000000001560        0x0 /usr/lib/gcc/avr/4.9.1/avr5/libgcc.a(_exit.o)
 .text.libgcc.fmul
                0x0000000000001560        0x0 /usr/lib/gcc/avr/4.9.1/avr5/libgcc.a(_exit.o)
 .text.libgcc.fixed
                0x0000000000001560        0x0 /usr/lib/gcc/avr/4.9.1/avr5/libgcc.a(_exit.o)
 .text.libgcc.mul
                0x0000000000001560        0x0 /usr/lib/gcc/avr/4.9.1/avr5/libgcc.a(_copy_data.o)
 .text.libgcc.div
                0x0000000000001560        0x0 /usr/lib/gcc/avr/4.9.1/avr5/libgcc.a(_copy_data.o)
 .text.libgcc   0x0000000000001560        0x0 /usr/lib/gcc/avr/4.9.1/avr5/libgcc.a(_copy_data.o)
 .text.libgcc.prologue
                0x0000000000001560        0x0 /usr/lib/gcc/avr/4.9.1/avr5/libgcc.a(_copy_data.o)
 .text.libgcc.builtins
                0x0000000000001560        0x0 /usr/lib/gcc/avr/4.9.1/avr5/libgcc.a(_copy_data.o)
 .text.libgcc.fmul
                0x0000000000001560        0x0 /usr/lib/gcc/avr/4.9.1/avr5/libgcc.a(_copy_data.o)
 .text.libgcc.fixed
                0x0000000000001560        0x0 /usr/lib/gcc/avr/4.9.1/avr5/libgcc.a(_copy_data.o)
 .text.libgcc.mul
                0x0000000000001560        0x0 /usr/lib/gcc/avr/4.9.1/avr5/libgcc.a(_clear_bss.o)
 .text.libgcc.div
                0x0000000000001560        0x0 /usr/lib/gcc/avr/4.9.1/avr5/libgcc.a(_clear_bss.o)
 .text.libgcc   0x0000000000001560        0x0 /usr/lib/gcc/avr/4.9.1/avr5/libgcc.a(_clear_bss.o)
 .text.libgcc.prologue
                0x0000000000001560        0x0 /usr/lib/gcc/avr/4.9.1/avr5/libgcc.a(_clear_bss.o)
 .text.libgcc.builtins
                0x0000000000001560        0x0 /usr/lib/gcc/avr/4.9.1/avr5/libgcc.a(_clear_bss.o)
 .text.libgcc.fmul
                0x0000000000001560        0x0 /usr/lib/gcc/avr/4.9.1/avr5/libgcc.a(_clear_bss.o)
 .text.libgcc.fixed
                0x0000000000001560        0x0 /usr/lib/gcc/avr/4.9.1/avr5/libgcc.a(_clear_bss.o)
 .text.avr-libc.fplib
                0x0000000000001560        0xa /usr/lib/gcc/avr/4.9.1/../../../../avr/lib/avr5/libm.a(addsf3.o)
                0x0000000000001560                __subsf3
                0x0000000000001562                __addsf3
 .text.avr-libc.fplib
                0x000000000000156a       0xc0 /usr/lib/gcc/avr/4.9.1/../../../../avr/lib/avr5/libm.a(addsf3x.o)
                0x0000000000001584                __addsf3x
 .text.avr-libc.fplib
                0x000000000000162a        0x8 /usr/lib/gcc/avr/4.9.1/../../../../avr/lib/avr5/libm.a(cmpsf2.o)
                0x000000000000162a                __lesf2
                0x000000000000162a                __nesf2
                0x000000000000162a                __eqsf2
                0x000000000000162a                __cmpsf2
                0x000000000000162a                __ltsf2
 .text.avr-libc.fplib
                0x0000000000001632        0x4 /usr/lib/gcc/avr/4.9.1/../../../../avr/lib/avr5/libm.a(divsf3.o)
                0x0000000000001632                __divsf3
 .text.avr-libc.fplib
                0x0000000000001636       0xcc /usr/lib/gcc/avr/4.9.1/../../../../avr/lib/avr5/libm.a(divsf3x.o)
                0x000000000000164c                __divsf3x
                0x0000000000001650                __divsf3_pse
 .text.avr-libc.fplib
                0x0000000000001702        0xa /usr/lib/gcc/avr/4.9.1/../../../../avr/lib/avr5/libm.a(fixsfsi.o)
                0x0000000000001702                __fixsfsi
 .text.avr-libc.fplib
                0x000000000000170c       0x58 /usr/lib/gcc/avr/4.9.1/../../../../avr/lib/avr5/libm.a(fixunssfsi.o)
                0x000000000000170c                __fixunssfsi
 .text.avr-libc.fplib
                0x0000000000001764       0x7a /usr/lib/gcc/avr/4.9.1/../../../../avr/lib/avr5/libm.a(floatsisf.o)
                0x0000000000001764                __floatunsisf
                0x0000000000001768                __floatsisf
 .text.avr-libc.fplib
                0x00000000000017de       0x48 /usr/lib/gcc/avr/4.9.1/../../../../avr/lib/avr5/libm.a(fp_cmp.o)
                0x00000000000017de                __fp_cmp
 .text.avr-libc.fplib
                0x0000000000001826        0xc /usr/lib/gcc/avr/4.9.1/../../../../avr/lib/avr5/libm.a(fp_inf.o)
                0x0000000000001826                __fp_inf
 .text.avr-libc.fplib
                0x0000000000001832        0x6 /usr/lib/gcc/avr/4.9.1/../../../../avr/lib/avr5/libm.a(fp_nan.o)
                0x0000000000001832                __fp_nan
 .text.avr-libc.fplib
                0x0000000000001838        0xe /usr/lib/gcc/avr/4.9.1/../../../../avr/lib/avr5/libm.a(fp_pscA.o)
                0x0000000000001838                __fp_pscA
 .text.avr-libc.fplib
                0x0000000000001846        0xe /usr/lib/gcc/avr/4.9.1/../../../../avr/lib/avr5/libm.a(fp_pscB.o)
                0x0000000000001846                __fp_pscB
 .text.avr-libc.fplib
                0x0000000000001854       0x22 /usr/lib/gcc/avr/4.9.1/../../../../avr/lib/avr5/libm.a(fp_round.o)
                0x0000000000001854                __fp_round
 .text.avr-libc.fplib
                0x0000000000001876       0x44 /usr/lib/gcc/avr/4.9.1/../../../../avr/lib/avr5/libm.a(fp_split3.o)
                0x0000000000001876                __fp_split3
                0x0000000000001886                __fp_splitA
 .text.avr-libc.fplib
                0x00000000000018ba        0xe /usr/lib/gcc/avr/4.9.1/../../../../avr/lib/avr5/libm.a(fp_zero.o)
                0x00000000000018ba                __fp_zero
                0x00000000000018bc                __fp_szero
 .text.avr-libc.fplib
                0x00000000000018c8        0x8 /usr/lib/gcc/avr/4.9.1/../../../../avr/lib/avr5/libm.a(gesf2.o)
                0x00000000000018c8                __gtsf2
                0x00000000000018c8                __gesf2
 .text.avr-libc.fplib
                0x00000000000018d0        0x4 /usr/lib/gcc/avr/4.9.1/../../../../avr/lib/avr5/libm.a(mulsf3.o)
                0x00000000000018d0                __mulsf3
 .text.avr-libc.fplib
                0x00000000000018d4       0xc2 /usr/lib/gcc/avr/4.9.1/../../../../avr/lib/avr5/libm.a(mulsf3x.o)
                0x00000000000018e8                __mulsf3x
                0x00000000000018ec                __mulsf3_pse
 .text.avr-libc
                0x0000000000001996       0x44 /usr/lib/gcc/avr/4.9.1/../../../../avr/lib/avr5/libc.a(sprintf.o)
                0x0000000000001996                sprintf
 .text.avr-libc
                0x00000000000019da      0x3a4 /usr/lib/gcc/avr/4.9.1/../../../../avr/lib/avr5/libc.a(vfprintf_std.o)
                0x00000000000019da                vfprintf
 .text.avr-libc
                0x0000000000001d7e       0x16 /usr/lib/gcc/avr/4.9.1/../../../../avr/lib/avr5/libc.a(strnlen_P.o)
                0x0000000000001d7e                strnlen_P
 .text.avr-libc
                0x0000000000001d94       0x16 /usr/lib/gcc/avr/4.9.1/../../../../avr/lib/avr5/libc.a(strnlen.o)
                0x0000000000001d94                strnlen
 .text.avr-libc
                0x0000000000001daa       0x64 /usr/lib/gcc/avr/4.9.1/../../../../avr/lib/avr5/libc.a(fputc.o)
                0x0000000000001daa                fputc
 .text.avr-libc
                0x0000000000001e0e       0xbc /usr/lib/gcc/avr/4.9.1/../../../../avr/lib/avr5/libc.a(ultoa_invert.o)
                0x0000000000001e0e                __ultoa_invert
 .text.libgcc.mul
                0x0000000000001eca        0x0 /usr/lib/gcc/avr/4.9.1/avr5/libgcc.a(_prologue.o)
 .text.libgcc.div
                0x0000000000001eca        0x0 /usr/lib/gcc/avr/4.9.1/avr5/libgcc.a(_prologue.o)
 .text.libgcc   0x0000000000001eca        0x0 /usr/lib/gcc/avr/4.9.1/avr5/libgcc.a(_prologue.o)
 .text.libgcc.prologue
                0x0000000000001eca       0x38 /usr/lib/gcc/avr/4.9.1/avr5/libgcc.a(_prologue.o)
                0x0000000000001eca                __prologue_saves__
 .text.libgcc.builtins
                0x0000000000001f02        0x0 /usr/lib/gcc/avr/4.9.1/avr5/libgcc.a(_prologue.o)
 .text.libgcc.fmul
                0x0000000000001f02        0x0 /usr/lib/gcc/avr/4.9.1/avr5/libgcc.a(_prologue.o)
 .text.libgcc.fixed
                0x0000000000001f02        0x0 /usr/lib/gcc/avr/4.9.1/avr5/libgcc.a(_prologue.o)
 .text.libgcc.mul
                0x0000000000001f02        0x0 /usr/lib/gcc/avr/4.9.1/avr5/libgcc.a(_epilogue.o)
 .text.libgcc.div
                0x0000000000001f02        0x0 /usr/lib/gcc/avr/4.9.1/avr5/libgcc.a(_epilogue.o)
 .text.libgcc   0x0000000000001f02        0x0 /usr/lib/gcc/avr/4.9.1/avr5/libgcc.a(_epilogue.o)
 .text.libgcc.prologue
                0x0000000000001f02       0x36 /usr/lib/gcc/avr/4.9.1/avr5/libgcc.a(_epilogue.o)
                0x0000000000001f02                __epilogue_restores__
 .text.libgcc.builtins
                0x0000000000001f38        0x0 /usr/lib/gcc/avr/4.9.1/avr5/libgcc.a(_epilogue.o)
 .text.libgcc.fmul
                0x0000000000001f38        0x0 /usr/lib/gcc/avr/4.9.1/avr5/libgcc.a(_epilogue.o)
 .text.libgcc.fixed
                0x0000000000001f38        0x0 /usr/lib/gcc/avr/4.9.1/avr5/libgcc.a(_epilogue.o)
                0x0000000000001f38                . = ALIGN (0x2)
 *(.fini9)
 .fini9         0x0000000000001f38        0x0 /usr/lib/gcc/avr/4.9.1/avr5/libgcc.a(_exit.o)
                0x0000000000001f38                exit
                0x0000000000001f38                _exit
 *(.fini9)
 *(.fini8)
 *(.fini8)
 *(.fini7)
 *(.fini7)
 *(.fini6)
 *(.fini6)
 *(.fini5)
 *(.fini5)
 *(.fini4)
 *(.fini4)
 *(.fini3)
 *(.fini3)
 *(.fini2)
 *(.fini2)
 *(.fini1)
 *(.fini1)
 *(.fini0)
 .fini0         0x0000000000001f38        0x4 /usr/lib/gcc/avr/4.9.1/avr5/libgcc.a(_exit.o)
 *(.fini0)
                0x0000000000001f3c                _etext = .

.data           0x0000000000800100       0x1e load address 0x0000000000001f3c
                0x0000000000800100                PROVIDE (__data_start, .)
 *(.data)
 .data          0x0000000000800100        0x0 /usr/lib/gcc/avr/4.9.1/../../../../avr/lib/avr5/crtm328p.o
 .data          0x0000000000800100        0x0 ./ADC.o
 .data          0x0000000000800100        0x0 ./hd44780.o
 .data          0x0000000000800100        0x0 ./main.o
 .data          0x0000000000800100        0x0 ./nrf24.o
 .data          0x0000000000800100        0x0 ./radioPinFunctions.o
 .data          0x0000000000800100        0x0 /usr/lib/gcc/avr/4.9.1/avr5/libgcc.a(_exit.o)
 .data          0x0000000000800100        0x0 /usr/lib/gcc/avr/4.9.1/avr5/libgcc.a(_copy_data.o)
 .data          0x0000000000800100        0x0 /usr/lib/gcc/avr/4.9.1/avr5/libgcc.a(_clear_bss.o)
 .data          0x0000000000800100        0x0 /usr/lib/gcc/avr/4.9.1/../../../../avr/lib/avr5/libm.a(addsf3.o)
 .data          0x0000000000800100        0x0 /usr/lib/gcc/avr/4.9.1/../../../../avr/lib/avr5/libm.a(addsf3x.o)
 .data          0x0000000000800100        0x0 /usr/lib/gcc/avr/4.9.1/../../../../avr/lib/avr5/libm.a(cmpsf2.o)
 .data          0x0000000000800100        0x0 /usr/lib/gcc/avr/4.9.1/../../../../avr/lib/avr5/libm.a(divsf3.o)
 .data          0x0000000000800100        0x0 /usr/lib/gcc/avr/4.9.1/../../../../avr/lib/avr5/libm.a(divsf3x.o)
 .data          0x0000000000800100        0x0 /usr/lib/gcc/avr/4.9.1/../../../../avr/lib/avr5/libm.a(fixsfsi.o)
 .data          0x0000000000800100        0x0 /usr/lib/gcc/avr/4.9.1/../../../../avr/lib/avr5/libm.a(fixunssfsi.o)
 .data          0x0000000000800100        0x0 /usr/lib/gcc/avr/4.9.1/../../../../avr/lib/avr5/libm.a(floatsisf.o)
 .data          0x0000000000800100        0x0 /usr/lib/gcc/avr/4.9.1/../../../../avr/lib/avr5/libm.a(fp_cmp.o)
 .data          0x0000000000800100        0x0 /usr/lib/gcc/avr/4.9.1/../../../../avr/lib/avr5/libm.a(fp_inf.o)
 .data          0x0000000000800100        0x0 /usr/lib/gcc/avr/4.9.1/../../../../avr/lib/avr5/libm.a(fp_nan.o)
 .data          0x0000000000800100        0x0 /usr/lib/gcc/avr/4.9.1/../../../../avr/lib/avr5/libm.a(fp_pscA.o)
 .data          0x0000000000800100        0x0 /usr/lib/gcc/avr/4.9.1/../../../../avr/lib/avr5/libm.a(fp_pscB.o)
 .data          0x0000000000800100        0x0 /usr/lib/gcc/avr/4.9.1/../../../../avr/lib/avr5/libm.a(fp_round.o)
 .data          0x0000000000800100        0x0 /usr/lib/gcc/avr/4.9.1/../../../../avr/lib/avr5/libm.a(fp_split3.o)
 .data          0x0000000000800100        0x0 /usr/lib/gcc/avr/4.9.1/../../../../avr/lib/avr5/libm.a(fp_zero.o)
 .data          0x0000000000800100        0x0 /usr/lib/gcc/avr/4.9.1/../../../../avr/lib/avr5/libm.a(gesf2.o)
 .data          0x0000000000800100        0x0 /usr/lib/gcc/avr/4.9.1/../../../../avr/lib/avr5/libm.a(mulsf3.o)
 .data          0x0000000000800100        0x0 /usr/lib/gcc/avr/4.9.1/../../../../avr/lib/avr5/libm.a(mulsf3x.o)
 .data          0x0000000000800100        0x0 /usr/lib/gcc/avr/4.9.1/../../../../avr/lib/avr5/libc.a(sprintf.o)
 .data          0x0000000000800100        0x0 /usr/lib/gcc/avr/4.9.1/../../../../avr/lib/avr5/libc.a(vfprintf_std.o)
 .data          0x0000000000800100        0x0 /usr/lib/gcc/avr/4.9.1/../../../../avr/lib/avr5/libc.a(strnlen_P.o)
 .data          0x0000000000800100        0x0 /usr/lib/gcc/avr/4.9.1/../../../../avr/lib/avr5/libc.a(strnlen.o)
 .data          0x0000000000800100        0x0 /usr/lib/gcc/avr/4.9.1/../../../../avr/lib/avr5/libc.a(fputc.o)
 .data          0x0000000000800100        0x0 /usr/lib/gcc/avr/4.9.1/../../../../avr/lib/avr5/libc.a(ultoa_invert.o)
 .data          0x0000000000800100        0x0 /usr/lib/gcc/avr/4.9.1/avr5/libgcc.a(_prologue.o)
 .data          0x0000000000800100        0x0 /usr/lib/gcc/avr/4.9.1/avr5/libgcc.a(_epilogue.o)
 *(.data*)
 .data.tx_address
                0x0000000000800100        0x5 ./main.o
                0x0000000000800100                tx_address
 *(.rodata)
 .rodata        0x0000000000800105        0xd ./ADC.o
 .rodata        0x0000000000800112        0xc ./main.o
 *(.rodata*)
 *(.gnu.linkonce.d*)
                0x000000000080011e                . = ALIGN (0x2)
                0x000000000080011e                _edata = .
                0x000000000080011e                PROVIDE (__data_end, .)

.bss            0x000000000080011e        0xd
                0x000000000080011e                PROVIDE (__bss_start, .)
 *(.bss)
 .bss           0x000000000080011e        0x0 /usr/lib/gcc/avr/4.9.1/../../../../avr/lib/avr5/crtm328p.o
 .bss           0x000000000080011e        0x0 ./ADC.o
 .bss           0x000000000080011e        0x0 ./hd44780.o
 .bss           0x000000000080011e        0x0 ./main.o
 .bss           0x000000000080011e        0x0 ./nrf24.o
 .bss           0x000000000080011e        0x0 ./radioPinFunctions.o
 .bss           0x000000000080011e        0x0 /usr/lib/gcc/avr/4.9.1/avr5/libgcc.a(_exit.o)
 .bss           0x000000000080011e        0x0 /usr/lib/gcc/avr/4.9.1/avr5/libgcc.a(_copy_data.o)
 .bss           0x000000000080011e        0x0 /usr/lib/gcc/avr/4.9.1/avr5/libgcc.a(_clear_bss.o)
 .bss           0x000000000080011e        0x0 /usr/lib/gcc/avr/4.9.1/../../../../avr/lib/avr5/libm.a(addsf3.o)
 .bss           0x000000000080011e        0x0 /usr/lib/gcc/avr/4.9.1/../../../../avr/lib/avr5/libm.a(addsf3x.o)
 .bss           0x000000000080011e        0x0 /usr/lib/gcc/avr/4.9.1/../../../../avr/lib/avr5/libm.a(cmpsf2.o)
 .bss           0x000000000080011e        0x0 /usr/lib/gcc/avr/4.9.1/../../../../avr/lib/avr5/libm.a(divsf3.o)
 .bss           0x000000000080011e        0x0 /usr/lib/gcc/avr/4.9.1/../../../../avr/lib/avr5/libm.a(divsf3x.o)
 .bss           0x000000000080011e        0x0 /usr/lib/gcc/avr/4.9.1/../../../../avr/lib/avr5/libm.a(fixsfsi.o)
 .bss           0x000000000080011e        0x0 /usr/lib/gcc/avr/4.9.1/../../../../avr/lib/avr5/libm.a(fixunssfsi.o)
 .bss           0x000000000080011e        0x0 /usr/lib/gcc/avr/4.9.1/../../../../avr/lib/avr5/libm.a(floatsisf.o)
 .bss           0x000000000080011e        0x0 /usr/lib/gcc/avr/4.9.1/../../../../avr/lib/avr5/libm.a(fp_cmp.o)
 .bss           0x000000000080011e        0x0 /usr/lib/gcc/avr/4.9.1/../../../../avr/lib/avr5/libm.a(fp_inf.o)
 .bss           0x000000000080011e        0x0 /usr/lib/gcc/avr/4.9.1/../../../../avr/lib/avr5/libm.a(fp_nan.o)
 .bss           0x000000000080011e        0x0 /usr/lib/gcc/avr/4.9.1/../../../../avr/lib/avr5/libm.a(fp_pscA.o)
 .bss           0x000000000080011e        0x0 /usr/lib/gcc/avr/4.9.1/../../../../avr/lib/avr5/libm.a(fp_pscB.o)
 .bss           0x000000000080011e        0x0 /usr/lib/gcc/avr/4.9.1/../../../../avr/lib/avr5/libm.a(fp_round.o)
 .bss           0x000000000080011e        0x0 /usr/lib/gcc/avr/4.9.1/../../../../avr/lib/avr5/libm.a(fp_split3.o)
 .bss           0x000000000080011e        0x0 /usr/lib/gcc/avr/4.9.1/../../../../avr/lib/avr5/libm.a(fp_zero.o)
 .bss           0x000000000080011e        0x0 /usr/lib/gcc/avr/4.9.1/../../../../avr/lib/avr5/libm.a(gesf2.o)
 .bss           0x000000000080011e        0x0 /usr/lib/gcc/avr/4.9.1/../../../../avr/lib/avr5/libm.a(mulsf3.o)
 .bss           0x000000000080011e        0x0 /usr/lib/gcc/avr/4.9.1/../../../../avr/lib/avr5/libm.a(mulsf3x.o)
 .bss           0x000000000080011e        0x0 /usr/lib/gcc/avr/4.9.1/../../../../avr/lib/avr5/libc.a(sprintf.o)
 .bss           0x000000000080011e        0x0 /usr/lib/gcc/avr/4.9.1/../../../../avr/lib/avr5/libc.a(vfprintf_std.o)
 .bss           0x000000000080011e        0x0 /usr/lib/gcc/avr/4.9.1/../../../../avr/lib/avr5/libc.a(strnlen_P.o)
 .bss           0x000000000080011e        0x0 /usr/lib/gcc/avr/4.9.1/../../../../avr/lib/avr5/libc.a(strnlen.o)
 .bss           0x000000000080011e        0x0 /usr/lib/gcc/avr/4.9.1/../../../../avr/lib/avr5/libc.a(fputc.o)
 .bss           0x000000000080011e        0x0 /usr/lib/gcc/avr/4.9.1/../../../../avr/lib/avr5/libc.a(ultoa_invert.o)
 .bss           0x000000000080011e        0x0 /usr/lib/gcc/avr/4.9.1/avr5/libgcc.a(_prologue.o)
 .bss           0x000000000080011e        0x0 /usr/lib/gcc/avr/4.9.1/avr5/libgcc.a(_epilogue.o)
 *(.bss*)
 *(COMMON)
 COMMON         0x000000000080011e        0xc ./main.o
                0x000000000080011e                Temperature
                0x0000000000800122                buffer
 COMMON         0x000000000080012a        0x1 ./nrf24.o
                0x000000000080012a                payload_len
                0x000000000080012b                PROVIDE (__bss_end, .)
                0x0000000000001f3c                __data_load_start = LOADADDR (.data)
                0x0000000000001f5a                __data_load_end = (__data_load_start + SIZEOF (.data))

.noinit         0x000000000080012b        0x0
                0x000000000080012b                PROVIDE (__noinit_start, .)
 *(.noinit*)
                0x000000000080012b                PROVIDE (__noinit_end, .)
                0x000000000080012b                _end = .
                0x000000000080012b                PROVIDE (__heap_start, .)

.eeprom         0x0000000000810000        0x0
 *(.eeprom*)
                0x0000000000810000                __eeprom_end = .

.fuse
 *(.fuse)
 *(.lfuse)
 *(.hfuse)
 *(.efuse)

.lock
 *(.lock*)

.signature
 *(.signature*)

.stab           0x0000000000000000     0x6f60
 *(.stab)
 .stab          0x0000000000000000      0x6cc /usr/lib/gcc/avr/4.9.1/../../../../avr/lib/avr5/crtm328p.o
 .stab          0x00000000000006cc      0x69c ./ADC.o
                                        0x6a8 (size before relaxing)
 .stab          0x0000000000000d68      0xd08 ./hd44780.o
                                        0xedc (size before relaxing)
 .stab          0x0000000000001a70      0x648 ./main.o
                                        0x84c (size before relaxing)
 .stab          0x00000000000020b8      0xd80 ./nrf24.o
                                        0xef4 (size before relaxing)
 .stab          0x0000000000002e38      0x480 ./radioPinFunctions.o
                                        0x648 (size before relaxing)
 .stab          0x00000000000032b8       0x6c /usr/lib/gcc/avr/4.9.1/avr5/libgcc.a(_exit.o)
                                         0x78 (size before relaxing)
 .stab          0x0000000000003324       0xd8 /usr/lib/gcc/avr/4.9.1/avr5/libgcc.a(_copy_data.o)
                                         0xe4 (size before relaxing)
 .stab          0x00000000000033fc       0xb4 /usr/lib/gcc/avr/4.9.1/avr5/libgcc.a(_clear_bss.o)
                                         0xc0 (size before relaxing)
 .stab          0x00000000000034b0       0x78 /usr/lib/gcc/avr/4.9.1/../../../../avr/lib/avr5/libm.a(addsf3.o)
                                         0x84 (size before relaxing)
 .stab          0x0000000000003528      0x4bc /usr/lib/gcc/avr/4.9.1/../../../../avr/lib/avr5/libm.a(addsf3x.o)
                                        0x4c8 (size before relaxing)
 .stab          0x00000000000039e4       0x90 /usr/lib/gcc/avr/4.9.1/../../../../avr/lib/avr5/libm.a(cmpsf2.o)
                                         0x9c (size before relaxing)
 .stab          0x0000000000003a74       0x48 /usr/lib/gcc/avr/4.9.1/../../../../avr/lib/avr5/libm.a(divsf3.o)
                                         0x54 (size before relaxing)
 .stab          0x0000000000003abc      0x510 /usr/lib/gcc/avr/4.9.1/../../../../avr/lib/avr5/libm.a(divsf3x.o)
                                        0x51c (size before relaxing)
 .stab          0x0000000000003fcc       0x6c /usr/lib/gcc/avr/4.9.1/../../../../avr/lib/avr5/libm.a(fixsfsi.o)
                                         0x78 (size before relaxing)
 .stab          0x0000000000004038      0x240 /usr/lib/gcc/avr/4.9.1/../../../../avr/lib/avr5/libm.a(fixunssfsi.o)
                                        0x24c (size before relaxing)
 .stab          0x0000000000004278      0x318 /usr/lib/gcc/avr/4.9.1/../../../../avr/lib/avr5/libm.a(floatsisf.o)
                                        0x324 (size before relaxing)
 .stab          0x0000000000004590      0x1e0 /usr/lib/gcc/avr/4.9.1/../../../../avr/lib/avr5/libm.a(fp_cmp.o)
                                        0x1ec (size before relaxing)
 .stab          0x0000000000004770       0x78 /usr/lib/gcc/avr/4.9.1/../../../../avr/lib/avr5/libm.a(fp_inf.o)
                                         0x84 (size before relaxing)
 .stab          0x00000000000047e8       0x54 /usr/lib/gcc/avr/4.9.1/../../../../avr/lib/avr5/libm.a(fp_nan.o)
                                         0x60 (size before relaxing)
 .stab          0x000000000000483c       0x84 /usr/lib/gcc/avr/4.9.1/../../../../avr/lib/avr5/libm.a(fp_pscA.o)
                                         0x90 (size before relaxing)
 .stab          0x00000000000048c0       0x84 /usr/lib/gcc/avr/4.9.1/../../../../avr/lib/avr5/libm.a(fp_pscB.o)
                                         0x90 (size before relaxing)
 .stab          0x0000000000004944       0xfc /usr/lib/gcc/avr/4.9.1/../../../../avr/lib/avr5/libm.a(fp_round.o)
                                        0x108 (size before relaxing)
 .stab          0x0000000000004a40      0x1d4 /usr/lib/gcc/avr/4.9.1/../../../../avr/lib/avr5/libm.a(fp_split3.o)
                                        0x1e0 (size before relaxing)
 .stab          0x0000000000004c14       0x90 /usr/lib/gcc/avr/4.9.1/../../../../avr/lib/avr5/libm.a(fp_zero.o)
                                         0x9c (size before relaxing)
 .stab          0x0000000000004ca4       0x6c /usr/lib/gcc/avr/4.9.1/../../../../avr/lib/avr5/libm.a(gesf2.o)
                                         0x78 (size before relaxing)
 .stab          0x0000000000004d10       0x48 /usr/lib/gcc/avr/4.9.1/../../../../avr/lib/avr5/libm.a(mulsf3.o)
                                         0x54 (size before relaxing)
 .stab          0x0000000000004d58      0x4d4 /usr/lib/gcc/avr/4.9.1/../../../../avr/lib/avr5/libm.a(mulsf3x.o)
                                        0x4e0 (size before relaxing)
 .stab          0x000000000000522c      0x540 /usr/lib/gcc/avr/4.9.1/../../../../avr/lib/avr5/libc.a(sprintf.o)
                                        0x54c (size before relaxing)
 .stab          0x000000000000576c      0xba0 /usr/lib/gcc/avr/4.9.1/../../../../avr/lib/avr5/libc.a(vfprintf_std.o)
                                        0xd80 (size before relaxing)
 .stab          0x000000000000630c       0x9c /usr/lib/gcc/avr/4.9.1/../../../../avr/lib/avr5/libc.a(strnlen_P.o)
                                         0xa8 (size before relaxing)
 .stab          0x00000000000063a8       0x9c /usr/lib/gcc/avr/4.9.1/../../../../avr/lib/avr5/libc.a(strnlen.o)
                                         0xa8 (size before relaxing)
 .stab          0x0000000000006444      0x354 /usr/lib/gcc/avr/4.9.1/../../../../avr/lib/avr5/libc.a(fputc.o)
                                        0x534 (size before relaxing)
 .stab          0x0000000000006798      0x480 /usr/lib/gcc/avr/4.9.1/../../../../avr/lib/avr5/libc.a(ultoa_invert.o)
                                        0x48c (size before relaxing)
 .stab          0x0000000000006c18      0x1a4 /usr/lib/gcc/avr/4.9.1/avr5/libgcc.a(_prologue.o)
                                        0x1b0 (size before relaxing)
 .stab          0x0000000000006dbc      0x1a4 /usr/lib/gcc/avr/4.9.1/avr5/libgcc.a(_epilogue.o)
                                        0x1b0 (size before relaxing)

.stabstr        0x0000000000000000     0x230a
 *(.stabstr)
 .stabstr       0x0000000000000000     0x230a /usr/lib/gcc/avr/4.9.1/../../../../avr/lib/avr5/crtm328p.o

.stab.excl
 *(.stab.excl)

.stab.exclstr
 *(.stab.exclstr)

.stab.index
 *(.stab.index)

.stab.indexstr
 *(.stab.indexstr)

.comment        0x0000000000000000       0x42
 *(.comment)
 .comment       0x0000000000000000       0x21 ./ADC.o
                                         0x22 (size before relaxing)
 .comment       0x0000000000000000       0x22 ./hd44780.o
 .comment       0x0000000000000000       0x22 ./main.o
 .comment       0x0000000000000000       0x22 ./nrf24.o
 .comment       0x0000000000000000       0x22 ./radioPinFunctions.o
 .comment       0x0000000000000021       0x21 /usr/lib/gcc/avr/4.9.1/../../../../avr/lib/avr5/libc.a(sprintf.o)
                                         0x22 (size before relaxing)
 .comment       0x0000000000000000       0x22 /usr/lib/gcc/avr/4.9.1/../../../../avr/lib/avr5/libc.a(vfprintf_std.o)
 .comment       0x0000000000000000       0x22 /usr/lib/gcc/avr/4.9.1/../../../../avr/lib/avr5/libc.a(fputc.o)

.note.gnu.build-id
 *(.note.gnu.build-id)

.debug
 *(.debug)

.line
 *(.line)

.debug_srcinfo
 *(.debug_srcinfo)

.debug_sfnames
 *(.debug_sfnames)

.debug_aranges
 *(.debug_aranges)

.debug_pubnames
 *(.debug_pubnames)

.debug_info
 *(.debug_info .gnu.linkonce.wi.*)

.debug_abbrev
 *(.debug_abbrev)

.debug_line
 *(.debug_line .debug_line.* .debug_line_end)

.debug_frame
 *(.debug_frame)

.debug_str
 *(.debug_str)

.debug_loc
 *(.debug_loc)

.debug_macinfo
 *(.debug_macinfo)

.debug_weaknames
 *(.debug_weaknames)

.debug_funcnames
 *(.debug_funcnames)

.debug_typenames
 *(.debug_typenames)

.debug_varnames
 *(.debug_varnames)

.debug_pubtypes
 *(.debug_pubtypes)

.debug_ranges
 *(.debug_ranges)

.debug_macro
 *(.debug_macro)
OUTPUT(NRF24-TX.elf elf32-avr)
LOAD linker stubs
