Archive member included because of file (symbol)

/usr/lib/gcc/avr/4.9.2/avr5/libgcc.a(_exit.o)
                              /usr/lib/gcc/avr/4.9.2/../../../../avr/lib/avr5/crtm328p.o (exit)
/usr/lib/gcc/avr/4.9.2/avr5/libgcc.a(_copy_data.o)
                              ./TempSensHardAdapt.o (__do_copy_data)
/usr/lib/gcc/avr/4.9.2/avr5/libgcc.a(_clear_bss.o)
                              ./NRF24L01/nrf24.o (__do_clear_bss)
/usr/lib/gcc/avr/4.9.2/../../../../avr/lib/avr5/libm.a(addsf3.o)
                              ./TempSensHardAdapt.o (__subsf3)
/usr/lib/gcc/avr/4.9.2/../../../../avr/lib/avr5/libm.a(addsf3x.o)
                              /usr/lib/gcc/avr/4.9.2/../../../../avr/lib/avr5/libm.a(addsf3.o) (__addsf3x)
/usr/lib/gcc/avr/4.9.2/../../../../avr/lib/avr5/libm.a(cmpsf2.o)
                              ./ds18b20/ds18b20.o (__ltsf2)
/usr/lib/gcc/avr/4.9.2/../../../../avr/lib/avr5/libm.a(divsf3.o)
                              ./ds18b20/ds18b20.o (__divsf3)
/usr/lib/gcc/avr/4.9.2/../../../../avr/lib/avr5/libm.a(divsf3x.o)
                              /usr/lib/gcc/avr/4.9.2/../../../../avr/lib/avr5/libm.a(divsf3.o) (__divsf3x)
/usr/lib/gcc/avr/4.9.2/../../../../avr/lib/avr5/libm.a(fixsfsi.o)
                              ./TempSensHardAdapt.o (__fixsfsi)
/usr/lib/gcc/avr/4.9.2/../../../../avr/lib/avr5/libm.a(fixunssfsi.o)
                              ./ds18b20/ds18b20.o (__fixunssfsi)
/usr/lib/gcc/avr/4.9.2/../../../../avr/lib/avr5/libm.a(floatsisf.o)
                              ./ds18b20/ds18b20.o (__floatsisf)
/usr/lib/gcc/avr/4.9.2/../../../../avr/lib/avr5/libm.a(fp_cmp.o)
                              /usr/lib/gcc/avr/4.9.2/../../../../avr/lib/avr5/libm.a(cmpsf2.o) (__fp_cmp)
/usr/lib/gcc/avr/4.9.2/../../../../avr/lib/avr5/libm.a(fp_inf.o)
                              /usr/lib/gcc/avr/4.9.2/../../../../avr/lib/avr5/libm.a(addsf3x.o) (__fp_inf)
/usr/lib/gcc/avr/4.9.2/../../../../avr/lib/avr5/libm.a(fp_nan.o)
                              /usr/lib/gcc/avr/4.9.2/../../../../avr/lib/avr5/libm.a(addsf3x.o) (__fp_nan)
/usr/lib/gcc/avr/4.9.2/../../../../avr/lib/avr5/libm.a(fp_pscA.o)
                              /usr/lib/gcc/avr/4.9.2/../../../../avr/lib/avr5/libm.a(addsf3x.o) (__fp_pscA)
/usr/lib/gcc/avr/4.9.2/../../../../avr/lib/avr5/libm.a(fp_pscB.o)
                              /usr/lib/gcc/avr/4.9.2/../../../../avr/lib/avr5/libm.a(addsf3x.o) (__fp_pscB)
/usr/lib/gcc/avr/4.9.2/../../../../avr/lib/avr5/libm.a(fp_round.o)
                              /usr/lib/gcc/avr/4.9.2/../../../../avr/lib/avr5/libm.a(addsf3.o) (__fp_round)
/usr/lib/gcc/avr/4.9.2/../../../../avr/lib/avr5/libm.a(fp_split3.o)
                              /usr/lib/gcc/avr/4.9.2/../../../../avr/lib/avr5/libm.a(addsf3x.o) (__fp_split3)
/usr/lib/gcc/avr/4.9.2/../../../../avr/lib/avr5/libm.a(fp_zero.o)
                              /usr/lib/gcc/avr/4.9.2/../../../../avr/lib/avr5/libm.a(addsf3x.o) (__fp_zero)
/usr/lib/gcc/avr/4.9.2/../../../../avr/lib/avr5/libm.a(gesf2.o)
                              ./ds18b20/ds18b20.o (__gtsf2)
/usr/lib/gcc/avr/4.9.2/../../../../avr/lib/avr5/libm.a(mulsf3.o)
                              ./ds18b20/ds18b20.o (__mulsf3)
/usr/lib/gcc/avr/4.9.2/../../../../avr/lib/avr5/libm.a(mulsf3x.o)
                              /usr/lib/gcc/avr/4.9.2/../../../../avr/lib/avr5/libm.a(mulsf3.o) (__mulsf3x)
/usr/lib/gcc/avr/4.9.2/../../../../avr/lib/avr5/libc.a(malloc.o)
                              ./NRF24L01_HardAdapt.o (malloc)
/usr/lib/gcc/avr/4.9.2/../../../../avr/lib/avr5/libc.a(strcat.o)
                              ./NRF24L01_HardAdapt.o (strcat)
/usr/lib/gcc/avr/4.9.2/../../../../avr/lib/avr5/libc.a(strcpy.o)
                              ./NRF24L01_HardAdapt.o (strcpy)
/usr/lib/gcc/avr/4.9.2/../../../../avr/lib/avr5/libc.a(sprintf.o)
                              ./TempSensHardAdapt.o (sprintf)
/usr/lib/gcc/avr/4.9.2/../../../../avr/lib/avr5/libc.a(vfprintf_std.o)
                              /usr/lib/gcc/avr/4.9.2/../../../../avr/lib/avr5/libc.a(sprintf.o) (vfprintf)
/usr/lib/gcc/avr/4.9.2/../../../../avr/lib/avr5/libc.a(strnlen_P.o)
                              /usr/lib/gcc/avr/4.9.2/../../../../avr/lib/avr5/libc.a(vfprintf_std.o) (strnlen_P)
/usr/lib/gcc/avr/4.9.2/../../../../avr/lib/avr5/libc.a(strnlen.o)
                              /usr/lib/gcc/avr/4.9.2/../../../../avr/lib/avr5/libc.a(vfprintf_std.o) (strnlen)
/usr/lib/gcc/avr/4.9.2/../../../../avr/lib/avr5/libc.a(fputc.o)
                              /usr/lib/gcc/avr/4.9.2/../../../../avr/lib/avr5/libc.a(vfprintf_std.o) (fputc)
/usr/lib/gcc/avr/4.9.2/../../../../avr/lib/avr5/libc.a(ultoa_invert.o)
                              /usr/lib/gcc/avr/4.9.2/../../../../avr/lib/avr5/libc.a(vfprintf_std.o) (__ultoa_invert)
/usr/lib/gcc/avr/4.9.2/avr5/libgcc.a(_prologue.o)
                              /usr/lib/gcc/avr/4.9.2/../../../../avr/lib/avr5/libc.a(sprintf.o) (__prologue_saves__)
/usr/lib/gcc/avr/4.9.2/avr5/libgcc.a(_epilogue.o)
                              /usr/lib/gcc/avr/4.9.2/../../../../avr/lib/avr5/libc.a(sprintf.o) (__epilogue_restores__)

Allocating common symbols
Common symbol       size              file

PAYLOAD             0x1               ./NRF24L01/nrf24.o
__brkval            0x2               /usr/lib/gcc/avr/4.9.2/../../../../avr/lib/avr5/libc.a(malloc.o)
payload_len         0x1               ./NRF24L01/nrf24.o
__flp               0x2               /usr/lib/gcc/avr/4.9.2/../../../../avr/lib/avr5/libc.a(malloc.o)
NRF24_CH            0x1               ./NRF24L01/nrf24.o

Memory Configuration

Name             Origin             Length             Attributes
text             0x0000000000000000 0x0000000000020000 xr
data             0x0000000000800060 0x000000000000ffa0 rw !x
eeprom           0x0000000000810000 0x0000000000010000 rw !x
fuse             0x0000000000820000 0x0000000000000400 rw !x
lock             0x0000000000830000 0x0000000000000400 rw !x
signature        0x0000000000840000 0x0000000000000400 rw !x
*default*        0x0000000000000000 0xffffffffffffffff

Linker script and memory map

Address of section .data set to 0x800100
LOAD /usr/lib/gcc/avr/4.9.2/../../../../avr/lib/avr5/crtm328p.o
LOAD ./ds18b20/ds18b20.o
LOAD ./NRF24L01/nrf24.o
LOAD ./NRF24L01/radioPinFunctions.o
LOAD ./NRF24L01_HardAdapt.o
LOAD ./Record.o
LOAD ./TempSensHardAdapt.o
LOAD ./main.o
START GROUP
LOAD /usr/lib/gcc/avr/4.9.2/avr5/libgcc.a
LOAD /usr/lib/gcc/avr/4.9.2/../../../../avr/lib/avr5/libm.a
LOAD /usr/lib/gcc/avr/4.9.2/../../../../avr/lib/avr5/libc.a
END GROUP

.hash
 *(.hash)

.dynsym
 *(.dynsym)

.dynstr
 *(.dynstr)

.gnu.version
 *(.gnu.version)

.gnu.version_d
 *(.gnu.version_d)

.gnu.version_r
 *(.gnu.version_r)

.rel.init
 *(.rel.init)

.rela.init
 *(.rela.init)

.rel.text
 *(.rel.text)
 *(.rel.text.*)
 *(.rel.gnu.linkonce.t*)

.rela.text
 *(.rela.text)
 *(.rela.text.*)
 *(.rela.gnu.linkonce.t*)

.rel.fini
 *(.rel.fini)

.rela.fini
 *(.rela.fini)

.rel.rodata
 *(.rel.rodata)
 *(.rel.rodata.*)
 *(.rel.gnu.linkonce.r*)

.rela.rodata
 *(.rela.rodata)
 *(.rela.rodata.*)
 *(.rela.gnu.linkonce.r*)

.rel.data
 *(.rel.data)
 *(.rel.data.*)
 *(.rel.gnu.linkonce.d*)

.rela.data
 *(.rela.data)
 *(.rela.data.*)
 *(.rela.gnu.linkonce.d*)

.rel.ctors
 *(.rel.ctors)

.rela.ctors
 *(.rela.ctors)

.rel.dtors
 *(.rel.dtors)

.rela.dtors
 *(.rela.dtors)

.rel.got
 *(.rel.got)

.rela.got
 *(.rela.got)

.rel.bss
 *(.rel.bss)

.rela.bss
 *(.rela.bss)

.rel.plt
 *(.rel.plt)

.rela.plt
 *(.rela.plt)

.text           0x0000000000000000     0x2998
 *(.vectors)
 .vectors       0x0000000000000000       0x68 /usr/lib/gcc/avr/4.9.2/../../../../avr/lib/avr5/crtm328p.o
                0x0000000000000000                __vectors
                0x0000000000000000                __vector_default
 *(.vectors)
 *(.progmem.gcc*)
                0x0000000000000068                . = ALIGN (0x2)
                0x0000000000000068                __trampolines_start = .
 *(.trampolines)
 .trampolines   0x0000000000000068        0x0 linker stubs
 *(.trampolines*)
                0x0000000000000068                __trampolines_end = .
 *(.progmem*)
                0x0000000000000068                . = ALIGN (0x2)
 *(.jumptables)
 *(.jumptables*)
 *(.lowtext)
 *(.lowtext*)
                0x0000000000000068                __ctors_start = .
 *(.ctors)
                0x0000000000000068                __ctors_end = .
                0x0000000000000068                __dtors_start = .
 *(.dtors)
                0x0000000000000068                __dtors_end = .
 SORT(*)(.ctors)
 SORT(*)(.dtors)
 *(.init0)
 .init0         0x0000000000000068        0x0 /usr/lib/gcc/avr/4.9.2/../../../../avr/lib/avr5/crtm328p.o
                0x0000000000000068                __init
 *(.init0)
 *(.init1)
 *(.init1)
 *(.init2)
 .init2         0x0000000000000068        0xc /usr/lib/gcc/avr/4.9.2/../../../../avr/lib/avr5/crtm328p.o
 *(.init2)
 *(.init3)
 *(.init3)
 *(.init4)
 .init4         0x0000000000000074       0x16 /usr/lib/gcc/avr/4.9.2/avr5/libgcc.a(_copy_data.o)
                0x0000000000000074                __do_copy_data
 .init4         0x000000000000008a       0x10 /usr/lib/gcc/avr/4.9.2/avr5/libgcc.a(_clear_bss.o)
                0x000000000000008a                __do_clear_bss
 *(.init4)
 *(.init5)
 *(.init5)
 *(.init6)
 *(.init6)
 *(.init7)
 *(.init7)
 *(.init8)
 *(.init8)
 *(.init9)
 .init9         0x000000000000009a        0x8 /usr/lib/gcc/avr/4.9.2/../../../../avr/lib/avr5/crtm328p.o
 *(.init9)
 *(.text)
 .text          0x00000000000000a2        0x4 /usr/lib/gcc/avr/4.9.2/../../../../avr/lib/avr5/crtm328p.o
                0x00000000000000a2                __vector_22
                0x00000000000000a2                __vector_1
                0x00000000000000a2                __vector_24
                0x00000000000000a2                __vector_12
                0x00000000000000a2                __bad_interrupt
                0x00000000000000a2                __vector_6
                0x00000000000000a2                __vector_3
                0x00000000000000a2                __vector_23
                0x00000000000000a2                __vector_25
                0x00000000000000a2                __vector_11
                0x00000000000000a2                __vector_13
                0x00000000000000a2                __vector_17
                0x00000000000000a2                __vector_19
                0x00000000000000a2                __vector_7
                0x00000000000000a2                __vector_5
                0x00000000000000a2                __vector_4
                0x00000000000000a2                __vector_2
                0x00000000000000a2                __vector_21
                0x00000000000000a2                __vector_15
                0x00000000000000a2                __vector_8
                0x00000000000000a2                __vector_14
                0x00000000000000a2                __vector_10
                0x00000000000000a2                __vector_16
                0x00000000000000a2                __vector_18
                0x00000000000000a2                __vector_20
 .text          0x00000000000000a6        0x0 ./ds18b20/ds18b20.o
 .text          0x00000000000000a6        0x0 ./NRF24L01/nrf24.o
 .text          0x00000000000000a6        0x0 ./NRF24L01/radioPinFunctions.o
 .text          0x00000000000000a6        0x0 ./NRF24L01_HardAdapt.o
 .text          0x00000000000000a6        0x0 ./Record.o
 .text          0x00000000000000a6        0x0 ./TempSensHardAdapt.o
 .text          0x00000000000000a6        0x0 ./main.o
 .text          0x00000000000000a6        0x0 /usr/lib/gcc/avr/4.9.2/avr5/libgcc.a(_exit.o)
 .text          0x00000000000000a6        0x0 /usr/lib/gcc/avr/4.9.2/avr5/libgcc.a(_copy_data.o)
 .text          0x00000000000000a6        0x0 /usr/lib/gcc/avr/4.9.2/avr5/libgcc.a(_clear_bss.o)
 .text          0x00000000000000a6        0x0 /usr/lib/gcc/avr/4.9.2/../../../../avr/lib/avr5/libm.a(addsf3.o)
 .text          0x00000000000000a6        0x0 /usr/lib/gcc/avr/4.9.2/../../../../avr/lib/avr5/libm.a(addsf3x.o)
 .text          0x00000000000000a6        0x0 /usr/lib/gcc/avr/4.9.2/../../../../avr/lib/avr5/libm.a(cmpsf2.o)
 .text          0x00000000000000a6        0x0 /usr/lib/gcc/avr/4.9.2/../../../../avr/lib/avr5/libm.a(divsf3.o)
 .text          0x00000000000000a6        0x0 /usr/lib/gcc/avr/4.9.2/../../../../avr/lib/avr5/libm.a(divsf3x.o)
 .text          0x00000000000000a6        0x0 /usr/lib/gcc/avr/4.9.2/../../../../avr/lib/avr5/libm.a(fixsfsi.o)
 .text          0x00000000000000a6        0x0 /usr/lib/gcc/avr/4.9.2/../../../../avr/lib/avr5/libm.a(fixunssfsi.o)
 .text          0x00000000000000a6        0x0 /usr/lib/gcc/avr/4.9.2/../../../../avr/lib/avr5/libm.a(floatsisf.o)
 .text          0x00000000000000a6        0x0 /usr/lib/gcc/avr/4.9.2/../../../../avr/lib/avr5/libm.a(fp_cmp.o)
 .text          0x00000000000000a6        0x0 /usr/lib/gcc/avr/4.9.2/../../../../avr/lib/avr5/libm.a(fp_inf.o)
 .text          0x00000000000000a6        0x0 /usr/lib/gcc/avr/4.9.2/../../../../avr/lib/avr5/libm.a(fp_nan.o)
 .text          0x00000000000000a6        0x0 /usr/lib/gcc/avr/4.9.2/../../../../avr/lib/avr5/libm.a(fp_pscA.o)
 .text          0x00000000000000a6        0x0 /usr/lib/gcc/avr/4.9.2/../../../../avr/lib/avr5/libm.a(fp_pscB.o)
 .text          0x00000000000000a6        0x0 /usr/lib/gcc/avr/4.9.2/../../../../avr/lib/avr5/libm.a(fp_round.o)
 .text          0x00000000000000a6        0x0 /usr/lib/gcc/avr/4.9.2/../../../../avr/lib/avr5/libm.a(fp_split3.o)
 .text          0x00000000000000a6        0x0 /usr/lib/gcc/avr/4.9.2/../../../../avr/lib/avr5/libm.a(fp_zero.o)
 .text          0x00000000000000a6        0x0 /usr/lib/gcc/avr/4.9.2/../../../../avr/lib/avr5/libm.a(gesf2.o)
 .text          0x00000000000000a6        0x0 /usr/lib/gcc/avr/4.9.2/../../../../avr/lib/avr5/libm.a(mulsf3.o)
 .text          0x00000000000000a6        0x0 /usr/lib/gcc/avr/4.9.2/../../../../avr/lib/avr5/libm.a(mulsf3x.o)
 .text          0x00000000000000a6        0x0 /usr/lib/gcc/avr/4.9.2/../../../../avr/lib/avr5/libc.a(malloc.o)
 .text          0x00000000000000a6        0x0 /usr/lib/gcc/avr/4.9.2/../../../../avr/lib/avr5/libc.a(strcat.o)
 .text          0x00000000000000a6        0x0 /usr/lib/gcc/avr/4.9.2/../../../../avr/lib/avr5/libc.a(strcpy.o)
 .text          0x00000000000000a6        0x0 /usr/lib/gcc/avr/4.9.2/../../../../avr/lib/avr5/libc.a(sprintf.o)
 .text          0x00000000000000a6        0x0 /usr/lib/gcc/avr/4.9.2/../../../../avr/lib/avr5/libc.a(vfprintf_std.o)
 .text          0x00000000000000a6        0x0 /usr/lib/gcc/avr/4.9.2/../../../../avr/lib/avr5/libc.a(strnlen_P.o)
 .text          0x00000000000000a6        0x0 /usr/lib/gcc/avr/4.9.2/../../../../avr/lib/avr5/libc.a(strnlen.o)
 .text          0x00000000000000a6        0x0 /usr/lib/gcc/avr/4.9.2/../../../../avr/lib/avr5/libc.a(fputc.o)
 .text          0x00000000000000a6        0x0 /usr/lib/gcc/avr/4.9.2/../../../../avr/lib/avr5/libc.a(ultoa_invert.o)
 .text          0x00000000000000a6        0x0 /usr/lib/gcc/avr/4.9.2/avr5/libgcc.a(_prologue.o)
 .text          0x00000000000000a6        0x0 /usr/lib/gcc/avr/4.9.2/avr5/libgcc.a(_epilogue.o)
                0x00000000000000a6                . = ALIGN (0x2)
 *(.text.*)
 .text.ds18b20_reset
                0x00000000000000a6      0x58a ./ds18b20/ds18b20.o
                0x00000000000000a6                ds18b20_reset
 .text.ds18b20_writebit
                0x0000000000000630      0x36e ./ds18b20/ds18b20.o
                0x0000000000000630                ds18b20_writebit
 .text.ds18b20_readbit
                0x000000000000099e      0x598 ./ds18b20/ds18b20.o
                0x000000000000099e                ds18b20_readbit
 .text.ds18b20_writebyte
                0x0000000000000f36       0x36 ./ds18b20/ds18b20.o
                0x0000000000000f36                ds18b20_writebyte
 .text.ds18b20_readbyte
                0x0000000000000f6c       0x4a ./ds18b20/ds18b20.o
                0x0000000000000f6c                ds18b20_readbyte
 .text.ds18b20_gettemp
                0x0000000000000fb6       0xb2 ./ds18b20/ds18b20.o
                0x0000000000000fb6                ds18b20_gettemp
 .text.nrf24_init
                0x0000000000001068       0x1e ./NRF24L01/nrf24.o
                0x0000000000001068                nrf24_init
 .text.nrf24_config
                0x0000000000001086       0x8e ./NRF24L01/nrf24.o
                0x0000000000001086                nrf24_config
 .text.nrf24_rx_address
                0x0000000000001114       0x32 ./NRF24L01/nrf24.o
                0x0000000000001114                nrf24_rx_address
 .text.nrf24_payload_length
                0x0000000000001146       0x12 ./NRF24L01/nrf24.o
                0x0000000000001146                nrf24_payload_length
 .text.nrf24_tx_address
                0x0000000000001158       0x34 ./NRF24L01/nrf24.o
                0x0000000000001158                nrf24_tx_address
 .text.nrf24_dataReady
                0x000000000000118c       0x38 ./NRF24L01/nrf24.o
                0x000000000000118c                nrf24_dataReady
 .text.nrf24_rxFifoEmpty
                0x00000000000011c4       0x24 ./NRF24L01/nrf24.o
                0x00000000000011c4                nrf24_rxFifoEmpty
 .text.nrf24_payloadLength
                0x00000000000011e8       0x2e ./NRF24L01/nrf24.o
                0x00000000000011e8                nrf24_payloadLength
 .text.nrf24_getData
                0x0000000000001216       0x44 ./NRF24L01/nrf24.o
                0x0000000000001216                nrf24_getData
 .text.nrf24_retransmissionCount
                0x000000000000125a       0x28 ./NRF24L01/nrf24.o
                0x000000000000125a                nrf24_retransmissionCount
 .text.nrf24_send
                0x0000000000001282       0x5a ./NRF24L01/nrf24.o
                0x0000000000001282                nrf24_send
 .text.nrf24_isSending
                0x00000000000012dc       0x2c ./NRF24L01/nrf24.o
                0x00000000000012dc                nrf24_isSending
 .text.nrf24_getStatus
                0x0000000000001308       0x28 ./NRF24L01/nrf24.o
                0x0000000000001308                nrf24_getStatus
 .text.nrf24_lastMessageStatus
                0x0000000000001330       0x3e ./NRF24L01/nrf24.o
                0x0000000000001330                nrf24_lastMessageStatus
 .text.nrf24_powerUpRx
                0x000000000000136e       0x3c ./NRF24L01/nrf24.o
                0x000000000000136e                nrf24_powerUpRx
 .text.nrf24_powerUpTx
                0x00000000000013aa       0x1e ./NRF24L01/nrf24.o
                0x00000000000013aa                nrf24_powerUpTx
 .text.nrf24_powerDown
                0x00000000000013c8       0x1c ./NRF24L01/nrf24.o
                0x00000000000013c8                nrf24_powerDown
 .text.spi_transfer
                0x00000000000013e4       0x90 ./NRF24L01/nrf24.o
                0x00000000000013e4                spi_transfer
 .text.nrf24_transferSync
                0x0000000000001474       0x6e ./NRF24L01/nrf24.o
                0x0000000000001474                nrf24_transferSync
 .text.nrf24_transmitSync
                0x00000000000014e2       0x48 ./NRF24L01/nrf24.o
                0x00000000000014e2                nrf24_transmitSync
 .text.nrf24_configRegister
                0x000000000000152a       0x34 ./NRF24L01/nrf24.o
                0x000000000000152a                nrf24_configRegister
 .text.nrf24_readRegister
                0x000000000000155e       0x46 ./NRF24L01/nrf24.o
                0x000000000000155e                nrf24_readRegister
 .text.nrf24_writeRegister
                0x00000000000015a4       0x42 ./NRF24L01/nrf24.o
                0x00000000000015a4                nrf24_writeRegister
 .text.nrf24_set_channel
                0x00000000000015e6       0x1a ./NRF24L01/nrf24.o
                0x00000000000015e6                nrf24_set_channel
 .text.nrf24_set_payload
                0x0000000000001600       0x1a ./NRF24L01/nrf24.o
                0x0000000000001600                nrf24_set_payload
 .text.nrf24_setupPins
                0x000000000000161a       0x68 ./NRF24L01/radioPinFunctions.o
                0x000000000000161a                nrf24_setupPins
 .text.nrf24_ce_digitalWrite
                0x0000000000001682       0x40 ./NRF24L01/radioPinFunctions.o
                0x0000000000001682                nrf24_ce_digitalWrite
 .text.nrf24_csn_digitalWrite
                0x00000000000016c2       0x40 ./NRF24L01/radioPinFunctions.o
                0x00000000000016c2                nrf24_csn_digitalWrite
 .text.nrf24_sck_digitalWrite
                0x0000000000001702       0x40 ./NRF24L01/radioPinFunctions.o
                0x0000000000001702                nrf24_sck_digitalWrite
 .text.nrf24_mosi_digitalWrite
                0x0000000000001742       0x40 ./NRF24L01/radioPinFunctions.o
                0x0000000000001742                nrf24_mosi_digitalWrite
 .text.nrf24_miso_digitalRead
                0x0000000000001782       0x18 ./NRF24L01/radioPinFunctions.o
                0x0000000000001782                nrf24_miso_digitalRead
 .text.transceiver_init
                0x000000000000179a       0x12 ./NRF24L01_HardAdapt.o
                0x000000000000179a                transceiver_init
 .text.transceiver_send
                0x00000000000017ac      0x168 ./NRF24L01_HardAdapt.o
                0x00000000000017ac                transceiver_send
 .text.transceiver_receive
                0x0000000000001914       0x76 ./NRF24L01_HardAdapt.o
                0x0000000000001914                transceiver_receive
 .text.transceiver_tx_address
                0x000000000000198a       0x20 ./NRF24L01_HardAdapt.o
                0x000000000000198a                transceiver_tx_address
 .text.transceiver_config
                0x00000000000019aa       0x1c ./NRF24L01_HardAdapt.o
                0x00000000000019aa                transceiver_config
 .text.transceiver_set_channel
                0x00000000000019c6       0x1a ./NRF24L01_HardAdapt.o
                0x00000000000019c6                transceiver_set_channel
 .text.transceiver_set_payload
                0x00000000000019e0       0x1a ./NRF24L01_HardAdapt.o
                0x00000000000019e0                transceiver_set_payload
 .text.record_set_sensor_id
                0x00000000000019fa       0x28 ./Record.o
                0x00000000000019fa                record_set_sensor_id
 .text.record_set_sensor_data
                0x0000000000001a22       0x30 ./Record.o
                0x0000000000001a22                record_set_sensor_data
 .text.record_get_sensor_id
                0x0000000000001a52       0x20 ./Record.o
                0x0000000000001a52                record_get_sensor_id
 .text.record_get_sensor_data
                0x0000000000001a72       0x22 ./Record.o
                0x0000000000001a72                record_get_sensor_data
 .text.sensor_get_temperature
                0x0000000000001a94      0x10a ./TempSensHardAdapt.o
                0x0000000000001a94                sensor_get_temperature
 .text.timer2_init
                0x0000000000001b9e       0x60 ./main.o
                0x0000000000001b9e                timer2_init
 .text.CPU_sleep
                0x0000000000001bfe       0x38 ./main.o
                0x0000000000001bfe                CPU_sleep
 .text.main     0x0000000000001c36       0xd6 ./main.o
                0x0000000000001c36                main
 .text.__vector_9
                0x0000000000001d0c       0x3e ./main.o
                0x0000000000001d0c                __vector_9
 .text.libgcc.mul
                0x0000000000001d4a        0x0 /usr/lib/gcc/avr/4.9.2/avr5/libgcc.a(_exit.o)
 .text.libgcc.div
                0x0000000000001d4a        0x0 /usr/lib/gcc/avr/4.9.2/avr5/libgcc.a(_exit.o)
 .text.libgcc   0x0000000000001d4a        0x0 /usr/lib/gcc/avr/4.9.2/avr5/libgcc.a(_exit.o)
 .text.libgcc.prologue
                0x0000000000001d4a        0x0 /usr/lib/gcc/avr/4.9.2/avr5/libgcc.a(_exit.o)
 .text.libgcc.builtins
                0x0000000000001d4a        0x0 /usr/lib/gcc/avr/4.9.2/avr5/libgcc.a(_exit.o)
 .text.libgcc.fmul
                0x0000000000001d4a        0x0 /usr/lib/gcc/avr/4.9.2/avr5/libgcc.a(_exit.o)
 .text.libgcc.fixed
                0x0000000000001d4a        0x0 /usr/lib/gcc/avr/4.9.2/avr5/libgcc.a(_exit.o)
 .text.libgcc.mul
                0x0000000000001d4a        0x0 /usr/lib/gcc/avr/4.9.2/avr5/libgcc.a(_copy_data.o)
 .text.libgcc.div
                0x0000000000001d4a        0x0 /usr/lib/gcc/avr/4.9.2/avr5/libgcc.a(_copy_data.o)
 .text.libgcc   0x0000000000001d4a        0x0 /usr/lib/gcc/avr/4.9.2/avr5/libgcc.a(_copy_data.o)
 .text.libgcc.prologue
                0x0000000000001d4a        0x0 /usr/lib/gcc/avr/4.9.2/avr5/libgcc.a(_copy_data.o)
 .text.libgcc.builtins
                0x0000000000001d4a        0x0 /usr/lib/gcc/avr/4.9.2/avr5/libgcc.a(_copy_data.o)
 .text.libgcc.fmul
                0x0000000000001d4a        0x0 /usr/lib/gcc/avr/4.9.2/avr5/libgcc.a(_copy_data.o)
 .text.libgcc.fixed
                0x0000000000001d4a        0x0 /usr/lib/gcc/avr/4.9.2/avr5/libgcc.a(_copy_data.o)
 .text.libgcc.mul
                0x0000000000001d4a        0x0 /usr/lib/gcc/avr/4.9.2/avr5/libgcc.a(_clear_bss.o)
 .text.libgcc.div
                0x0000000000001d4a        0x0 /usr/lib/gcc/avr/4.9.2/avr5/libgcc.a(_clear_bss.o)
 .text.libgcc   0x0000000000001d4a        0x0 /usr/lib/gcc/avr/4.9.2/avr5/libgcc.a(_clear_bss.o)
 .text.libgcc.prologue
                0x0000000000001d4a        0x0 /usr/lib/gcc/avr/4.9.2/avr5/libgcc.a(_clear_bss.o)
 .text.libgcc.builtins
                0x0000000000001d4a        0x0 /usr/lib/gcc/avr/4.9.2/avr5/libgcc.a(_clear_bss.o)
 .text.libgcc.fmul
                0x0000000000001d4a        0x0 /usr/lib/gcc/avr/4.9.2/avr5/libgcc.a(_clear_bss.o)
 .text.libgcc.fixed
                0x0000000000001d4a        0x0 /usr/lib/gcc/avr/4.9.2/avr5/libgcc.a(_clear_bss.o)
 .text.avr-libc.fplib
                0x0000000000001d4a        0xa /usr/lib/gcc/avr/4.9.2/../../../../avr/lib/avr5/libm.a(addsf3.o)
                0x0000000000001d4a                __subsf3
                0x0000000000001d4c                __addsf3
 .text.avr-libc.fplib
                0x0000000000001d54       0xc0 /usr/lib/gcc/avr/4.9.2/../../../../avr/lib/avr5/libm.a(addsf3x.o)
                0x0000000000001d6e                __addsf3x
 .text.avr-libc.fplib
                0x0000000000001e14        0x8 /usr/lib/gcc/avr/4.9.2/../../../../avr/lib/avr5/libm.a(cmpsf2.o)
                0x0000000000001e14                __lesf2
                0x0000000000001e14                __nesf2
                0x0000000000001e14                __eqsf2
                0x0000000000001e14                __cmpsf2
                0x0000000000001e14                __ltsf2
 .text.avr-libc.fplib
                0x0000000000001e1c        0x4 /usr/lib/gcc/avr/4.9.2/../../../../avr/lib/avr5/libm.a(divsf3.o)
                0x0000000000001e1c                __divsf3
 .text.avr-libc.fplib
                0x0000000000001e20       0xcc /usr/lib/gcc/avr/4.9.2/../../../../avr/lib/avr5/libm.a(divsf3x.o)
                0x0000000000001e36                __divsf3x
                0x0000000000001e3a                __divsf3_pse
 .text.avr-libc.fplib
                0x0000000000001eec        0xa /usr/lib/gcc/avr/4.9.2/../../../../avr/lib/avr5/libm.a(fixsfsi.o)
                0x0000000000001eec                __fixsfsi
 .text.avr-libc.fplib
                0x0000000000001ef6       0x58 /usr/lib/gcc/avr/4.9.2/../../../../avr/lib/avr5/libm.a(fixunssfsi.o)
                0x0000000000001ef6                __fixunssfsi
 .text.avr-libc.fplib
                0x0000000000001f4e       0x7a /usr/lib/gcc/avr/4.9.2/../../../../avr/lib/avr5/libm.a(floatsisf.o)
                0x0000000000001f4e                __floatunsisf
                0x0000000000001f52                __floatsisf
 .text.avr-libc.fplib
                0x0000000000001fc8       0x48 /usr/lib/gcc/avr/4.9.2/../../../../avr/lib/avr5/libm.a(fp_cmp.o)
                0x0000000000001fc8                __fp_cmp
 .text.avr-libc.fplib
                0x0000000000002010        0xc /usr/lib/gcc/avr/4.9.2/../../../../avr/lib/avr5/libm.a(fp_inf.o)
                0x0000000000002010                __fp_inf
 .text.avr-libc.fplib
                0x000000000000201c        0x6 /usr/lib/gcc/avr/4.9.2/../../../../avr/lib/avr5/libm.a(fp_nan.o)
                0x000000000000201c                __fp_nan
 .text.avr-libc.fplib
                0x0000000000002022        0xe /usr/lib/gcc/avr/4.9.2/../../../../avr/lib/avr5/libm.a(fp_pscA.o)
                0x0000000000002022                __fp_pscA
 .text.avr-libc.fplib
                0x0000000000002030        0xe /usr/lib/gcc/avr/4.9.2/../../../../avr/lib/avr5/libm.a(fp_pscB.o)
                0x0000000000002030                __fp_pscB
 .text.avr-libc.fplib
                0x000000000000203e       0x22 /usr/lib/gcc/avr/4.9.2/../../../../avr/lib/avr5/libm.a(fp_round.o)
                0x000000000000203e                __fp_round
 .text.avr-libc.fplib
                0x0000000000002060       0x44 /usr/lib/gcc/avr/4.9.2/../../../../avr/lib/avr5/libm.a(fp_split3.o)
                0x0000000000002060                __fp_split3
                0x0000000000002070                __fp_splitA
 .text.avr-libc.fplib
                0x00000000000020a4        0xe /usr/lib/gcc/avr/4.9.2/../../../../avr/lib/avr5/libm.a(fp_zero.o)
                0x00000000000020a4                __fp_zero
                0x00000000000020a6                __fp_szero
 .text.avr-libc.fplib
                0x00000000000020b2        0x8 /usr/lib/gcc/avr/4.9.2/../../../../avr/lib/avr5/libm.a(gesf2.o)
                0x00000000000020b2                __gtsf2
                0x00000000000020b2                __gesf2
 .text.avr-libc.fplib
                0x00000000000020ba        0x4 /usr/lib/gcc/avr/4.9.2/../../../../avr/lib/avr5/libm.a(mulsf3.o)
                0x00000000000020ba                __mulsf3
 .text.avr-libc.fplib
                0x00000000000020be       0xc2 /usr/lib/gcc/avr/4.9.2/../../../../avr/lib/avr5/libm.a(mulsf3x.o)
                0x00000000000020d2                __mulsf3x
                0x00000000000020d6                __mulsf3_pse
 .text.avr-libc
                0x0000000000002180      0x24e /usr/lib/gcc/avr/4.9.2/../../../../avr/lib/avr5/libc.a(malloc.o)
                0x0000000000002180                malloc
                0x00000000000022b0                free
 .text.avr-libc
                0x00000000000023ce       0x16 /usr/lib/gcc/avr/4.9.2/../../../../avr/lib/avr5/libc.a(strcat.o)
                0x00000000000023ce                strcat
 .text.avr-libc
                0x00000000000023e4        0xe /usr/lib/gcc/avr/4.9.2/../../../../avr/lib/avr5/libc.a(strcpy.o)
                0x00000000000023e4                strcpy
 .text.avr-libc
                0x00000000000023f2       0x44 /usr/lib/gcc/avr/4.9.2/../../../../avr/lib/avr5/libc.a(sprintf.o)
                0x00000000000023f2                sprintf
 .text.avr-libc
                0x0000000000002436      0x3a4 /usr/lib/gcc/avr/4.9.2/../../../../avr/lib/avr5/libc.a(vfprintf_std.o)
                0x0000000000002436                vfprintf
 .text.avr-libc
                0x00000000000027da       0x16 /usr/lib/gcc/avr/4.9.2/../../../../avr/lib/avr5/libc.a(strnlen_P.o)
                0x00000000000027da                strnlen_P
 .text.avr-libc
                0x00000000000027f0       0x16 /usr/lib/gcc/avr/4.9.2/../../../../avr/lib/avr5/libc.a(strnlen.o)
                0x00000000000027f0                strnlen
 .text.avr-libc
                0x0000000000002806       0x64 /usr/lib/gcc/avr/4.9.2/../../../../avr/lib/avr5/libc.a(fputc.o)
                0x0000000000002806                fputc
 .text.avr-libc
                0x000000000000286a       0xbc /usr/lib/gcc/avr/4.9.2/../../../../avr/lib/avr5/libc.a(ultoa_invert.o)
                0x000000000000286a                __ultoa_invert
 .text.libgcc.mul
                0x0000000000002926        0x0 /usr/lib/gcc/avr/4.9.2/avr5/libgcc.a(_prologue.o)
 .text.libgcc.div
                0x0000000000002926        0x0 /usr/lib/gcc/avr/4.9.2/avr5/libgcc.a(_prologue.o)
 .text.libgcc   0x0000000000002926        0x0 /usr/lib/gcc/avr/4.9.2/avr5/libgcc.a(_prologue.o)
 .text.libgcc.prologue
                0x0000000000002926       0x38 /usr/lib/gcc/avr/4.9.2/avr5/libgcc.a(_prologue.o)
                0x0000000000002926                __prologue_saves__
 .text.libgcc.builtins
                0x000000000000295e        0x0 /usr/lib/gcc/avr/4.9.2/avr5/libgcc.a(_prologue.o)
 .text.libgcc.fmul
                0x000000000000295e        0x0 /usr/lib/gcc/avr/4.9.2/avr5/libgcc.a(_prologue.o)
 .text.libgcc.fixed
                0x000000000000295e        0x0 /usr/lib/gcc/avr/4.9.2/avr5/libgcc.a(_prologue.o)
 .text.libgcc.mul
                0x000000000000295e        0x0 /usr/lib/gcc/avr/4.9.2/avr5/libgcc.a(_epilogue.o)
 .text.libgcc.div
                0x000000000000295e        0x0 /usr/lib/gcc/avr/4.9.2/avr5/libgcc.a(_epilogue.o)
 .text.libgcc   0x000000000000295e        0x0 /usr/lib/gcc/avr/4.9.2/avr5/libgcc.a(_epilogue.o)
 .text.libgcc.prologue
                0x000000000000295e       0x36 /usr/lib/gcc/avr/4.9.2/avr5/libgcc.a(_epilogue.o)
                0x000000000000295e                __epilogue_restores__
 .text.libgcc.builtins
                0x0000000000002994        0x0 /usr/lib/gcc/avr/4.9.2/avr5/libgcc.a(_epilogue.o)
 .text.libgcc.fmul
                0x0000000000002994        0x0 /usr/lib/gcc/avr/4.9.2/avr5/libgcc.a(_epilogue.o)
 .text.libgcc.fixed
                0x0000000000002994        0x0 /usr/lib/gcc/avr/4.9.2/avr5/libgcc.a(_epilogue.o)
                0x0000000000002994                . = ALIGN (0x2)
 *(.fini9)
 .fini9         0x0000000000002994        0x0 /usr/lib/gcc/avr/4.9.2/avr5/libgcc.a(_exit.o)
                0x0000000000002994                exit
                0x0000000000002994                _exit
 *(.fini9)
 *(.fini8)
 *(.fini8)
 *(.fini7)
 *(.fini7)
 *(.fini6)
 *(.fini6)
 *(.fini5)
 *(.fini5)
 *(.fini4)
 *(.fini4)
 *(.fini3)
 *(.fini3)
 *(.fini2)
 *(.fini2)
 *(.fini1)
 *(.fini1)
 *(.fini0)
 .fini0         0x0000000000002994        0x4 /usr/lib/gcc/avr/4.9.2/avr5/libgcc.a(_exit.o)
 *(.fini0)
                0x0000000000002998                _etext = .

.data           0x0000000000800100       0x18 load address 0x0000000000002998
                0x0000000000800100                PROVIDE (__data_start, .)
 *(.data)
 .data          0x0000000000800100        0x0 /usr/lib/gcc/avr/4.9.2/../../../../avr/lib/avr5/crtm328p.o
 .data          0x0000000000800100        0x0 ./ds18b20/ds18b20.o
 .data          0x0000000000800100        0x0 ./NRF24L01/nrf24.o
 .data          0x0000000000800100        0x0 ./NRF24L01/radioPinFunctions.o
 .data          0x0000000000800100        0x0 ./NRF24L01_HardAdapt.o
 .data          0x0000000000800100        0x0 ./Record.o
 .data          0x0000000000800100        0x0 ./TempSensHardAdapt.o
 .data          0x0000000000800100        0x0 ./main.o
 .data          0x0000000000800100        0x0 /usr/lib/gcc/avr/4.9.2/avr5/libgcc.a(_exit.o)
 .data          0x0000000000800100        0x0 /usr/lib/gcc/avr/4.9.2/avr5/libgcc.a(_copy_data.o)
 .data          0x0000000000800100        0x0 /usr/lib/gcc/avr/4.9.2/avr5/libgcc.a(_clear_bss.o)
 .data          0x0000000000800100        0x0 /usr/lib/gcc/avr/4.9.2/../../../../avr/lib/avr5/libm.a(addsf3.o)
 .data          0x0000000000800100        0x0 /usr/lib/gcc/avr/4.9.2/../../../../avr/lib/avr5/libm.a(addsf3x.o)
 .data          0x0000000000800100        0x0 /usr/lib/gcc/avr/4.9.2/../../../../avr/lib/avr5/libm.a(cmpsf2.o)
 .data          0x0000000000800100        0x0 /usr/lib/gcc/avr/4.9.2/../../../../avr/lib/avr5/libm.a(divsf3.o)
 .data          0x0000000000800100        0x0 /usr/lib/gcc/avr/4.9.2/../../../../avr/lib/avr5/libm.a(divsf3x.o)
 .data          0x0000000000800100        0x0 /usr/lib/gcc/avr/4.9.2/../../../../avr/lib/avr5/libm.a(fixsfsi.o)
 .data          0x0000000000800100        0x0 /usr/lib/gcc/avr/4.9.2/../../../../avr/lib/avr5/libm.a(fixunssfsi.o)
 .data          0x0000000000800100        0x0 /usr/lib/gcc/avr/4.9.2/../../../../avr/lib/avr5/libm.a(floatsisf.o)
 .data          0x0000000000800100        0x0 /usr/lib/gcc/avr/4.9.2/../../../../avr/lib/avr5/libm.a(fp_cmp.o)
 .data          0x0000000000800100        0x0 /usr/lib/gcc/avr/4.9.2/../../../../avr/lib/avr5/libm.a(fp_inf.o)
 .data          0x0000000000800100        0x0 /usr/lib/gcc/avr/4.9.2/../../../../avr/lib/avr5/libm.a(fp_nan.o)
 .data          0x0000000000800100        0x0 /usr/lib/gcc/avr/4.9.2/../../../../avr/lib/avr5/libm.a(fp_pscA.o)
 .data          0x0000000000800100        0x0 /usr/lib/gcc/avr/4.9.2/../../../../avr/lib/avr5/libm.a(fp_pscB.o)
 .data          0x0000000000800100        0x0 /usr/lib/gcc/avr/4.9.2/../../../../avr/lib/avr5/libm.a(fp_round.o)
 .data          0x0000000000800100        0x0 /usr/lib/gcc/avr/4.9.2/../../../../avr/lib/avr5/libm.a(fp_split3.o)
 .data          0x0000000000800100        0x0 /usr/lib/gcc/avr/4.9.2/../../../../avr/lib/avr5/libm.a(fp_zero.o)
 .data          0x0000000000800100        0x0 /usr/lib/gcc/avr/4.9.2/../../../../avr/lib/avr5/libm.a(gesf2.o)
 .data          0x0000000000800100        0x0 /usr/lib/gcc/avr/4.9.2/../../../../avr/lib/avr5/libm.a(mulsf3.o)
 .data          0x0000000000800100        0x0 /usr/lib/gcc/avr/4.9.2/../../../../avr/lib/avr5/libm.a(mulsf3x.o)
 .data          0x0000000000800100        0x6 /usr/lib/gcc/avr/4.9.2/../../../../avr/lib/avr5/libc.a(malloc.o)
                0x0000000000800100                __malloc_heap_end
                0x0000000000800102                __malloc_heap_start
                0x0000000000800104                __malloc_margin
 .data          0x0000000000800106        0x0 /usr/lib/gcc/avr/4.9.2/../../../../avr/lib/avr5/libc.a(strcat.o)
 .data          0x0000000000800106        0x0 /usr/lib/gcc/avr/4.9.2/../../../../avr/lib/avr5/libc.a(strcpy.o)
 .data          0x0000000000800106        0x0 /usr/lib/gcc/avr/4.9.2/../../../../avr/lib/avr5/libc.a(sprintf.o)
 .data          0x0000000000800106        0x0 /usr/lib/gcc/avr/4.9.2/../../../../avr/lib/avr5/libc.a(vfprintf_std.o)
 .data          0x0000000000800106        0x0 /usr/lib/gcc/avr/4.9.2/../../../../avr/lib/avr5/libc.a(strnlen_P.o)
 .data          0x0000000000800106        0x0 /usr/lib/gcc/avr/4.9.2/../../../../avr/lib/avr5/libc.a(strnlen.o)
 .data          0x0000000000800106        0x0 /usr/lib/gcc/avr/4.9.2/../../../../avr/lib/avr5/libc.a(fputc.o)
 .data          0x0000000000800106        0x0 /usr/lib/gcc/avr/4.9.2/../../../../avr/lib/avr5/libc.a(ultoa_invert.o)
 .data          0x0000000000800106        0x0 /usr/lib/gcc/avr/4.9.2/avr5/libgcc.a(_prologue.o)
 .data          0x0000000000800106        0x0 /usr/lib/gcc/avr/4.9.2/avr5/libgcc.a(_epilogue.o)
 *(.data*)
 *(.rodata)
 .rodata        0x0000000000800106        0xc ./TempSensHardAdapt.o
 .rodata        0x0000000000800112        0x5 ./main.o
 *(.rodata*)
 *(.gnu.linkonce.d*)
                0x0000000000800118                . = ALIGN (0x2)
 *fill*         0x0000000000800117        0x1 
                0x0000000000800118                _edata = .
                0x0000000000800118                PROVIDE (__data_end, .)

.bss            0x0000000000800118        0x9
                0x0000000000800118                PROVIDE (__bss_start, .)
 *(.bss)
 .bss           0x0000000000800118        0x0 /usr/lib/gcc/avr/4.9.2/../../../../avr/lib/avr5/crtm328p.o
 .bss           0x0000000000800118        0x0 ./ds18b20/ds18b20.o
 .bss           0x0000000000800118        0x0 ./NRF24L01/nrf24.o
 .bss           0x0000000000800118        0x0 ./NRF24L01/radioPinFunctions.o
 .bss           0x0000000000800118        0x0 ./NRF24L01_HardAdapt.o
 .bss           0x0000000000800118        0x0 ./Record.o
 .bss           0x0000000000800118        0x0 ./TempSensHardAdapt.o
 .bss           0x0000000000800118        0x0 ./main.o
 .bss           0x0000000000800118        0x0 /usr/lib/gcc/avr/4.9.2/avr5/libgcc.a(_exit.o)
 .bss           0x0000000000800118        0x0 /usr/lib/gcc/avr/4.9.2/avr5/libgcc.a(_copy_data.o)
 .bss           0x0000000000800118        0x0 /usr/lib/gcc/avr/4.9.2/avr5/libgcc.a(_clear_bss.o)
 .bss           0x0000000000800118        0x0 /usr/lib/gcc/avr/4.9.2/../../../../avr/lib/avr5/libm.a(addsf3.o)
 .bss           0x0000000000800118        0x0 /usr/lib/gcc/avr/4.9.2/../../../../avr/lib/avr5/libm.a(addsf3x.o)
 .bss           0x0000000000800118        0x0 /usr/lib/gcc/avr/4.9.2/../../../../avr/lib/avr5/libm.a(cmpsf2.o)
 .bss           0x0000000000800118        0x0 /usr/lib/gcc/avr/4.9.2/../../../../avr/lib/avr5/libm.a(divsf3.o)
 .bss           0x0000000000800118        0x0 /usr/lib/gcc/avr/4.9.2/../../../../avr/lib/avr5/libm.a(divsf3x.o)
 .bss           0x0000000000800118        0x0 /usr/lib/gcc/avr/4.9.2/../../../../avr/lib/avr5/libm.a(fixsfsi.o)
 .bss           0x0000000000800118        0x0 /usr/lib/gcc/avr/4.9.2/../../../../avr/lib/avr5/libm.a(fixunssfsi.o)
 .bss           0x0000000000800118        0x0 /usr/lib/gcc/avr/4.9.2/../../../../avr/lib/avr5/libm.a(floatsisf.o)
 .bss           0x0000000000800118        0x0 /usr/lib/gcc/avr/4.9.2/../../../../avr/lib/avr5/libm.a(fp_cmp.o)
 .bss           0x0000000000800118        0x0 /usr/lib/gcc/avr/4.9.2/../../../../avr/lib/avr5/libm.a(fp_inf.o)
 .bss           0x0000000000800118        0x0 /usr/lib/gcc/avr/4.9.2/../../../../avr/lib/avr5/libm.a(fp_nan.o)
 .bss           0x0000000000800118        0x0 /usr/lib/gcc/avr/4.9.2/../../../../avr/lib/avr5/libm.a(fp_pscA.o)
 .bss           0x0000000000800118        0x0 /usr/lib/gcc/avr/4.9.2/../../../../avr/lib/avr5/libm.a(fp_pscB.o)
 .bss           0x0000000000800118        0x0 /usr/lib/gcc/avr/4.9.2/../../../../avr/lib/avr5/libm.a(fp_round.o)
 .bss           0x0000000000800118        0x0 /usr/lib/gcc/avr/4.9.2/../../../../avr/lib/avr5/libm.a(fp_split3.o)
 .bss           0x0000000000800118        0x0 /usr/lib/gcc/avr/4.9.2/../../../../avr/lib/avr5/libm.a(fp_zero.o)
 .bss           0x0000000000800118        0x0 /usr/lib/gcc/avr/4.9.2/../../../../avr/lib/avr5/libm.a(gesf2.o)
 .bss           0x0000000000800118        0x0 /usr/lib/gcc/avr/4.9.2/../../../../avr/lib/avr5/libm.a(mulsf3.o)
 .bss           0x0000000000800118        0x0 /usr/lib/gcc/avr/4.9.2/../../../../avr/lib/avr5/libm.a(mulsf3x.o)
 .bss           0x0000000000800118        0x0 /usr/lib/gcc/avr/4.9.2/../../../../avr/lib/avr5/libc.a(malloc.o)
 .bss           0x0000000000800118        0x0 /usr/lib/gcc/avr/4.9.2/../../../../avr/lib/avr5/libc.a(strcat.o)
 .bss           0x0000000000800118        0x0 /usr/lib/gcc/avr/4.9.2/../../../../avr/lib/avr5/libc.a(strcpy.o)
 .bss           0x0000000000800118        0x0 /usr/lib/gcc/avr/4.9.2/../../../../avr/lib/avr5/libc.a(sprintf.o)
 .bss           0x0000000000800118        0x0 /usr/lib/gcc/avr/4.9.2/../../../../avr/lib/avr5/libc.a(vfprintf_std.o)
 .bss           0x0000000000800118        0x0 /usr/lib/gcc/avr/4.9.2/../../../../avr/lib/avr5/libc.a(strnlen_P.o)
 .bss           0x0000000000800118        0x0 /usr/lib/gcc/avr/4.9.2/../../../../avr/lib/avr5/libc.a(strnlen.o)
 .bss           0x0000000000800118        0x0 /usr/lib/gcc/avr/4.9.2/../../../../avr/lib/avr5/libc.a(fputc.o)
 .bss           0x0000000000800118        0x0 /usr/lib/gcc/avr/4.9.2/../../../../avr/lib/avr5/libc.a(ultoa_invert.o)
 .bss           0x0000000000800118        0x0 /usr/lib/gcc/avr/4.9.2/avr5/libgcc.a(_prologue.o)
 .bss           0x0000000000800118        0x0 /usr/lib/gcc/avr/4.9.2/avr5/libgcc.a(_epilogue.o)
 *(.bss*)
 .bss.TIMER_OVERFLOW
                0x0000000000800118        0x2 ./main.o
                0x0000000000800118                TIMER_OVERFLOW
 *(COMMON)
 COMMON         0x000000000080011a        0x3 ./NRF24L01/nrf24.o
                0x000000000080011a                PAYLOAD
                0x000000000080011b                payload_len
                0x000000000080011c                NRF24_CH
 COMMON         0x000000000080011d        0x4 /usr/lib/gcc/avr/4.9.2/../../../../avr/lib/avr5/libc.a(malloc.o)
                0x000000000080011d                __brkval
                0x000000000080011f                __flp
                0x0000000000800121                PROVIDE (__bss_end, .)
                0x0000000000002998                __data_load_start = LOADADDR (.data)
                0x00000000000029b0                __data_load_end = (__data_load_start + SIZEOF (.data))

.noinit         0x0000000000800121        0x0
                0x0000000000800121                PROVIDE (__noinit_start, .)
 *(.noinit*)
                0x0000000000800121                PROVIDE (__noinit_end, .)
                0x0000000000800121                _end = .
                0x0000000000800121                PROVIDE (__heap_start, .)

.eeprom         0x0000000000810000        0x0
 *(.eeprom*)
                0x0000000000810000                __eeprom_end = .

.fuse
 *(.fuse)
 *(.lfuse)
 *(.hfuse)
 *(.efuse)

.lock
 *(.lock*)

.signature
 *(.signature*)

.stab           0x0000000000000000     0x8370
 *(.stab)
 .stab          0x0000000000000000      0x6cc /usr/lib/gcc/avr/4.9.2/../../../../avr/lib/avr5/crtm328p.o
 .stab          0x00000000000006cc     0x1128 ./ds18b20/ds18b20.o
                                       0x1134 (size before relaxing)
 .stab          0x00000000000017f4      0xe10 ./NRF24L01/nrf24.o
                                        0xf84 (size before relaxing)
 .stab          0x0000000000002604      0x480 ./NRF24L01/radioPinFunctions.o
                                        0x648 (size before relaxing)
 .stab          0x0000000000002a84      0x6fc ./NRF24L01_HardAdapt.o
                                        0x8a0 (size before relaxing)
 .stab          0x0000000000003180      0x3b4 ./Record.o
                                        0x5b8 (size before relaxing)
 .stab          0x0000000000003534      0x3e4 ./TempSensHardAdapt.o
                                        0x600 (size before relaxing)
 .stab          0x0000000000003918      0x57c ./main.o
                                        0x7c8 (size before relaxing)
 .stab          0x0000000000003e94       0x6c /usr/lib/gcc/avr/4.9.2/avr5/libgcc.a(_exit.o)
                                         0x78 (size before relaxing)
 .stab          0x0000000000003f00       0xd8 /usr/lib/gcc/avr/4.9.2/avr5/libgcc.a(_copy_data.o)
                                         0xe4 (size before relaxing)
 .stab          0x0000000000003fd8       0xb4 /usr/lib/gcc/avr/4.9.2/avr5/libgcc.a(_clear_bss.o)
                                         0xc0 (size before relaxing)
 .stab          0x000000000000408c       0x78 /usr/lib/gcc/avr/4.9.2/../../../../avr/lib/avr5/libm.a(addsf3.o)
                                         0x84 (size before relaxing)
 .stab          0x0000000000004104      0x4bc /usr/lib/gcc/avr/4.9.2/../../../../avr/lib/avr5/libm.a(addsf3x.o)
                                        0x4c8 (size before relaxing)
 .stab          0x00000000000045c0       0x90 /usr/lib/gcc/avr/4.9.2/../../../../avr/lib/avr5/libm.a(cmpsf2.o)
                                         0x9c (size before relaxing)
 .stab          0x0000000000004650       0x48 /usr/lib/gcc/avr/4.9.2/../../../../avr/lib/avr5/libm.a(divsf3.o)
                                         0x54 (size before relaxing)
 .stab          0x0000000000004698      0x510 /usr/lib/gcc/avr/4.9.2/../../../../avr/lib/avr5/libm.a(divsf3x.o)
                                        0x51c (size before relaxing)
 .stab          0x0000000000004ba8       0x6c /usr/lib/gcc/avr/4.9.2/../../../../avr/lib/avr5/libm.a(fixsfsi.o)
                                         0x78 (size before relaxing)
 .stab          0x0000000000004c14      0x240 /usr/lib/gcc/avr/4.9.2/../../../../avr/lib/avr5/libm.a(fixunssfsi.o)
                                        0x24c (size before relaxing)
 .stab          0x0000000000004e54      0x318 /usr/lib/gcc/avr/4.9.2/../../../../avr/lib/avr5/libm.a(floatsisf.o)
                                        0x324 (size before relaxing)
 .stab          0x000000000000516c      0x1e0 /usr/lib/gcc/avr/4.9.2/../../../../avr/lib/avr5/libm.a(fp_cmp.o)
                                        0x1ec (size before relaxing)
 .stab          0x000000000000534c       0x78 /usr/lib/gcc/avr/4.9.2/../../../../avr/lib/avr5/libm.a(fp_inf.o)
                                         0x84 (size before relaxing)
 .stab          0x00000000000053c4       0x54 /usr/lib/gcc/avr/4.9.2/../../../../avr/lib/avr5/libm.a(fp_nan.o)
                                         0x60 (size before relaxing)
 .stab          0x0000000000005418       0x84 /usr/lib/gcc/avr/4.9.2/../../../../avr/lib/avr5/libm.a(fp_pscA.o)
                                         0x90 (size before relaxing)
 .stab          0x000000000000549c       0x84 /usr/lib/gcc/avr/4.9.2/../../../../avr/lib/avr5/libm.a(fp_pscB.o)
                                         0x90 (size before relaxing)
 .stab          0x0000000000005520       0xfc /usr/lib/gcc/avr/4.9.2/../../../../avr/lib/avr5/libm.a(fp_round.o)
                                        0x108 (size before relaxing)
 .stab          0x000000000000561c      0x1d4 /usr/lib/gcc/avr/4.9.2/../../../../avr/lib/avr5/libm.a(fp_split3.o)
                                        0x1e0 (size before relaxing)
 .stab          0x00000000000057f0       0x90 /usr/lib/gcc/avr/4.9.2/../../../../avr/lib/avr5/libm.a(fp_zero.o)
                                         0x9c (size before relaxing)
 .stab          0x0000000000005880       0x6c /usr/lib/gcc/avr/4.9.2/../../../../avr/lib/avr5/libm.a(gesf2.o)
                                         0x78 (size before relaxing)
 .stab          0x00000000000058ec       0x48 /usr/lib/gcc/avr/4.9.2/../../../../avr/lib/avr5/libm.a(mulsf3.o)
                                         0x54 (size before relaxing)
 .stab          0x0000000000005934      0x4d4 /usr/lib/gcc/avr/4.9.2/../../../../avr/lib/avr5/libm.a(mulsf3x.o)
                                        0x4e0 (size before relaxing)
 .stab          0x0000000000005e08      0x8dc /usr/lib/gcc/avr/4.9.2/../../../../avr/lib/avr5/libc.a(malloc.o)
                                        0x8e8 (size before relaxing)
 .stab          0x00000000000066e4       0x9c /usr/lib/gcc/avr/4.9.2/../../../../avr/lib/avr5/libc.a(strcat.o)
                                         0xa8 (size before relaxing)
 .stab          0x0000000000006780       0x6c /usr/lib/gcc/avr/4.9.2/../../../../avr/lib/avr5/libc.a(strcpy.o)
                                         0x78 (size before relaxing)
 .stab          0x00000000000067ec      0x3c0 /usr/lib/gcc/avr/4.9.2/../../../../avr/lib/avr5/libc.a(sprintf.o)
                                        0x54c (size before relaxing)
 .stab          0x0000000000006bac      0xb70 /usr/lib/gcc/avr/4.9.2/../../../../avr/lib/avr5/libc.a(vfprintf_std.o)
                                        0xd80 (size before relaxing)
 .stab          0x000000000000771c       0x9c /usr/lib/gcc/avr/4.9.2/../../../../avr/lib/avr5/libc.a(strnlen_P.o)
                                         0xa8 (size before relaxing)
 .stab          0x00000000000077b8       0x9c /usr/lib/gcc/avr/4.9.2/../../../../avr/lib/avr5/libc.a(strnlen.o)
                                         0xa8 (size before relaxing)
 .stab          0x0000000000007854      0x354 /usr/lib/gcc/avr/4.9.2/../../../../avr/lib/avr5/libc.a(fputc.o)
                                        0x534 (size before relaxing)
 .stab          0x0000000000007ba8      0x480 /usr/lib/gcc/avr/4.9.2/../../../../avr/lib/avr5/libc.a(ultoa_invert.o)
                                        0x48c (size before relaxing)
 .stab          0x0000000000008028      0x1a4 /usr/lib/gcc/avr/4.9.2/avr5/libgcc.a(_prologue.o)
                                        0x1b0 (size before relaxing)
 .stab          0x00000000000081cc      0x1a4 /usr/lib/gcc/avr/4.9.2/avr5/libgcc.a(_epilogue.o)
                                        0x1b0 (size before relaxing)

.stabstr        0x0000000000000000     0x2503
 *(.stabstr)
 .stabstr       0x0000000000000000     0x2503 /usr/lib/gcc/avr/4.9.2/../../../../avr/lib/avr5/crtm328p.o

.stab.excl
 *(.stab.excl)

.stab.exclstr
 *(.stab.exclstr)

.stab.index
 *(.stab.index)

.stab.indexstr
 *(.stab.indexstr)

.comment        0x0000000000000000       0x42
 *(.comment)
 .comment       0x0000000000000000       0x21 ./ds18b20/ds18b20.o
                                         0x22 (size before relaxing)
 .comment       0x0000000000000000       0x22 ./NRF24L01/nrf24.o
 .comment       0x0000000000000000       0x22 ./NRF24L01/radioPinFunctions.o
 .comment       0x0000000000000000       0x22 ./NRF24L01_HardAdapt.o
 .comment       0x0000000000000000       0x22 ./Record.o
 .comment       0x0000000000000000       0x22 ./TempSensHardAdapt.o
 .comment       0x0000000000000000       0x22 ./main.o
 .comment       0x0000000000000021       0x21 /usr/lib/gcc/avr/4.9.2/../../../../avr/lib/avr5/libc.a(malloc.o)
                                         0x22 (size before relaxing)
 .comment       0x0000000000000000       0x22 /usr/lib/gcc/avr/4.9.2/../../../../avr/lib/avr5/libc.a(sprintf.o)
 .comment       0x0000000000000000       0x22 /usr/lib/gcc/avr/4.9.2/../../../../avr/lib/avr5/libc.a(vfprintf_std.o)
 .comment       0x0000000000000000       0x22 /usr/lib/gcc/avr/4.9.2/../../../../avr/lib/avr5/libc.a(fputc.o)

.note.gnu.build-id
 *(.note.gnu.build-id)

.debug
 *(.debug)

.line
 *(.line)

.debug_srcinfo
 *(.debug_srcinfo)

.debug_sfnames
 *(.debug_sfnames)

.debug_aranges
 *(.debug_aranges)

.debug_pubnames
 *(.debug_pubnames)

.debug_info
 *(.debug_info .gnu.linkonce.wi.*)

.debug_abbrev
 *(.debug_abbrev)

.debug_line
 *(.debug_line .debug_line.* .debug_line_end)

.debug_frame
 *(.debug_frame)

.debug_str
 *(.debug_str)

.debug_loc
 *(.debug_loc)

.debug_macinfo
 *(.debug_macinfo)

.debug_weaknames
 *(.debug_weaknames)

.debug_funcnames
 *(.debug_funcnames)

.debug_typenames
 *(.debug_typenames)

.debug_varnames
 *(.debug_varnames)

.debug_pubtypes
 *(.debug_pubtypes)

.debug_ranges
 *(.debug_ranges)

.debug_macro
 *(.debug_macro)
OUTPUT(NRF24-TX.elf elf32-avr)
LOAD linker stubs
