Archive member included because of file (symbol)

/usr/lib/gcc/avr/4.9.2/avr5/libgcc.a(_divmodhi4.o)
                              ./uart/uart.o (__divmodhi4)
/usr/lib/gcc/avr/4.9.2/avr5/libgcc.a(_divmodsi4.o)
                              ./adc/adc.o (__divmodsi4)
/usr/lib/gcc/avr/4.9.2/avr5/libgcc.a(_negsi2.o)
                              /usr/lib/gcc/avr/4.9.2/avr5/libgcc.a(_divmodsi4.o) (__negsi2)
/usr/lib/gcc/avr/4.9.2/avr5/libgcc.a(_exit.o)
                              /usr/lib/gcc/avr/4.9.2/../../../../avr/lib/avr5/crtm328p.o (exit)
/usr/lib/gcc/avr/4.9.2/avr5/libgcc.a(_copy_data.o)
                              ./adc/adc.o (__do_copy_data)
/usr/lib/gcc/avr/4.9.2/avr5/libgcc.a(_clear_bss.o)
                              ./uart/uart.o (__do_clear_bss)
/usr/lib/gcc/avr/4.9.2/avr5/libgcc.a(_udivmodhi4.o)
                              /usr/lib/gcc/avr/4.9.2/avr5/libgcc.a(_divmodhi4.o) (__udivmodhi4)
/usr/lib/gcc/avr/4.9.2/avr5/libgcc.a(_udivmodsi4.o)
                              /usr/lib/gcc/avr/4.9.2/avr5/libgcc.a(_divmodsi4.o) (__udivmodsi4)
/usr/lib/gcc/avr/4.9.2/../../../../avr/lib/avr5/libm.a(addsf3.o)
                              ./adc/adc.o (__subsf3)
/usr/lib/gcc/avr/4.9.2/../../../../avr/lib/avr5/libm.a(addsf3x.o)
                              /usr/lib/gcc/avr/4.9.2/../../../../avr/lib/avr5/libm.a(addsf3.o) (__addsf3x)
/usr/lib/gcc/avr/4.9.2/../../../../avr/lib/avr5/libm.a(cmpsf2.o)
                              ./adc/adc.o (__ltsf2)
/usr/lib/gcc/avr/4.9.2/../../../../avr/lib/avr5/libm.a(divsf3.o)
                              ./adc/adc.o (__divsf3)
/usr/lib/gcc/avr/4.9.2/../../../../avr/lib/avr5/libm.a(divsf3x.o)
                              /usr/lib/gcc/avr/4.9.2/../../../../avr/lib/avr5/libm.a(divsf3.o) (__divsf3x)
/usr/lib/gcc/avr/4.9.2/../../../../avr/lib/avr5/libm.a(fixsfsi.o)
                              ./adc/adc.o (__fixsfsi)
/usr/lib/gcc/avr/4.9.2/../../../../avr/lib/avr5/libm.a(fixunssfsi.o)
                              ./adc/adc.o (__fixunssfsi)
/usr/lib/gcc/avr/4.9.2/../../../../avr/lib/avr5/libm.a(floatsisf.o)
                              ./adc/adc.o (__floatunsisf)
/usr/lib/gcc/avr/4.9.2/../../../../avr/lib/avr5/libm.a(fp_cmp.o)
                              /usr/lib/gcc/avr/4.9.2/../../../../avr/lib/avr5/libm.a(cmpsf2.o) (__fp_cmp)
/usr/lib/gcc/avr/4.9.2/../../../../avr/lib/avr5/libm.a(fp_inf.o)
                              /usr/lib/gcc/avr/4.9.2/../../../../avr/lib/avr5/libm.a(addsf3x.o) (__fp_inf)
/usr/lib/gcc/avr/4.9.2/../../../../avr/lib/avr5/libm.a(fp_nan.o)
                              /usr/lib/gcc/avr/4.9.2/../../../../avr/lib/avr5/libm.a(addsf3x.o) (__fp_nan)
/usr/lib/gcc/avr/4.9.2/../../../../avr/lib/avr5/libm.a(fp_pscA.o)
                              /usr/lib/gcc/avr/4.9.2/../../../../avr/lib/avr5/libm.a(addsf3x.o) (__fp_pscA)
/usr/lib/gcc/avr/4.9.2/../../../../avr/lib/avr5/libm.a(fp_pscB.o)
                              /usr/lib/gcc/avr/4.9.2/../../../../avr/lib/avr5/libm.a(addsf3x.o) (__fp_pscB)
/usr/lib/gcc/avr/4.9.2/../../../../avr/lib/avr5/libm.a(fp_round.o)
                              /usr/lib/gcc/avr/4.9.2/../../../../avr/lib/avr5/libm.a(addsf3.o) (__fp_round)
/usr/lib/gcc/avr/4.9.2/../../../../avr/lib/avr5/libm.a(fp_split3.o)
                              /usr/lib/gcc/avr/4.9.2/../../../../avr/lib/avr5/libm.a(addsf3x.o) (__fp_split3)
/usr/lib/gcc/avr/4.9.2/../../../../avr/lib/avr5/libm.a(fp_zero.o)
                              /usr/lib/gcc/avr/4.9.2/../../../../avr/lib/avr5/libm.a(addsf3x.o) (__fp_zero)
/usr/lib/gcc/avr/4.9.2/../../../../avr/lib/avr5/libm.a(gesf2.o)
                              ./adc/adc.o (__gtsf2)
/usr/lib/gcc/avr/4.9.2/../../../../avr/lib/avr5/libm.a(mulsf3.o)
                              ./adc/adc.o (__mulsf3)
/usr/lib/gcc/avr/4.9.2/../../../../avr/lib/avr5/libm.a(mulsf3x.o)
                              /usr/lib/gcc/avr/4.9.2/../../../../avr/lib/avr5/libm.a(mulsf3.o) (__mulsf3x)
/usr/lib/gcc/avr/4.9.2/../../../../avr/lib/avr5/libc.a(sprintf.o)
                              ./adc/adc.o (sprintf)
/usr/lib/gcc/avr/4.9.2/../../../../avr/lib/avr5/libc.a(vfprintf_std.o)
                              /usr/lib/gcc/avr/4.9.2/../../../../avr/lib/avr5/libc.a(sprintf.o) (vfprintf)
/usr/lib/gcc/avr/4.9.2/../../../../avr/lib/avr5/libc.a(strnlen_P.o)
                              /usr/lib/gcc/avr/4.9.2/../../../../avr/lib/avr5/libc.a(vfprintf_std.o) (strnlen_P)
/usr/lib/gcc/avr/4.9.2/../../../../avr/lib/avr5/libc.a(strnlen.o)
                              /usr/lib/gcc/avr/4.9.2/../../../../avr/lib/avr5/libc.a(vfprintf_std.o) (strnlen)
/usr/lib/gcc/avr/4.9.2/../../../../avr/lib/avr5/libc.a(fputc.o)
                              /usr/lib/gcc/avr/4.9.2/../../../../avr/lib/avr5/libc.a(vfprintf_std.o) (fputc)
/usr/lib/gcc/avr/4.9.2/../../../../avr/lib/avr5/libc.a(ultoa_invert.o)
                              /usr/lib/gcc/avr/4.9.2/../../../../avr/lib/avr5/libc.a(vfprintf_std.o) (__ultoa_invert)
/usr/lib/gcc/avr/4.9.2/avr5/libgcc.a(_prologue.o)
                              /usr/lib/gcc/avr/4.9.2/../../../../avr/lib/avr5/libc.a(sprintf.o) (__prologue_saves__)
/usr/lib/gcc/avr/4.9.2/avr5/libgcc.a(_epilogue.o)
                              /usr/lib/gcc/avr/4.9.2/../../../../avr/lib/avr5/libc.a(sprintf.o) (__epilogue_restores__)

Allocating common symbols
Common symbol       size              file

payload_len         0x1               ./NRF24L01/nrf24.o

Memory Configuration

Name             Origin             Length             Attributes
text             0x0000000000000000 0x0000000000020000 xr
data             0x0000000000800060 0x000000000000ffa0 rw !x
eeprom           0x0000000000810000 0x0000000000010000 rw !x
fuse             0x0000000000820000 0x0000000000000400 rw !x
lock             0x0000000000830000 0x0000000000000400 rw !x
signature        0x0000000000840000 0x0000000000000400 rw !x
*default*        0x0000000000000000 0xffffffffffffffff

Linker script and memory map

Address of section .data set to 0x800100
LOAD /usr/lib/gcc/avr/4.9.2/../../../../avr/lib/avr5/crtm328p.o
LOAD ./uart/uart.o
LOAD ./timer2/timer2.o
LOAD ./adc/adc.o
LOAD ./NRF24L01/nrf24.o
LOAD ./NRF24L01/radioPinFunctions.o
LOAD ./Record.o
LOAD ./main.o
START GROUP
LOAD /usr/lib/gcc/avr/4.9.2/avr5/libgcc.a
LOAD /usr/lib/gcc/avr/4.9.2/../../../../avr/lib/avr5/libm.a
LOAD /usr/lib/gcc/avr/4.9.2/../../../../avr/lib/avr5/libc.a
END GROUP

.hash
 *(.hash)

.dynsym
 *(.dynsym)

.dynstr
 *(.dynstr)

.gnu.version
 *(.gnu.version)

.gnu.version_d
 *(.gnu.version_d)

.gnu.version_r
 *(.gnu.version_r)

.rel.init
 *(.rel.init)

.rela.init
 *(.rela.init)

.rel.text
 *(.rel.text)
 *(.rel.text.*)
 *(.rel.gnu.linkonce.t*)

.rela.text
 *(.rela.text)
 *(.rela.text.*)
 *(.rela.gnu.linkonce.t*)

.rel.fini
 *(.rel.fini)

.rela.fini
 *(.rela.fini)

.rel.rodata
 *(.rel.rodata)
 *(.rel.rodata.*)
 *(.rel.gnu.linkonce.r*)

.rela.rodata
 *(.rela.rodata)
 *(.rela.rodata.*)
 *(.rela.gnu.linkonce.r*)

.rel.data
 *(.rel.data)
 *(.rel.data.*)
 *(.rel.gnu.linkonce.d*)

.rela.data
 *(.rela.data)
 *(.rela.data.*)
 *(.rela.gnu.linkonce.d*)

.rel.ctors
 *(.rel.ctors)

.rela.ctors
 *(.rela.ctors)

.rel.dtors
 *(.rel.dtors)

.rela.dtors
 *(.rela.dtors)

.rel.got
 *(.rel.got)

.rela.got
 *(.rela.got)

.rel.bss
 *(.rel.bss)

.rela.bss
 *(.rela.bss)

.rel.plt
 *(.rel.plt)

.rela.plt
 *(.rela.plt)

.text           0x0000000000000000     0x2358
 *(.vectors)
 .vectors       0x0000000000000000       0x68 /usr/lib/gcc/avr/4.9.2/../../../../avr/lib/avr5/crtm328p.o
                0x0000000000000000                __vectors
                0x0000000000000000                __vector_default
 *(.vectors)
 *(.progmem.gcc*)
                0x0000000000000068                . = ALIGN (0x2)
                0x0000000000000068                __trampolines_start = .
 *(.trampolines)
 .trampolines   0x0000000000000068        0x0 linker stubs
 *(.trampolines*)
                0x0000000000000068                __trampolines_end = .
 *(.progmem*)
                0x0000000000000068                . = ALIGN (0x2)
 *(.jumptables)
 *(.jumptables*)
 *(.lowtext)
 *(.lowtext*)
                0x0000000000000068                __ctors_start = .
 *(.ctors)
                0x0000000000000068                __ctors_end = .
                0x0000000000000068                __dtors_start = .
 *(.dtors)
                0x0000000000000068                __dtors_end = .
 SORT(*)(.ctors)
 SORT(*)(.dtors)
 *(.init0)
 .init0         0x0000000000000068        0x0 /usr/lib/gcc/avr/4.9.2/../../../../avr/lib/avr5/crtm328p.o
                0x0000000000000068                __init
 *(.init0)
 *(.init1)
 *(.init1)
 *(.init2)
 .init2         0x0000000000000068        0xc /usr/lib/gcc/avr/4.9.2/../../../../avr/lib/avr5/crtm328p.o
 *(.init2)
 *(.init3)
 *(.init3)
 *(.init4)
 .init4         0x0000000000000074       0x16 /usr/lib/gcc/avr/4.9.2/avr5/libgcc.a(_copy_data.o)
                0x0000000000000074                __do_copy_data
 .init4         0x000000000000008a       0x10 /usr/lib/gcc/avr/4.9.2/avr5/libgcc.a(_clear_bss.o)
                0x000000000000008a                __do_clear_bss
 *(.init4)
 *(.init5)
 *(.init5)
 *(.init6)
 *(.init6)
 *(.init7)
 *(.init7)
 *(.init8)
 *(.init8)
 *(.init9)
 .init9         0x000000000000009a        0x8 /usr/lib/gcc/avr/4.9.2/../../../../avr/lib/avr5/crtm328p.o
 *(.init9)
 *(.text)
 .text          0x00000000000000a2        0x4 /usr/lib/gcc/avr/4.9.2/../../../../avr/lib/avr5/crtm328p.o
                0x00000000000000a2                __vector_22
                0x00000000000000a2                __vector_1
                0x00000000000000a2                __vector_24
                0x00000000000000a2                __vector_12
                0x00000000000000a2                __bad_interrupt
                0x00000000000000a2                __vector_6
                0x00000000000000a2                __vector_3
                0x00000000000000a2                __vector_23
                0x00000000000000a2                __vector_25
                0x00000000000000a2                __vector_11
                0x00000000000000a2                __vector_13
                0x00000000000000a2                __vector_17
                0x00000000000000a2                __vector_7
                0x00000000000000a2                __vector_5
                0x00000000000000a2                __vector_4
                0x00000000000000a2                __vector_2
                0x00000000000000a2                __vector_21
                0x00000000000000a2                __vector_15
                0x00000000000000a2                __vector_8
                0x00000000000000a2                __vector_14
                0x00000000000000a2                __vector_10
                0x00000000000000a2                __vector_16
                0x00000000000000a2                __vector_20
 .text          0x00000000000000a6        0x0 ./uart/uart.o
 .text          0x00000000000000a6        0x0 ./timer2/timer2.o
 .text          0x00000000000000a6        0x0 ./adc/adc.o
 .text          0x00000000000000a6        0x0 ./NRF24L01/nrf24.o
 .text          0x00000000000000a6        0x0 ./NRF24L01/radioPinFunctions.o
 .text          0x00000000000000a6        0x0 ./Record.o
 .text          0x00000000000000a6        0x0 ./main.o
 .text          0x00000000000000a6        0x0 /usr/lib/gcc/avr/4.9.2/avr5/libgcc.a(_divmodhi4.o)
 .text          0x00000000000000a6        0x0 /usr/lib/gcc/avr/4.9.2/avr5/libgcc.a(_divmodsi4.o)
 .text          0x00000000000000a6        0x0 /usr/lib/gcc/avr/4.9.2/avr5/libgcc.a(_negsi2.o)
 .text          0x00000000000000a6        0x0 /usr/lib/gcc/avr/4.9.2/avr5/libgcc.a(_exit.o)
 .text          0x00000000000000a6        0x0 /usr/lib/gcc/avr/4.9.2/avr5/libgcc.a(_copy_data.o)
 .text          0x00000000000000a6        0x0 /usr/lib/gcc/avr/4.9.2/avr5/libgcc.a(_clear_bss.o)
 .text          0x00000000000000a6        0x0 /usr/lib/gcc/avr/4.9.2/avr5/libgcc.a(_udivmodhi4.o)
 .text          0x00000000000000a6        0x0 /usr/lib/gcc/avr/4.9.2/avr5/libgcc.a(_udivmodsi4.o)
 .text          0x00000000000000a6        0x0 /usr/lib/gcc/avr/4.9.2/../../../../avr/lib/avr5/libm.a(addsf3.o)
 .text          0x00000000000000a6        0x0 /usr/lib/gcc/avr/4.9.2/../../../../avr/lib/avr5/libm.a(addsf3x.o)
 .text          0x00000000000000a6        0x0 /usr/lib/gcc/avr/4.9.2/../../../../avr/lib/avr5/libm.a(cmpsf2.o)
 .text          0x00000000000000a6        0x0 /usr/lib/gcc/avr/4.9.2/../../../../avr/lib/avr5/libm.a(divsf3.o)
 .text          0x00000000000000a6        0x0 /usr/lib/gcc/avr/4.9.2/../../../../avr/lib/avr5/libm.a(divsf3x.o)
 .text          0x00000000000000a6        0x0 /usr/lib/gcc/avr/4.9.2/../../../../avr/lib/avr5/libm.a(fixsfsi.o)
 .text          0x00000000000000a6        0x0 /usr/lib/gcc/avr/4.9.2/../../../../avr/lib/avr5/libm.a(fixunssfsi.o)
 .text          0x00000000000000a6        0x0 /usr/lib/gcc/avr/4.9.2/../../../../avr/lib/avr5/libm.a(floatsisf.o)
 .text          0x00000000000000a6        0x0 /usr/lib/gcc/avr/4.9.2/../../../../avr/lib/avr5/libm.a(fp_cmp.o)
 .text          0x00000000000000a6        0x0 /usr/lib/gcc/avr/4.9.2/../../../../avr/lib/avr5/libm.a(fp_inf.o)
 .text          0x00000000000000a6        0x0 /usr/lib/gcc/avr/4.9.2/../../../../avr/lib/avr5/libm.a(fp_nan.o)
 .text          0x00000000000000a6        0x0 /usr/lib/gcc/avr/4.9.2/../../../../avr/lib/avr5/libm.a(fp_pscA.o)
 .text          0x00000000000000a6        0x0 /usr/lib/gcc/avr/4.9.2/../../../../avr/lib/avr5/libm.a(fp_pscB.o)
 .text          0x00000000000000a6        0x0 /usr/lib/gcc/avr/4.9.2/../../../../avr/lib/avr5/libm.a(fp_round.o)
 .text          0x00000000000000a6        0x0 /usr/lib/gcc/avr/4.9.2/../../../../avr/lib/avr5/libm.a(fp_split3.o)
 .text          0x00000000000000a6        0x0 /usr/lib/gcc/avr/4.9.2/../../../../avr/lib/avr5/libm.a(fp_zero.o)
 .text          0x00000000000000a6        0x0 /usr/lib/gcc/avr/4.9.2/../../../../avr/lib/avr5/libm.a(gesf2.o)
 .text          0x00000000000000a6        0x0 /usr/lib/gcc/avr/4.9.2/../../../../avr/lib/avr5/libm.a(mulsf3.o)
 .text          0x00000000000000a6        0x0 /usr/lib/gcc/avr/4.9.2/../../../../avr/lib/avr5/libm.a(mulsf3x.o)
 .text          0x00000000000000a6        0x0 /usr/lib/gcc/avr/4.9.2/../../../../avr/lib/avr5/libc.a(sprintf.o)
 .text          0x00000000000000a6        0x0 /usr/lib/gcc/avr/4.9.2/../../../../avr/lib/avr5/libc.a(vfprintf_std.o)
 .text          0x00000000000000a6        0x0 /usr/lib/gcc/avr/4.9.2/../../../../avr/lib/avr5/libc.a(strnlen_P.o)
 .text          0x00000000000000a6        0x0 /usr/lib/gcc/avr/4.9.2/../../../../avr/lib/avr5/libc.a(strnlen.o)
 .text          0x00000000000000a6        0x0 /usr/lib/gcc/avr/4.9.2/../../../../avr/lib/avr5/libc.a(fputc.o)
 .text          0x00000000000000a6        0x0 /usr/lib/gcc/avr/4.9.2/../../../../avr/lib/avr5/libc.a(ultoa_invert.o)
 .text          0x00000000000000a6        0x0 /usr/lib/gcc/avr/4.9.2/avr5/libgcc.a(_prologue.o)
 .text          0x00000000000000a6        0x0 /usr/lib/gcc/avr/4.9.2/avr5/libgcc.a(_epilogue.o)
                0x00000000000000a6                . = ALIGN (0x2)
 *(.text.*)
 .text.__vector_18
                0x00000000000000a6       0xaa ./uart/uart.o
                0x00000000000000a6                __vector_18
 .text.__vector_19
                0x0000000000000150       0x8e ./uart/uart.o
                0x0000000000000150                __vector_19
 .text.uart0_init
                0x00000000000001de       0x72 ./uart/uart.o
                0x00000000000001de                uart0_init
 .text.uart0_getc
                0x0000000000000250       0x66 ./uart/uart.o
                0x0000000000000250                uart0_getc
 .text.uart0_peek
                0x00000000000002b6       0x60 ./uart/uart.o
                0x00000000000002b6                uart0_peek
 .text.uart0_putc
                0x0000000000000316       0x66 ./uart/uart.o
                0x0000000000000316                uart0_putc
 .text.uart0_puts
                0x000000000000037c       0x3c ./uart/uart.o
                0x000000000000037c                uart0_puts
 .text.uart0_puts_p
                0x00000000000003b8       0x52 ./uart/uart.o
                0x00000000000003b8                uart0_puts_p
 .text.uart0_available
                0x000000000000040a       0x3c ./uart/uart.o
                0x000000000000040a                uart0_available
 .text.uart0_flush
                0x0000000000000446       0x16 ./uart/uart.o
                0x0000000000000446                uart0_flush
 .text.timer2_init
                0x000000000000045c       0x50 ./timer2/timer2.o
                0x000000000000045c                timer2_init
 .text.timer2_sei
                0x00000000000004ac       0x22 ./timer2/timer2.o
                0x00000000000004ac                timer2_sei
 .text.timer2_cli
                0x00000000000004ce       0x1e ./timer2/timer2.o
                0x00000000000004ce                timer2_cli
 .text.adc_setchannel
                0x00000000000004ec       0x52 ./adc/adc.o
                0x00000000000004ec                adc_setchannel
 .text.adc_readsel
                0x000000000000053e       0x4e ./adc/adc.o
                0x000000000000053e                adc_readsel
 .text.adc_read
                0x000000000000058c       0x1e ./adc/adc.o
                0x000000000000058c                adc_read
 .text.adc_init
                0x00000000000005aa       0x64 ./adc/adc.o
                0x00000000000005aa                adc_init
 .text.adc_getrealvref
                0x000000000000060e      0x20a ./adc/adc.o
                0x000000000000060e                adc_getrealvref
 .text.adc_getresistence
                0x0000000000000818       0xa2 ./adc/adc.o
                0x0000000000000818                adc_getresistence
 .text.adc_getvoltage
                0x00000000000008ba       0x7e ./adc/adc.o
                0x00000000000008ba                adc_getvoltage
 .text.adc_emafilter
                0x0000000000000938       0x68 ./adc/adc.o
                0x0000000000000938                adc_emafilter
 .text.adc_dtos
                0x00000000000009a0       0xee ./adc/adc.o
                0x00000000000009a0                adc_dtos
 .text.adc_read_oversampled
                0x0000000000000a8e       0x96 ./adc/adc.o
                0x0000000000000a8e                adc_read_oversampled
 .text.adc_toint
                0x0000000000000b24       0x82 ./adc/adc.o
                0x0000000000000b24                adc_toint
 .text.nrf24_init
                0x0000000000000ba6       0x1e ./NRF24L01/nrf24.o
                0x0000000000000ba6                nrf24_init
 .text.nrf24_config
                0x0000000000000bc4       0x8e ./NRF24L01/nrf24.o
                0x0000000000000bc4                nrf24_config
 .text.nrf24_rx_address
                0x0000000000000c52       0x32 ./NRF24L01/nrf24.o
                0x0000000000000c52                nrf24_rx_address
 .text.nrf24_payload_length
                0x0000000000000c84       0x12 ./NRF24L01/nrf24.o
                0x0000000000000c84                nrf24_payload_length
 .text.nrf24_tx_address
                0x0000000000000c96       0x34 ./NRF24L01/nrf24.o
                0x0000000000000c96                nrf24_tx_address
 .text.nrf24_dataReady
                0x0000000000000cca       0x38 ./NRF24L01/nrf24.o
                0x0000000000000cca                nrf24_dataReady
 .text.nrf24_rxFifoEmpty
                0x0000000000000d02       0x24 ./NRF24L01/nrf24.o
                0x0000000000000d02                nrf24_rxFifoEmpty
 .text.nrf24_payloadLength
                0x0000000000000d26       0x2e ./NRF24L01/nrf24.o
                0x0000000000000d26                nrf24_payloadLength
 .text.nrf24_getData
                0x0000000000000d54       0x44 ./NRF24L01/nrf24.o
                0x0000000000000d54                nrf24_getData
 .text.nrf24_retransmissionCount
                0x0000000000000d98       0x28 ./NRF24L01/nrf24.o
                0x0000000000000d98                nrf24_retransmissionCount
 .text.nrf24_send
                0x0000000000000dc0       0x5a ./NRF24L01/nrf24.o
                0x0000000000000dc0                nrf24_send
 .text.nrf24_isSending
                0x0000000000000e1a       0x2c ./NRF24L01/nrf24.o
                0x0000000000000e1a                nrf24_isSending
 .text.nrf24_getStatus
                0x0000000000000e46       0x28 ./NRF24L01/nrf24.o
                0x0000000000000e46                nrf24_getStatus
 .text.nrf24_lastMessageStatus
                0x0000000000000e6e       0x3e ./NRF24L01/nrf24.o
                0x0000000000000e6e                nrf24_lastMessageStatus
 .text.nrf24_powerUpRx
                0x0000000000000eac       0x3c ./NRF24L01/nrf24.o
                0x0000000000000eac                nrf24_powerUpRx
 .text.nrf24_powerUpTx
                0x0000000000000ee8       0x1e ./NRF24L01/nrf24.o
                0x0000000000000ee8                nrf24_powerUpTx
 .text.nrf24_powerDown
                0x0000000000000f06       0x1c ./NRF24L01/nrf24.o
                0x0000000000000f06                nrf24_powerDown
 .text.spi_transfer
                0x0000000000000f22       0x90 ./NRF24L01/nrf24.o
                0x0000000000000f22                spi_transfer
 .text.nrf24_transferSync
                0x0000000000000fb2       0x6e ./NRF24L01/nrf24.o
                0x0000000000000fb2                nrf24_transferSync
 .text.nrf24_transmitSync
                0x0000000000001020       0x48 ./NRF24L01/nrf24.o
                0x0000000000001020                nrf24_transmitSync
 .text.nrf24_configRegister
                0x0000000000001068       0x34 ./NRF24L01/nrf24.o
                0x0000000000001068                nrf24_configRegister
 .text.nrf24_readRegister
                0x000000000000109c       0x46 ./NRF24L01/nrf24.o
                0x000000000000109c                nrf24_readRegister
 .text.nrf24_writeRegister
                0x00000000000010e2       0x42 ./NRF24L01/nrf24.o
                0x00000000000010e2                nrf24_writeRegister
 .text.nrf24_setupPins
                0x0000000000001124       0x68 ./NRF24L01/radioPinFunctions.o
                0x0000000000001124                nrf24_setupPins
 .text.nrf24_ce_digitalWrite
                0x000000000000118c       0x40 ./NRF24L01/radioPinFunctions.o
                0x000000000000118c                nrf24_ce_digitalWrite
 .text.nrf24_csn_digitalWrite
                0x00000000000011cc       0x40 ./NRF24L01/radioPinFunctions.o
                0x00000000000011cc                nrf24_csn_digitalWrite
 .text.nrf24_sck_digitalWrite
                0x000000000000120c       0x40 ./NRF24L01/radioPinFunctions.o
                0x000000000000120c                nrf24_sck_digitalWrite
 .text.nrf24_mosi_digitalWrite
                0x000000000000124c       0x40 ./NRF24L01/radioPinFunctions.o
                0x000000000000124c                nrf24_mosi_digitalWrite
 .text.nrf24_miso_digitalRead
                0x000000000000128c       0x18 ./NRF24L01/radioPinFunctions.o
                0x000000000000128c                nrf24_miso_digitalRead
 .text.record_set_sensor_id
                0x00000000000012a4       0x28 ./Record.o
                0x00000000000012a4                record_set_sensor_id
 .text.record_set_sensor_data
                0x00000000000012cc       0x30 ./Record.o
                0x00000000000012cc                record_set_sensor_data
 .text.record_get_sensor_id
                0x00000000000012fc       0x20 ./Record.o
                0x00000000000012fc                record_get_sensor_id
 .text.record_get_sensor_data
                0x000000000000131c       0x22 ./Record.o
                0x000000000000131c                record_get_sensor_data
 .text.main     0x000000000000133e      0x53a ./main.o
                0x000000000000133e                main
 .text.__vector_9
                0x0000000000001878       0x32 ./main.o
                0x0000000000001878                __vector_9
 .text.libgcc.mul
                0x00000000000018aa        0x0 /usr/lib/gcc/avr/4.9.2/avr5/libgcc.a(_divmodhi4.o)
 .text.libgcc.div
                0x00000000000018aa       0x28 /usr/lib/gcc/avr/4.9.2/avr5/libgcc.a(_divmodhi4.o)
                0x00000000000018aa                __divmodhi4
                0x00000000000018aa                _div
 .text.libgcc   0x00000000000018d2        0x0 /usr/lib/gcc/avr/4.9.2/avr5/libgcc.a(_divmodhi4.o)
 .text.libgcc.prologue
                0x00000000000018d2        0x0 /usr/lib/gcc/avr/4.9.2/avr5/libgcc.a(_divmodhi4.o)
 .text.libgcc.builtins
                0x00000000000018d2        0x0 /usr/lib/gcc/avr/4.9.2/avr5/libgcc.a(_divmodhi4.o)
 .text.libgcc.fmul
                0x00000000000018d2        0x0 /usr/lib/gcc/avr/4.9.2/avr5/libgcc.a(_divmodhi4.o)
 .text.libgcc.fixed
                0x00000000000018d2        0x0 /usr/lib/gcc/avr/4.9.2/avr5/libgcc.a(_divmodhi4.o)
 .text.libgcc.mul
                0x00000000000018d2        0x0 /usr/lib/gcc/avr/4.9.2/avr5/libgcc.a(_divmodsi4.o)
 .text.libgcc.div
                0x00000000000018d2       0x2e /usr/lib/gcc/avr/4.9.2/avr5/libgcc.a(_divmodsi4.o)
                0x00000000000018d2                __divmodsi4
 .text.libgcc   0x0000000000001900        0x0 /usr/lib/gcc/avr/4.9.2/avr5/libgcc.a(_divmodsi4.o)
 .text.libgcc.prologue
                0x0000000000001900        0x0 /usr/lib/gcc/avr/4.9.2/avr5/libgcc.a(_divmodsi4.o)
 .text.libgcc.builtins
                0x0000000000001900        0x0 /usr/lib/gcc/avr/4.9.2/avr5/libgcc.a(_divmodsi4.o)
 .text.libgcc.fmul
                0x0000000000001900        0x0 /usr/lib/gcc/avr/4.9.2/avr5/libgcc.a(_divmodsi4.o)
 .text.libgcc.fixed
                0x0000000000001900        0x0 /usr/lib/gcc/avr/4.9.2/avr5/libgcc.a(_divmodsi4.o)
 .text.libgcc.mul
                0x0000000000001900        0x0 /usr/lib/gcc/avr/4.9.2/avr5/libgcc.a(_negsi2.o)
 .text.libgcc.div
                0x0000000000001900       0x10 /usr/lib/gcc/avr/4.9.2/avr5/libgcc.a(_negsi2.o)
                0x0000000000001900                __negsi2
 .text.libgcc   0x0000000000001910        0x0 /usr/lib/gcc/avr/4.9.2/avr5/libgcc.a(_negsi2.o)
 .text.libgcc.prologue
                0x0000000000001910        0x0 /usr/lib/gcc/avr/4.9.2/avr5/libgcc.a(_negsi2.o)
 .text.libgcc.builtins
                0x0000000000001910        0x0 /usr/lib/gcc/avr/4.9.2/avr5/libgcc.a(_negsi2.o)
 .text.libgcc.fmul
                0x0000000000001910        0x0 /usr/lib/gcc/avr/4.9.2/avr5/libgcc.a(_negsi2.o)
 .text.libgcc.fixed
                0x0000000000001910        0x0 /usr/lib/gcc/avr/4.9.2/avr5/libgcc.a(_negsi2.o)
 .text.libgcc.mul
                0x0000000000001910        0x0 /usr/lib/gcc/avr/4.9.2/avr5/libgcc.a(_exit.o)
 .text.libgcc.div
                0x0000000000001910        0x0 /usr/lib/gcc/avr/4.9.2/avr5/libgcc.a(_exit.o)
 .text.libgcc   0x0000000000001910        0x0 /usr/lib/gcc/avr/4.9.2/avr5/libgcc.a(_exit.o)
 .text.libgcc.prologue
                0x0000000000001910        0x0 /usr/lib/gcc/avr/4.9.2/avr5/libgcc.a(_exit.o)
 .text.libgcc.builtins
                0x0000000000001910        0x0 /usr/lib/gcc/avr/4.9.2/avr5/libgcc.a(_exit.o)
 .text.libgcc.fmul
                0x0000000000001910        0x0 /usr/lib/gcc/avr/4.9.2/avr5/libgcc.a(_exit.o)
 .text.libgcc.fixed
                0x0000000000001910        0x0 /usr/lib/gcc/avr/4.9.2/avr5/libgcc.a(_exit.o)
 .text.libgcc.mul
                0x0000000000001910        0x0 /usr/lib/gcc/avr/4.9.2/avr5/libgcc.a(_copy_data.o)
 .text.libgcc.div
                0x0000000000001910        0x0 /usr/lib/gcc/avr/4.9.2/avr5/libgcc.a(_copy_data.o)
 .text.libgcc   0x0000000000001910        0x0 /usr/lib/gcc/avr/4.9.2/avr5/libgcc.a(_copy_data.o)
 .text.libgcc.prologue
                0x0000000000001910        0x0 /usr/lib/gcc/avr/4.9.2/avr5/libgcc.a(_copy_data.o)
 .text.libgcc.builtins
                0x0000000000001910        0x0 /usr/lib/gcc/avr/4.9.2/avr5/libgcc.a(_copy_data.o)
 .text.libgcc.fmul
                0x0000000000001910        0x0 /usr/lib/gcc/avr/4.9.2/avr5/libgcc.a(_copy_data.o)
 .text.libgcc.fixed
                0x0000000000001910        0x0 /usr/lib/gcc/avr/4.9.2/avr5/libgcc.a(_copy_data.o)
 .text.libgcc.mul
                0x0000000000001910        0x0 /usr/lib/gcc/avr/4.9.2/avr5/libgcc.a(_clear_bss.o)
 .text.libgcc.div
                0x0000000000001910        0x0 /usr/lib/gcc/avr/4.9.2/avr5/libgcc.a(_clear_bss.o)
 .text.libgcc   0x0000000000001910        0x0 /usr/lib/gcc/avr/4.9.2/avr5/libgcc.a(_clear_bss.o)
 .text.libgcc.prologue
                0x0000000000001910        0x0 /usr/lib/gcc/avr/4.9.2/avr5/libgcc.a(_clear_bss.o)
 .text.libgcc.builtins
                0x0000000000001910        0x0 /usr/lib/gcc/avr/4.9.2/avr5/libgcc.a(_clear_bss.o)
 .text.libgcc.fmul
                0x0000000000001910        0x0 /usr/lib/gcc/avr/4.9.2/avr5/libgcc.a(_clear_bss.o)
 .text.libgcc.fixed
                0x0000000000001910        0x0 /usr/lib/gcc/avr/4.9.2/avr5/libgcc.a(_clear_bss.o)
 .text.libgcc.mul
                0x0000000000001910        0x0 /usr/lib/gcc/avr/4.9.2/avr5/libgcc.a(_udivmodhi4.o)
 .text.libgcc.div
                0x0000000000001910       0x28 /usr/lib/gcc/avr/4.9.2/avr5/libgcc.a(_udivmodhi4.o)
                0x0000000000001910                __udivmodhi4
 .text.libgcc   0x0000000000001938        0x0 /usr/lib/gcc/avr/4.9.2/avr5/libgcc.a(_udivmodhi4.o)
 .text.libgcc.prologue
                0x0000000000001938        0x0 /usr/lib/gcc/avr/4.9.2/avr5/libgcc.a(_udivmodhi4.o)
 .text.libgcc.builtins
                0x0000000000001938        0x0 /usr/lib/gcc/avr/4.9.2/avr5/libgcc.a(_udivmodhi4.o)
 .text.libgcc.fmul
                0x0000000000001938        0x0 /usr/lib/gcc/avr/4.9.2/avr5/libgcc.a(_udivmodhi4.o)
 .text.libgcc.fixed
                0x0000000000001938        0x0 /usr/lib/gcc/avr/4.9.2/avr5/libgcc.a(_udivmodhi4.o)
 .text.libgcc.mul
                0x0000000000001938        0x0 /usr/lib/gcc/avr/4.9.2/avr5/libgcc.a(_udivmodsi4.o)
 .text.libgcc.div
                0x0000000000001938       0x44 /usr/lib/gcc/avr/4.9.2/avr5/libgcc.a(_udivmodsi4.o)
                0x0000000000001938                __udivmodsi4
 .text.libgcc   0x000000000000197c        0x0 /usr/lib/gcc/avr/4.9.2/avr5/libgcc.a(_udivmodsi4.o)
 .text.libgcc.prologue
                0x000000000000197c        0x0 /usr/lib/gcc/avr/4.9.2/avr5/libgcc.a(_udivmodsi4.o)
 .text.libgcc.builtins
                0x000000000000197c        0x0 /usr/lib/gcc/avr/4.9.2/avr5/libgcc.a(_udivmodsi4.o)
 .text.libgcc.fmul
                0x000000000000197c        0x0 /usr/lib/gcc/avr/4.9.2/avr5/libgcc.a(_udivmodsi4.o)
 .text.libgcc.fixed
                0x000000000000197c        0x0 /usr/lib/gcc/avr/4.9.2/avr5/libgcc.a(_udivmodsi4.o)
 .text.avr-libc.fplib
                0x000000000000197c        0xa /usr/lib/gcc/avr/4.9.2/../../../../avr/lib/avr5/libm.a(addsf3.o)
                0x000000000000197c                __subsf3
                0x000000000000197e                __addsf3
 .text.avr-libc.fplib
                0x0000000000001986       0xc0 /usr/lib/gcc/avr/4.9.2/../../../../avr/lib/avr5/libm.a(addsf3x.o)
                0x00000000000019a0                __addsf3x
 .text.avr-libc.fplib
                0x0000000000001a46        0x8 /usr/lib/gcc/avr/4.9.2/../../../../avr/lib/avr5/libm.a(cmpsf2.o)
                0x0000000000001a46                __lesf2
                0x0000000000001a46                __nesf2
                0x0000000000001a46                __eqsf2
                0x0000000000001a46                __cmpsf2
                0x0000000000001a46                __ltsf2
 .text.avr-libc.fplib
                0x0000000000001a4e        0x4 /usr/lib/gcc/avr/4.9.2/../../../../avr/lib/avr5/libm.a(divsf3.o)
                0x0000000000001a4e                __divsf3
 .text.avr-libc.fplib
                0x0000000000001a52       0xcc /usr/lib/gcc/avr/4.9.2/../../../../avr/lib/avr5/libm.a(divsf3x.o)
                0x0000000000001a68                __divsf3x
                0x0000000000001a6c                __divsf3_pse
 .text.avr-libc.fplib
                0x0000000000001b1e        0xa /usr/lib/gcc/avr/4.9.2/../../../../avr/lib/avr5/libm.a(fixsfsi.o)
                0x0000000000001b1e                __fixsfsi
 .text.avr-libc.fplib
                0x0000000000001b28       0x58 /usr/lib/gcc/avr/4.9.2/../../../../avr/lib/avr5/libm.a(fixunssfsi.o)
                0x0000000000001b28                __fixunssfsi
 .text.avr-libc.fplib
                0x0000000000001b80       0x7a /usr/lib/gcc/avr/4.9.2/../../../../avr/lib/avr5/libm.a(floatsisf.o)
                0x0000000000001b80                __floatunsisf
                0x0000000000001b84                __floatsisf
 .text.avr-libc.fplib
                0x0000000000001bfa       0x48 /usr/lib/gcc/avr/4.9.2/../../../../avr/lib/avr5/libm.a(fp_cmp.o)
                0x0000000000001bfa                __fp_cmp
 .text.avr-libc.fplib
                0x0000000000001c42        0xc /usr/lib/gcc/avr/4.9.2/../../../../avr/lib/avr5/libm.a(fp_inf.o)
                0x0000000000001c42                __fp_inf
 .text.avr-libc.fplib
                0x0000000000001c4e        0x6 /usr/lib/gcc/avr/4.9.2/../../../../avr/lib/avr5/libm.a(fp_nan.o)
                0x0000000000001c4e                __fp_nan
 .text.avr-libc.fplib
                0x0000000000001c54        0xe /usr/lib/gcc/avr/4.9.2/../../../../avr/lib/avr5/libm.a(fp_pscA.o)
                0x0000000000001c54                __fp_pscA
 .text.avr-libc.fplib
                0x0000000000001c62        0xe /usr/lib/gcc/avr/4.9.2/../../../../avr/lib/avr5/libm.a(fp_pscB.o)
                0x0000000000001c62                __fp_pscB
 .text.avr-libc.fplib
                0x0000000000001c70       0x22 /usr/lib/gcc/avr/4.9.2/../../../../avr/lib/avr5/libm.a(fp_round.o)
                0x0000000000001c70                __fp_round
 .text.avr-libc.fplib
                0x0000000000001c92       0x44 /usr/lib/gcc/avr/4.9.2/../../../../avr/lib/avr5/libm.a(fp_split3.o)
                0x0000000000001c92                __fp_split3
                0x0000000000001ca2                __fp_splitA
 .text.avr-libc.fplib
                0x0000000000001cd6        0xe /usr/lib/gcc/avr/4.9.2/../../../../avr/lib/avr5/libm.a(fp_zero.o)
                0x0000000000001cd6                __fp_zero
                0x0000000000001cd8                __fp_szero
 .text.avr-libc.fplib
                0x0000000000001ce4        0x8 /usr/lib/gcc/avr/4.9.2/../../../../avr/lib/avr5/libm.a(gesf2.o)
                0x0000000000001ce4                __gtsf2
                0x0000000000001ce4                __gesf2
 .text.avr-libc.fplib
                0x0000000000001cec        0x4 /usr/lib/gcc/avr/4.9.2/../../../../avr/lib/avr5/libm.a(mulsf3.o)
                0x0000000000001cec                __mulsf3
 .text.avr-libc.fplib
                0x0000000000001cf0       0xc2 /usr/lib/gcc/avr/4.9.2/../../../../avr/lib/avr5/libm.a(mulsf3x.o)
                0x0000000000001d04                __mulsf3x
                0x0000000000001d08                __mulsf3_pse
 .text.avr-libc
                0x0000000000001db2       0x44 /usr/lib/gcc/avr/4.9.2/../../../../avr/lib/avr5/libc.a(sprintf.o)
                0x0000000000001db2                sprintf
 .text.avr-libc
                0x0000000000001df6      0x3a4 /usr/lib/gcc/avr/4.9.2/../../../../avr/lib/avr5/libc.a(vfprintf_std.o)
                0x0000000000001df6                vfprintf
 .text.avr-libc
                0x000000000000219a       0x16 /usr/lib/gcc/avr/4.9.2/../../../../avr/lib/avr5/libc.a(strnlen_P.o)
                0x000000000000219a                strnlen_P
 .text.avr-libc
                0x00000000000021b0       0x16 /usr/lib/gcc/avr/4.9.2/../../../../avr/lib/avr5/libc.a(strnlen.o)
                0x00000000000021b0                strnlen
 .text.avr-libc
                0x00000000000021c6       0x64 /usr/lib/gcc/avr/4.9.2/../../../../avr/lib/avr5/libc.a(fputc.o)
                0x00000000000021c6                fputc
 .text.avr-libc
                0x000000000000222a       0xbc /usr/lib/gcc/avr/4.9.2/../../../../avr/lib/avr5/libc.a(ultoa_invert.o)
                0x000000000000222a                __ultoa_invert
 .text.libgcc.mul
                0x00000000000022e6        0x0 /usr/lib/gcc/avr/4.9.2/avr5/libgcc.a(_prologue.o)
 .text.libgcc.div
                0x00000000000022e6        0x0 /usr/lib/gcc/avr/4.9.2/avr5/libgcc.a(_prologue.o)
 .text.libgcc   0x00000000000022e6        0x0 /usr/lib/gcc/avr/4.9.2/avr5/libgcc.a(_prologue.o)
 .text.libgcc.prologue
                0x00000000000022e6       0x38 /usr/lib/gcc/avr/4.9.2/avr5/libgcc.a(_prologue.o)
                0x00000000000022e6                __prologue_saves__
 .text.libgcc.builtins
                0x000000000000231e        0x0 /usr/lib/gcc/avr/4.9.2/avr5/libgcc.a(_prologue.o)
 .text.libgcc.fmul
                0x000000000000231e        0x0 /usr/lib/gcc/avr/4.9.2/avr5/libgcc.a(_prologue.o)
 .text.libgcc.fixed
                0x000000000000231e        0x0 /usr/lib/gcc/avr/4.9.2/avr5/libgcc.a(_prologue.o)
 .text.libgcc.mul
                0x000000000000231e        0x0 /usr/lib/gcc/avr/4.9.2/avr5/libgcc.a(_epilogue.o)
 .text.libgcc.div
                0x000000000000231e        0x0 /usr/lib/gcc/avr/4.9.2/avr5/libgcc.a(_epilogue.o)
 .text.libgcc   0x000000000000231e        0x0 /usr/lib/gcc/avr/4.9.2/avr5/libgcc.a(_epilogue.o)
 .text.libgcc.prologue
                0x000000000000231e       0x36 /usr/lib/gcc/avr/4.9.2/avr5/libgcc.a(_epilogue.o)
                0x000000000000231e                __epilogue_restores__
 .text.libgcc.builtins
                0x0000000000002354        0x0 /usr/lib/gcc/avr/4.9.2/avr5/libgcc.a(_epilogue.o)
 .text.libgcc.fmul
                0x0000000000002354        0x0 /usr/lib/gcc/avr/4.9.2/avr5/libgcc.a(_epilogue.o)
 .text.libgcc.fixed
                0x0000000000002354        0x0 /usr/lib/gcc/avr/4.9.2/avr5/libgcc.a(_epilogue.o)
                0x0000000000002354                . = ALIGN (0x2)
 *(.fini9)
 .fini9         0x0000000000002354        0x0 /usr/lib/gcc/avr/4.9.2/avr5/libgcc.a(_exit.o)
                0x0000000000002354                exit
                0x0000000000002354                _exit
 *(.fini9)
 *(.fini8)
 *(.fini8)
 *(.fini7)
 *(.fini7)
 *(.fini6)
 *(.fini6)
 *(.fini5)
 *(.fini5)
 *(.fini4)
 *(.fini4)
 *(.fini3)
 *(.fini3)
 *(.fini2)
 *(.fini2)
 *(.fini1)
 *(.fini1)
 *(.fini0)
 .fini0         0x0000000000002354        0x4 /usr/lib/gcc/avr/4.9.2/avr5/libgcc.a(_exit.o)
 *(.fini0)
                0x0000000000002358                _etext = .

.data           0x0000000000800100       0x56 load address 0x0000000000002358
                0x0000000000800100                PROVIDE (__data_start, .)
 *(.data)
 .data          0x0000000000800100        0x0 /usr/lib/gcc/avr/4.9.2/../../../../avr/lib/avr5/crtm328p.o
 .data          0x0000000000800100        0x0 ./uart/uart.o
 .data          0x0000000000800100        0x0 ./timer2/timer2.o
 .data          0x0000000000800100        0x0 ./adc/adc.o
 .data          0x0000000000800100        0x0 ./NRF24L01/nrf24.o
 .data          0x0000000000800100        0x0 ./NRF24L01/radioPinFunctions.o
 .data          0x0000000000800100        0x0 ./Record.o
 .data          0x0000000000800100        0x0 ./main.o
 .data          0x0000000000800100        0x0 /usr/lib/gcc/avr/4.9.2/avr5/libgcc.a(_divmodhi4.o)
 .data          0x0000000000800100        0x0 /usr/lib/gcc/avr/4.9.2/avr5/libgcc.a(_divmodsi4.o)
 .data          0x0000000000800100        0x0 /usr/lib/gcc/avr/4.9.2/avr5/libgcc.a(_negsi2.o)
 .data          0x0000000000800100        0x0 /usr/lib/gcc/avr/4.9.2/avr5/libgcc.a(_exit.o)
 .data          0x0000000000800100        0x0 /usr/lib/gcc/avr/4.9.2/avr5/libgcc.a(_copy_data.o)
 .data          0x0000000000800100        0x0 /usr/lib/gcc/avr/4.9.2/avr5/libgcc.a(_clear_bss.o)
 .data          0x0000000000800100        0x0 /usr/lib/gcc/avr/4.9.2/avr5/libgcc.a(_udivmodhi4.o)
 .data          0x0000000000800100        0x0 /usr/lib/gcc/avr/4.9.2/avr5/libgcc.a(_udivmodsi4.o)
 .data          0x0000000000800100        0x0 /usr/lib/gcc/avr/4.9.2/../../../../avr/lib/avr5/libm.a(addsf3.o)
 .data          0x0000000000800100        0x0 /usr/lib/gcc/avr/4.9.2/../../../../avr/lib/avr5/libm.a(addsf3x.o)
 .data          0x0000000000800100        0x0 /usr/lib/gcc/avr/4.9.2/../../../../avr/lib/avr5/libm.a(cmpsf2.o)
 .data          0x0000000000800100        0x0 /usr/lib/gcc/avr/4.9.2/../../../../avr/lib/avr5/libm.a(divsf3.o)
 .data          0x0000000000800100        0x0 /usr/lib/gcc/avr/4.9.2/../../../../avr/lib/avr5/libm.a(divsf3x.o)
 .data          0x0000000000800100        0x0 /usr/lib/gcc/avr/4.9.2/../../../../avr/lib/avr5/libm.a(fixsfsi.o)
 .data          0x0000000000800100        0x0 /usr/lib/gcc/avr/4.9.2/../../../../avr/lib/avr5/libm.a(fixunssfsi.o)
 .data          0x0000000000800100        0x0 /usr/lib/gcc/avr/4.9.2/../../../../avr/lib/avr5/libm.a(floatsisf.o)
 .data          0x0000000000800100        0x0 /usr/lib/gcc/avr/4.9.2/../../../../avr/lib/avr5/libm.a(fp_cmp.o)
 .data          0x0000000000800100        0x0 /usr/lib/gcc/avr/4.9.2/../../../../avr/lib/avr5/libm.a(fp_inf.o)
 .data          0x0000000000800100        0x0 /usr/lib/gcc/avr/4.9.2/../../../../avr/lib/avr5/libm.a(fp_nan.o)
 .data          0x0000000000800100        0x0 /usr/lib/gcc/avr/4.9.2/../../../../avr/lib/avr5/libm.a(fp_pscA.o)
 .data          0x0000000000800100        0x0 /usr/lib/gcc/avr/4.9.2/../../../../avr/lib/avr5/libm.a(fp_pscB.o)
 .data          0x0000000000800100        0x0 /usr/lib/gcc/avr/4.9.2/../../../../avr/lib/avr5/libm.a(fp_round.o)
 .data          0x0000000000800100        0x0 /usr/lib/gcc/avr/4.9.2/../../../../avr/lib/avr5/libm.a(fp_split3.o)
 .data          0x0000000000800100        0x0 /usr/lib/gcc/avr/4.9.2/../../../../avr/lib/avr5/libm.a(fp_zero.o)
 .data          0x0000000000800100        0x0 /usr/lib/gcc/avr/4.9.2/../../../../avr/lib/avr5/libm.a(gesf2.o)
 .data          0x0000000000800100        0x0 /usr/lib/gcc/avr/4.9.2/../../../../avr/lib/avr5/libm.a(mulsf3.o)
 .data          0x0000000000800100        0x0 /usr/lib/gcc/avr/4.9.2/../../../../avr/lib/avr5/libm.a(mulsf3x.o)
 .data          0x0000000000800100        0x0 /usr/lib/gcc/avr/4.9.2/../../../../avr/lib/avr5/libc.a(sprintf.o)
 .data          0x0000000000800100        0x0 /usr/lib/gcc/avr/4.9.2/../../../../avr/lib/avr5/libc.a(vfprintf_std.o)
 .data          0x0000000000800100        0x0 /usr/lib/gcc/avr/4.9.2/../../../../avr/lib/avr5/libc.a(strnlen_P.o)
 .data          0x0000000000800100        0x0 /usr/lib/gcc/avr/4.9.2/../../../../avr/lib/avr5/libc.a(strnlen.o)
 .data          0x0000000000800100        0x0 /usr/lib/gcc/avr/4.9.2/../../../../avr/lib/avr5/libc.a(fputc.o)
 .data          0x0000000000800100        0x0 /usr/lib/gcc/avr/4.9.2/../../../../avr/lib/avr5/libc.a(ultoa_invert.o)
 .data          0x0000000000800100        0x0 /usr/lib/gcc/avr/4.9.2/avr5/libgcc.a(_prologue.o)
 .data          0x0000000000800100        0x0 /usr/lib/gcc/avr/4.9.2/avr5/libgcc.a(_epilogue.o)
 *(.data*)
 .data.TIMER_OVERFLOW
                0x0000000000800100        0x1 ./main.o
                0x0000000000800100                TIMER_OVERFLOW
 *(.rodata)
 .rodata        0x0000000000800101        0xa ./adc/adc.o
 .rodata        0x000000000080010b       0x4b ./main.o
 *(.rodata*)
 *(.gnu.linkonce.d*)
                0x0000000000800156                . = ALIGN (0x2)
                0x0000000000800156                _edata = .
                0x0000000000800156                PROVIDE (__data_end, .)

.bss            0x0000000000800156      0x106
                0x0000000000800156                PROVIDE (__bss_start, .)
 *(.bss)
 .bss           0x0000000000800156        0x0 /usr/lib/gcc/avr/4.9.2/../../../../avr/lib/avr5/crtm328p.o
 .bss           0x0000000000800156        0x0 ./uart/uart.o
 .bss           0x0000000000800156        0x0 ./timer2/timer2.o
 .bss           0x0000000000800156        0x0 ./adc/adc.o
 .bss           0x0000000000800156        0x0 ./NRF24L01/nrf24.o
 .bss           0x0000000000800156        0x0 ./NRF24L01/radioPinFunctions.o
 .bss           0x0000000000800156        0x0 ./Record.o
 .bss           0x0000000000800156        0x0 ./main.o
 .bss           0x0000000000800156        0x0 /usr/lib/gcc/avr/4.9.2/avr5/libgcc.a(_divmodhi4.o)
 .bss           0x0000000000800156        0x0 /usr/lib/gcc/avr/4.9.2/avr5/libgcc.a(_divmodsi4.o)
 .bss           0x0000000000800156        0x0 /usr/lib/gcc/avr/4.9.2/avr5/libgcc.a(_negsi2.o)
 .bss           0x0000000000800156        0x0 /usr/lib/gcc/avr/4.9.2/avr5/libgcc.a(_exit.o)
 .bss           0x0000000000800156        0x0 /usr/lib/gcc/avr/4.9.2/avr5/libgcc.a(_copy_data.o)
 .bss           0x0000000000800156        0x0 /usr/lib/gcc/avr/4.9.2/avr5/libgcc.a(_clear_bss.o)
 .bss           0x0000000000800156        0x0 /usr/lib/gcc/avr/4.9.2/avr5/libgcc.a(_udivmodhi4.o)
 .bss           0x0000000000800156        0x0 /usr/lib/gcc/avr/4.9.2/avr5/libgcc.a(_udivmodsi4.o)
 .bss           0x0000000000800156        0x0 /usr/lib/gcc/avr/4.9.2/../../../../avr/lib/avr5/libm.a(addsf3.o)
 .bss           0x0000000000800156        0x0 /usr/lib/gcc/avr/4.9.2/../../../../avr/lib/avr5/libm.a(addsf3x.o)
 .bss           0x0000000000800156        0x0 /usr/lib/gcc/avr/4.9.2/../../../../avr/lib/avr5/libm.a(cmpsf2.o)
 .bss           0x0000000000800156        0x0 /usr/lib/gcc/avr/4.9.2/../../../../avr/lib/avr5/libm.a(divsf3.o)
 .bss           0x0000000000800156        0x0 /usr/lib/gcc/avr/4.9.2/../../../../avr/lib/avr5/libm.a(divsf3x.o)
 .bss           0x0000000000800156        0x0 /usr/lib/gcc/avr/4.9.2/../../../../avr/lib/avr5/libm.a(fixsfsi.o)
 .bss           0x0000000000800156        0x0 /usr/lib/gcc/avr/4.9.2/../../../../avr/lib/avr5/libm.a(fixunssfsi.o)
 .bss           0x0000000000800156        0x0 /usr/lib/gcc/avr/4.9.2/../../../../avr/lib/avr5/libm.a(floatsisf.o)
 .bss           0x0000000000800156        0x0 /usr/lib/gcc/avr/4.9.2/../../../../avr/lib/avr5/libm.a(fp_cmp.o)
 .bss           0x0000000000800156        0x0 /usr/lib/gcc/avr/4.9.2/../../../../avr/lib/avr5/libm.a(fp_inf.o)
 .bss           0x0000000000800156        0x0 /usr/lib/gcc/avr/4.9.2/../../../../avr/lib/avr5/libm.a(fp_nan.o)
 .bss           0x0000000000800156        0x0 /usr/lib/gcc/avr/4.9.2/../../../../avr/lib/avr5/libm.a(fp_pscA.o)
 .bss           0x0000000000800156        0x0 /usr/lib/gcc/avr/4.9.2/../../../../avr/lib/avr5/libm.a(fp_pscB.o)
 .bss           0x0000000000800156        0x0 /usr/lib/gcc/avr/4.9.2/../../../../avr/lib/avr5/libm.a(fp_round.o)
 .bss           0x0000000000800156        0x0 /usr/lib/gcc/avr/4.9.2/../../../../avr/lib/avr5/libm.a(fp_split3.o)
 .bss           0x0000000000800156        0x0 /usr/lib/gcc/avr/4.9.2/../../../../avr/lib/avr5/libm.a(fp_zero.o)
 .bss           0x0000000000800156        0x0 /usr/lib/gcc/avr/4.9.2/../../../../avr/lib/avr5/libm.a(gesf2.o)
 .bss           0x0000000000800156        0x0 /usr/lib/gcc/avr/4.9.2/../../../../avr/lib/avr5/libm.a(mulsf3.o)
 .bss           0x0000000000800156        0x0 /usr/lib/gcc/avr/4.9.2/../../../../avr/lib/avr5/libm.a(mulsf3x.o)
 .bss           0x0000000000800156        0x0 /usr/lib/gcc/avr/4.9.2/../../../../avr/lib/avr5/libc.a(sprintf.o)
 .bss           0x0000000000800156        0x0 /usr/lib/gcc/avr/4.9.2/../../../../avr/lib/avr5/libc.a(vfprintf_std.o)
 .bss           0x0000000000800156        0x0 /usr/lib/gcc/avr/4.9.2/../../../../avr/lib/avr5/libc.a(strnlen_P.o)
 .bss           0x0000000000800156        0x0 /usr/lib/gcc/avr/4.9.2/../../../../avr/lib/avr5/libc.a(strnlen.o)
 .bss           0x0000000000800156        0x0 /usr/lib/gcc/avr/4.9.2/../../../../avr/lib/avr5/libc.a(fputc.o)
 .bss           0x0000000000800156        0x0 /usr/lib/gcc/avr/4.9.2/../../../../avr/lib/avr5/libc.a(ultoa_invert.o)
 .bss           0x0000000000800156        0x0 /usr/lib/gcc/avr/4.9.2/avr5/libgcc.a(_prologue.o)
 .bss           0x0000000000800156        0x0 /usr/lib/gcc/avr/4.9.2/avr5/libgcc.a(_epilogue.o)
 *(.bss*)
 .bss.UART_TxBuf
                0x0000000000800156       0x80 ./uart/uart.o
 .bss.UART_RxBuf
                0x00000000008001d6       0x80 ./uart/uart.o
 .bss.UART_TxHead
                0x0000000000800256        0x1 ./uart/uart.o
 .bss.UART_TxTail
                0x0000000000800257        0x1 ./uart/uart.o
 .bss.UART_RxHead
                0x0000000000800258        0x1 ./uart/uart.o
 .bss.UART_RxTail
                0x0000000000800259        0x1 ./uart/uart.o
 .bss.UART_LastRxError
                0x000000000080025a        0x1 ./uart/uart.o
 *(COMMON)
 COMMON         0x000000000080025b        0x1 ./NRF24L01/nrf24.o
                0x000000000080025b                payload_len
                0x000000000080025c                PROVIDE (__bss_end, .)
                0x0000000000002358                __data_load_start = LOADADDR (.data)
                0x00000000000023ae                __data_load_end = (__data_load_start + SIZEOF (.data))

.noinit         0x000000000080025c        0x0
                0x000000000080025c                PROVIDE (__noinit_start, .)
 *(.noinit*)
                0x000000000080025c                PROVIDE (__noinit_end, .)
                0x000000000080025c                _end = .
                0x000000000080025c                PROVIDE (__heap_start, .)

.eeprom         0x0000000000810000        0x0
 *(.eeprom*)
                0x0000000000810000                __eeprom_end = .

.fuse
 *(.fuse)
 *(.lfuse)
 *(.hfuse)
 *(.efuse)

.lock
 *(.lock*)

.signature
 *(.signature*)

.stab           0x0000000000000000     0x7ee4
 *(.stab)
 .stab          0x0000000000000000      0x6cc /usr/lib/gcc/avr/4.9.2/../../../../avr/lib/avr5/crtm328p.o
 .stab          0x00000000000006cc      0xa38 ./uart/uart.o
                                        0xa44 (size before relaxing)
 .stab          0x0000000000001104      0x384 ./timer2/timer2.o
                                        0x54c (size before relaxing)
 .stab          0x0000000000001488      0x900 ./adc/adc.o
                                        0xae0 (size before relaxing)
 .stab          0x0000000000001d88      0xd80 ./NRF24L01/nrf24.o
                                        0xef4 (size before relaxing)
 .stab          0x0000000000002b08      0x480 ./NRF24L01/radioPinFunctions.o
                                        0x648 (size before relaxing)
 .stab          0x0000000000002f88      0x3cc ./Record.o
                                        0x5b8 (size before relaxing)
 .stab          0x0000000000003354      0x87c ./main.o
                                        0xa98 (size before relaxing)
 .stab          0x0000000000003bd0      0x138 /usr/lib/gcc/avr/4.9.2/avr5/libgcc.a(_divmodhi4.o)
                                        0x144 (size before relaxing)
 .stab          0x0000000000003d08      0x144 /usr/lib/gcc/avr/4.9.2/avr5/libgcc.a(_divmodsi4.o)
                                        0x150 (size before relaxing)
 .stab          0x0000000000003e4c       0x6c /usr/lib/gcc/avr/4.9.2/avr5/libgcc.a(_negsi2.o)
                                         0x78 (size before relaxing)
 .stab          0x0000000000003eb8       0x6c /usr/lib/gcc/avr/4.9.2/avr5/libgcc.a(_exit.o)
                                         0x78 (size before relaxing)
 .stab          0x0000000000003f24       0xd8 /usr/lib/gcc/avr/4.9.2/avr5/libgcc.a(_copy_data.o)
                                         0xe4 (size before relaxing)
 .stab          0x0000000000003ffc       0xb4 /usr/lib/gcc/avr/4.9.2/avr5/libgcc.a(_clear_bss.o)
                                         0xc0 (size before relaxing)
 .stab          0x00000000000040b0      0x15c /usr/lib/gcc/avr/4.9.2/avr5/libgcc.a(_udivmodhi4.o)
                                        0x168 (size before relaxing)
 .stab          0x000000000000420c      0x228 /usr/lib/gcc/avr/4.9.2/avr5/libgcc.a(_udivmodsi4.o)
                                        0x234 (size before relaxing)
 .stab          0x0000000000004434       0x78 /usr/lib/gcc/avr/4.9.2/../../../../avr/lib/avr5/libm.a(addsf3.o)
                                         0x84 (size before relaxing)
 .stab          0x00000000000044ac      0x4bc /usr/lib/gcc/avr/4.9.2/../../../../avr/lib/avr5/libm.a(addsf3x.o)
                                        0x4c8 (size before relaxing)
 .stab          0x0000000000004968       0x90 /usr/lib/gcc/avr/4.9.2/../../../../avr/lib/avr5/libm.a(cmpsf2.o)
                                         0x9c (size before relaxing)
 .stab          0x00000000000049f8       0x48 /usr/lib/gcc/avr/4.9.2/../../../../avr/lib/avr5/libm.a(divsf3.o)
                                         0x54 (size before relaxing)
 .stab          0x0000000000004a40      0x510 /usr/lib/gcc/avr/4.9.2/../../../../avr/lib/avr5/libm.a(divsf3x.o)
                                        0x51c (size before relaxing)
 .stab          0x0000000000004f50       0x6c /usr/lib/gcc/avr/4.9.2/../../../../avr/lib/avr5/libm.a(fixsfsi.o)
                                         0x78 (size before relaxing)
 .stab          0x0000000000004fbc      0x240 /usr/lib/gcc/avr/4.9.2/../../../../avr/lib/avr5/libm.a(fixunssfsi.o)
                                        0x24c (size before relaxing)
 .stab          0x00000000000051fc      0x318 /usr/lib/gcc/avr/4.9.2/../../../../avr/lib/avr5/libm.a(floatsisf.o)
                                        0x324 (size before relaxing)
 .stab          0x0000000000005514      0x1e0 /usr/lib/gcc/avr/4.9.2/../../../../avr/lib/avr5/libm.a(fp_cmp.o)
                                        0x1ec (size before relaxing)
 .stab          0x00000000000056f4       0x78 /usr/lib/gcc/avr/4.9.2/../../../../avr/lib/avr5/libm.a(fp_inf.o)
                                         0x84 (size before relaxing)
 .stab          0x000000000000576c       0x54 /usr/lib/gcc/avr/4.9.2/../../../../avr/lib/avr5/libm.a(fp_nan.o)
                                         0x60 (size before relaxing)
 .stab          0x00000000000057c0       0x84 /usr/lib/gcc/avr/4.9.2/../../../../avr/lib/avr5/libm.a(fp_pscA.o)
                                         0x90 (size before relaxing)
 .stab          0x0000000000005844       0x84 /usr/lib/gcc/avr/4.9.2/../../../../avr/lib/avr5/libm.a(fp_pscB.o)
                                         0x90 (size before relaxing)
 .stab          0x00000000000058c8       0xfc /usr/lib/gcc/avr/4.9.2/../../../../avr/lib/avr5/libm.a(fp_round.o)
                                        0x108 (size before relaxing)
 .stab          0x00000000000059c4      0x1d4 /usr/lib/gcc/avr/4.9.2/../../../../avr/lib/avr5/libm.a(fp_split3.o)
                                        0x1e0 (size before relaxing)
 .stab          0x0000000000005b98       0x90 /usr/lib/gcc/avr/4.9.2/../../../../avr/lib/avr5/libm.a(fp_zero.o)
                                         0x9c (size before relaxing)
 .stab          0x0000000000005c28       0x6c /usr/lib/gcc/avr/4.9.2/../../../../avr/lib/avr5/libm.a(gesf2.o)
                                         0x78 (size before relaxing)
 .stab          0x0000000000005c94       0x48 /usr/lib/gcc/avr/4.9.2/../../../../avr/lib/avr5/libm.a(mulsf3.o)
                                         0x54 (size before relaxing)
 .stab          0x0000000000005cdc      0x4d4 /usr/lib/gcc/avr/4.9.2/../../../../avr/lib/avr5/libm.a(mulsf3x.o)
                                        0x4e0 (size before relaxing)
 .stab          0x00000000000061b0      0x540 /usr/lib/gcc/avr/4.9.2/../../../../avr/lib/avr5/libc.a(sprintf.o)
                                        0x54c (size before relaxing)
 .stab          0x00000000000066f0      0xba0 /usr/lib/gcc/avr/4.9.2/../../../../avr/lib/avr5/libc.a(vfprintf_std.o)
                                        0xd80 (size before relaxing)
 .stab          0x0000000000007290       0x9c /usr/lib/gcc/avr/4.9.2/../../../../avr/lib/avr5/libc.a(strnlen_P.o)
                                         0xa8 (size before relaxing)
 .stab          0x000000000000732c       0x9c /usr/lib/gcc/avr/4.9.2/../../../../avr/lib/avr5/libc.a(strnlen.o)
                                         0xa8 (size before relaxing)
 .stab          0x00000000000073c8      0x354 /usr/lib/gcc/avr/4.9.2/../../../../avr/lib/avr5/libc.a(fputc.o)
                                        0x534 (size before relaxing)
 .stab          0x000000000000771c      0x480 /usr/lib/gcc/avr/4.9.2/../../../../avr/lib/avr5/libc.a(ultoa_invert.o)
                                        0x48c (size before relaxing)
 .stab          0x0000000000007b9c      0x1a4 /usr/lib/gcc/avr/4.9.2/avr5/libgcc.a(_prologue.o)
                                        0x1b0 (size before relaxing)
 .stab          0x0000000000007d40      0x1a4 /usr/lib/gcc/avr/4.9.2/avr5/libgcc.a(_epilogue.o)
                                        0x1b0 (size before relaxing)

.stabstr        0x0000000000000000     0x279f
 *(.stabstr)
 .stabstr       0x0000000000000000     0x279f /usr/lib/gcc/avr/4.9.2/../../../../avr/lib/avr5/crtm328p.o

.stab.excl
 *(.stab.excl)

.stab.exclstr
 *(.stab.exclstr)

.stab.index
 *(.stab.index)

.stab.indexstr
 *(.stab.indexstr)

.comment        0x0000000000000000       0x42
 *(.comment)
 .comment       0x0000000000000000       0x21 ./uart/uart.o
                                         0x22 (size before relaxing)
 .comment       0x0000000000000000       0x22 ./timer2/timer2.o
 .comment       0x0000000000000000       0x22 ./adc/adc.o
 .comment       0x0000000000000000       0x22 ./NRF24L01/nrf24.o
 .comment       0x0000000000000000       0x22 ./NRF24L01/radioPinFunctions.o
 .comment       0x0000000000000000       0x22 ./Record.o
 .comment       0x0000000000000000       0x22 ./main.o
 .comment       0x0000000000000021       0x21 /usr/lib/gcc/avr/4.9.2/../../../../avr/lib/avr5/libc.a(sprintf.o)
                                         0x22 (size before relaxing)
 .comment       0x0000000000000000       0x22 /usr/lib/gcc/avr/4.9.2/../../../../avr/lib/avr5/libc.a(vfprintf_std.o)
 .comment       0x0000000000000000       0x22 /usr/lib/gcc/avr/4.9.2/../../../../avr/lib/avr5/libc.a(fputc.o)

.note.gnu.build-id
 *(.note.gnu.build-id)

.debug
 *(.debug)

.line
 *(.line)

.debug_srcinfo
 *(.debug_srcinfo)

.debug_sfnames
 *(.debug_sfnames)

.debug_aranges
 *(.debug_aranges)

.debug_pubnames
 *(.debug_pubnames)

.debug_info
 *(.debug_info .gnu.linkonce.wi.*)

.debug_abbrev
 *(.debug_abbrev)

.debug_line
 *(.debug_line .debug_line.* .debug_line_end)

.debug_frame
 *(.debug_frame)

.debug_str
 *(.debug_str)

.debug_loc
 *(.debug_loc)

.debug_macinfo
 *(.debug_macinfo)

.debug_weaknames
 *(.debug_weaknames)

.debug_funcnames
 *(.debug_funcnames)

.debug_typenames
 *(.debug_typenames)

.debug_varnames
 *(.debug_varnames)

.debug_pubtypes
 *(.debug_pubtypes)

.debug_ranges
 *(.debug_ranges)

.debug_macro
 *(.debug_macro)
OUTPUT(NRF24-TX.elf elf32-avr)
LOAD linker stubs
