Archive member included because of file (symbol)

/usr/lib/gcc/avr/4.9.1/avr5/libgcc.a(_exit.o)
                              /usr/lib/gcc/avr/4.9.1/../../../../avr/lib/avr5/crtm328p.o (exit)
/usr/lib/gcc/avr/4.9.1/avr5/libgcc.a(_copy_data.o)
                              ./main.o (__do_copy_data)
/usr/lib/gcc/avr/4.9.1/avr5/libgcc.a(_clear_bss.o)
                              ./main.o (__do_clear_bss)
/usr/lib/gcc/avr/4.9.1/../../../../avr/lib/avr5/libm.a(addsf3.o)
                              ./main.o (__subsf3)
/usr/lib/gcc/avr/4.9.1/../../../../avr/lib/avr5/libm.a(addsf3x.o)
                              /usr/lib/gcc/avr/4.9.1/../../../../avr/lib/avr5/libm.a(addsf3.o) (__addsf3x)
/usr/lib/gcc/avr/4.9.1/../../../../avr/lib/avr5/libm.a(divsf3.o)
                              ./main.o (__divsf3)
/usr/lib/gcc/avr/4.9.1/../../../../avr/lib/avr5/libm.a(divsf3x.o)
                              /usr/lib/gcc/avr/4.9.1/../../../../avr/lib/avr5/libm.a(divsf3.o) (__divsf3x)
/usr/lib/gcc/avr/4.9.1/../../../../avr/lib/avr5/libm.a(fixsfsi.o)
                              ./main.o (__fixsfsi)
/usr/lib/gcc/avr/4.9.1/../../../../avr/lib/avr5/libm.a(fixunssfsi.o)
                              /usr/lib/gcc/avr/4.9.1/../../../../avr/lib/avr5/libm.a(fixsfsi.o) (__fixunssfsi)
/usr/lib/gcc/avr/4.9.1/../../../../avr/lib/avr5/libm.a(floatsisf.o)
                              ./main.o (__floatunsisf)
/usr/lib/gcc/avr/4.9.1/../../../../avr/lib/avr5/libm.a(fp_inf.o)
                              /usr/lib/gcc/avr/4.9.1/../../../../avr/lib/avr5/libm.a(addsf3x.o) (__fp_inf)
/usr/lib/gcc/avr/4.9.1/../../../../avr/lib/avr5/libm.a(fp_nan.o)
                              /usr/lib/gcc/avr/4.9.1/../../../../avr/lib/avr5/libm.a(addsf3x.o) (__fp_nan)
/usr/lib/gcc/avr/4.9.1/../../../../avr/lib/avr5/libm.a(fp_pscA.o)
                              /usr/lib/gcc/avr/4.9.1/../../../../avr/lib/avr5/libm.a(addsf3x.o) (__fp_pscA)
/usr/lib/gcc/avr/4.9.1/../../../../avr/lib/avr5/libm.a(fp_pscB.o)
                              /usr/lib/gcc/avr/4.9.1/../../../../avr/lib/avr5/libm.a(addsf3x.o) (__fp_pscB)
/usr/lib/gcc/avr/4.9.1/../../../../avr/lib/avr5/libm.a(fp_round.o)
                              /usr/lib/gcc/avr/4.9.1/../../../../avr/lib/avr5/libm.a(addsf3.o) (__fp_round)
/usr/lib/gcc/avr/4.9.1/../../../../avr/lib/avr5/libm.a(fp_split3.o)
                              /usr/lib/gcc/avr/4.9.1/../../../../avr/lib/avr5/libm.a(addsf3x.o) (__fp_split3)
/usr/lib/gcc/avr/4.9.1/../../../../avr/lib/avr5/libm.a(fp_zero.o)
                              /usr/lib/gcc/avr/4.9.1/../../../../avr/lib/avr5/libm.a(addsf3x.o) (__fp_zero)
/usr/lib/gcc/avr/4.9.1/../../../../avr/lib/avr5/libm.a(mulsf3.o)
                              ./main.o (__mulsf3)
/usr/lib/gcc/avr/4.9.1/../../../../avr/lib/avr5/libm.a(mulsf3x.o)
                              /usr/lib/gcc/avr/4.9.1/../../../../avr/lib/avr5/libm.a(mulsf3.o) (__mulsf3x)
/usr/lib/gcc/avr/4.9.1/../../../../avr/lib/avr5/libc.a(sprintf.o)
                              ./main.o (sprintf)
/usr/lib/gcc/avr/4.9.1/../../../../avr/lib/avr5/libc.a(vfprintf_std.o)
                              /usr/lib/gcc/avr/4.9.1/../../../../avr/lib/avr5/libc.a(sprintf.o) (vfprintf)
/usr/lib/gcc/avr/4.9.1/../../../../avr/lib/avr5/libc.a(strnlen_P.o)
                              /usr/lib/gcc/avr/4.9.1/../../../../avr/lib/avr5/libc.a(vfprintf_std.o) (strnlen_P)
/usr/lib/gcc/avr/4.9.1/../../../../avr/lib/avr5/libc.a(strnlen.o)
                              /usr/lib/gcc/avr/4.9.1/../../../../avr/lib/avr5/libc.a(vfprintf_std.o) (strnlen)
/usr/lib/gcc/avr/4.9.1/../../../../avr/lib/avr5/libc.a(fputc.o)
                              /usr/lib/gcc/avr/4.9.1/../../../../avr/lib/avr5/libc.a(vfprintf_std.o) (fputc)
/usr/lib/gcc/avr/4.9.1/../../../../avr/lib/avr5/libc.a(ultoa_invert.o)
                              /usr/lib/gcc/avr/4.9.1/../../../../avr/lib/avr5/libc.a(vfprintf_std.o) (__ultoa_invert)
/usr/lib/gcc/avr/4.9.1/avr5/libgcc.a(_prologue.o)
                              /usr/lib/gcc/avr/4.9.1/../../../../avr/lib/avr5/libc.a(sprintf.o) (__prologue_saves__)
/usr/lib/gcc/avr/4.9.1/avr5/libgcc.a(_epilogue.o)
                              /usr/lib/gcc/avr/4.9.1/../../../../avr/lib/avr5/libc.a(sprintf.o) (__epilogue_restores__)

Allocating common symbols
Common symbol       size              file

Temperature         0x4               ./main.o
payload_len         0x1               ./nrf24.o
buffer              0x8               ./main.o
c                   0x2               ./main.o

Memory Configuration

Name             Origin             Length             Attributes
text             0x0000000000000000 0x0000000000020000 xr
data             0x0000000000800060 0x000000000000ffa0 rw !x
eeprom           0x0000000000810000 0x0000000000010000 rw !x
fuse             0x0000000000820000 0x0000000000000400 rw !x
lock             0x0000000000830000 0x0000000000000400 rw !x
signature        0x0000000000840000 0x0000000000000400 rw !x
*default*        0x0000000000000000 0xffffffffffffffff

Linker script and memory map

Address of section .data set to 0x800100
LOAD /usr/lib/gcc/avr/4.9.1/../../../../avr/lib/avr5/crtm328p.o
LOAD ./ADC.o
LOAD ./hd44780.o
LOAD ./main.o
LOAD ./nrf24.o
LOAD ./radioPinFunctions.o
START GROUP
LOAD /usr/lib/gcc/avr/4.9.1/avr5/libgcc.a
LOAD /usr/lib/gcc/avr/4.9.1/../../../../avr/lib/avr5/libm.a
LOAD /usr/lib/gcc/avr/4.9.1/../../../../avr/lib/avr5/libc.a
END GROUP

.hash
 *(.hash)

.dynsym
 *(.dynsym)

.dynstr
 *(.dynstr)

.gnu.version
 *(.gnu.version)

.gnu.version_d
 *(.gnu.version_d)

.gnu.version_r
 *(.gnu.version_r)

.rel.init
 *(.rel.init)

.rela.init
 *(.rela.init)

.rel.text
 *(.rel.text)
 *(.rel.text.*)
 *(.rel.gnu.linkonce.t*)

.rela.text
 *(.rela.text)
 *(.rela.text.*)
 *(.rela.gnu.linkonce.t*)

.rel.fini
 *(.rel.fini)

.rela.fini
 *(.rela.fini)

.rel.rodata
 *(.rel.rodata)
 *(.rel.rodata.*)
 *(.rel.gnu.linkonce.r*)

.rela.rodata
 *(.rela.rodata)
 *(.rela.rodata.*)
 *(.rela.gnu.linkonce.r*)

.rel.data
 *(.rel.data)
 *(.rel.data.*)
 *(.rel.gnu.linkonce.d*)

.rela.data
 *(.rela.data)
 *(.rela.data.*)
 *(.rela.gnu.linkonce.d*)

.rel.ctors
 *(.rel.ctors)

.rela.ctors
 *(.rela.ctors)

.rel.dtors
 *(.rel.dtors)

.rela.dtors
 *(.rela.dtors)

.rel.got
 *(.rel.got)

.rela.got
 *(.rela.got)

.rel.bss
 *(.rel.bss)

.rela.bss
 *(.rela.bss)

.rel.plt
 *(.rel.plt)

.rela.plt
 *(.rela.plt)

.text           0x0000000000000000     0x134a
 *(.vectors)
 .vectors       0x0000000000000000       0x68 /usr/lib/gcc/avr/4.9.1/../../../../avr/lib/avr5/crtm328p.o
                0x0000000000000000                __vectors
                0x0000000000000000                __vector_default
 *(.vectors)
 *(.progmem.gcc*)
                0x0000000000000068                . = ALIGN (0x2)
                0x0000000000000068                __trampolines_start = .
 *(.trampolines)
 .trampolines   0x0000000000000068        0x0 linker stubs
 *(.trampolines*)
                0x0000000000000068                __trampolines_end = .
 *(.progmem*)
                0x0000000000000068                . = ALIGN (0x2)
 *(.jumptables)
 *(.jumptables*)
 *(.lowtext)
 *(.lowtext*)
                0x0000000000000068                __ctors_start = .
 *(.ctors)
                0x0000000000000068                __ctors_end = .
                0x0000000000000068                __dtors_start = .
 *(.dtors)
                0x0000000000000068                __dtors_end = .
 SORT(*)(.ctors)
 SORT(*)(.dtors)
 *(.init0)
 .init0         0x0000000000000068        0x0 /usr/lib/gcc/avr/4.9.1/../../../../avr/lib/avr5/crtm328p.o
                0x0000000000000068                __init
 *(.init0)
 *(.init1)
 *(.init1)
 *(.init2)
 .init2         0x0000000000000068        0xc /usr/lib/gcc/avr/4.9.1/../../../../avr/lib/avr5/crtm328p.o
 *(.init2)
 *(.init3)
 *(.init3)
 *(.init4)
 .init4         0x0000000000000074       0x16 /usr/lib/gcc/avr/4.9.1/avr5/libgcc.a(_copy_data.o)
                0x0000000000000074                __do_copy_data
 .init4         0x000000000000008a       0x10 /usr/lib/gcc/avr/4.9.1/avr5/libgcc.a(_clear_bss.o)
                0x000000000000008a                __do_clear_bss
 *(.init4)
 *(.init5)
 *(.init5)
 *(.init6)
 *(.init6)
 *(.init7)
 *(.init7)
 *(.init8)
 *(.init8)
 *(.init9)
 .init9         0x000000000000009a        0x8 /usr/lib/gcc/avr/4.9.1/../../../../avr/lib/avr5/crtm328p.o
 *(.init9)
 *(.text)
 .text          0x00000000000000a2        0x4 /usr/lib/gcc/avr/4.9.1/../../../../avr/lib/avr5/crtm328p.o
                0x00000000000000a2                __vector_22
                0x00000000000000a2                __vector_1
                0x00000000000000a2                __vector_24
                0x00000000000000a2                __vector_12
                0x00000000000000a2                __bad_interrupt
                0x00000000000000a2                __vector_6
                0x00000000000000a2                __vector_3
                0x00000000000000a2                __vector_23
                0x00000000000000a2                __vector_25
                0x00000000000000a2                __vector_11
                0x00000000000000a2                __vector_13
                0x00000000000000a2                __vector_17
                0x00000000000000a2                __vector_19
                0x00000000000000a2                __vector_7
                0x00000000000000a2                __vector_5
                0x00000000000000a2                __vector_4
                0x00000000000000a2                __vector_9
                0x00000000000000a2                __vector_2
                0x00000000000000a2                __vector_21
                0x00000000000000a2                __vector_15
                0x00000000000000a2                __vector_8
                0x00000000000000a2                __vector_14
                0x00000000000000a2                __vector_10
                0x00000000000000a2                __vector_16
                0x00000000000000a2                __vector_18
                0x00000000000000a2                __vector_20
 .text          0x00000000000000a6        0x0 ./ADC.o
 .text          0x00000000000000a6        0x0 ./hd44780.o
 .text          0x00000000000000a6        0x0 ./main.o
 .text          0x00000000000000a6        0x0 ./nrf24.o
 .text          0x00000000000000a6        0x0 ./radioPinFunctions.o
 .text          0x00000000000000a6        0x0 /usr/lib/gcc/avr/4.9.1/avr5/libgcc.a(_exit.o)
 .text          0x00000000000000a6        0x0 /usr/lib/gcc/avr/4.9.1/avr5/libgcc.a(_copy_data.o)
 .text          0x00000000000000a6        0x0 /usr/lib/gcc/avr/4.9.1/avr5/libgcc.a(_clear_bss.o)
 .text          0x00000000000000a6        0x0 /usr/lib/gcc/avr/4.9.1/../../../../avr/lib/avr5/libm.a(addsf3.o)
 .text          0x00000000000000a6        0x0 /usr/lib/gcc/avr/4.9.1/../../../../avr/lib/avr5/libm.a(addsf3x.o)
 .text          0x00000000000000a6        0x0 /usr/lib/gcc/avr/4.9.1/../../../../avr/lib/avr5/libm.a(divsf3.o)
 .text          0x00000000000000a6        0x0 /usr/lib/gcc/avr/4.9.1/../../../../avr/lib/avr5/libm.a(divsf3x.o)
 .text          0x00000000000000a6        0x0 /usr/lib/gcc/avr/4.9.1/../../../../avr/lib/avr5/libm.a(fixsfsi.o)
 .text          0x00000000000000a6        0x0 /usr/lib/gcc/avr/4.9.1/../../../../avr/lib/avr5/libm.a(fixunssfsi.o)
 .text          0x00000000000000a6        0x0 /usr/lib/gcc/avr/4.9.1/../../../../avr/lib/avr5/libm.a(floatsisf.o)
 .text          0x00000000000000a6        0x0 /usr/lib/gcc/avr/4.9.1/../../../../avr/lib/avr5/libm.a(fp_inf.o)
 .text          0x00000000000000a6        0x0 /usr/lib/gcc/avr/4.9.1/../../../../avr/lib/avr5/libm.a(fp_nan.o)
 .text          0x00000000000000a6        0x0 /usr/lib/gcc/avr/4.9.1/../../../../avr/lib/avr5/libm.a(fp_pscA.o)
 .text          0x00000000000000a6        0x0 /usr/lib/gcc/avr/4.9.1/../../../../avr/lib/avr5/libm.a(fp_pscB.o)
 .text          0x00000000000000a6        0x0 /usr/lib/gcc/avr/4.9.1/../../../../avr/lib/avr5/libm.a(fp_round.o)
 .text          0x00000000000000a6        0x0 /usr/lib/gcc/avr/4.9.1/../../../../avr/lib/avr5/libm.a(fp_split3.o)
 .text          0x00000000000000a6        0x0 /usr/lib/gcc/avr/4.9.1/../../../../avr/lib/avr5/libm.a(fp_zero.o)
 .text          0x00000000000000a6        0x0 /usr/lib/gcc/avr/4.9.1/../../../../avr/lib/avr5/libm.a(mulsf3.o)
 .text          0x00000000000000a6        0x0 /usr/lib/gcc/avr/4.9.1/../../../../avr/lib/avr5/libm.a(mulsf3x.o)
 .text          0x00000000000000a6        0x0 /usr/lib/gcc/avr/4.9.1/../../../../avr/lib/avr5/libc.a(sprintf.o)
 .text          0x00000000000000a6        0x0 /usr/lib/gcc/avr/4.9.1/../../../../avr/lib/avr5/libc.a(vfprintf_std.o)
 .text          0x00000000000000a6        0x0 /usr/lib/gcc/avr/4.9.1/../../../../avr/lib/avr5/libc.a(strnlen_P.o)
 .text          0x00000000000000a6        0x0 /usr/lib/gcc/avr/4.9.1/../../../../avr/lib/avr5/libc.a(strnlen.o)
 .text          0x00000000000000a6        0x0 /usr/lib/gcc/avr/4.9.1/../../../../avr/lib/avr5/libc.a(fputc.o)
 .text          0x00000000000000a6        0x0 /usr/lib/gcc/avr/4.9.1/../../../../avr/lib/avr5/libc.a(ultoa_invert.o)
 .text          0x00000000000000a6        0x0 /usr/lib/gcc/avr/4.9.1/avr5/libgcc.a(_prologue.o)
 .text          0x00000000000000a6        0x0 /usr/lib/gcc/avr/4.9.1/avr5/libgcc.a(_epilogue.o)
                0x00000000000000a6                . = ALIGN (0x2)
 *(.text.*)
 .text.InitADC  0x00000000000000a6       0x28 ./ADC.o
                0x00000000000000a6                InitADC
 .text.ReadADC  0x00000000000000ce       0x36 ./ADC.o
                0x00000000000000ce                ReadADC
 .text.lcd_e_port_low
                0x0000000000000104        0x4 ./hd44780.o
 .text.lcd_e_port_high
                0x0000000000000108        0x4 ./hd44780.o
 .text.lcd_write
                0x000000000000010c       0xb0 ./hd44780.o
 .text.lcd_getc
                0x00000000000001bc       0xd4 ./hd44780.o
                0x00000000000001bc                lcd_getc
 .text.lcd_command
                0x0000000000000290        0x6 ./hd44780.o
                0x0000000000000290                lcd_command
 .text.lcd_goto
                0x0000000000000296        0x6 ./hd44780.o
                0x0000000000000296                lcd_goto
 .text.lcd_clrscr
                0x000000000000029c        0x6 ./hd44780.o
                0x000000000000029c                lcd_clrscr
 .text.lcd_home
                0x00000000000002a2        0x6 ./hd44780.o
                0x00000000000002a2                lcd_home
 .text.lcd_putc
                0x00000000000002a8        0x6 ./hd44780.o
                0x00000000000002a8                lcd_putc
 .text.lcd_puts
                0x00000000000002ae       0x18 ./hd44780.o
                0x00000000000002ae                lcd_puts
 .text.lcd_puts_P
                0x00000000000002c6       0x1e ./hd44780.o
                0x00000000000002c6                lcd_puts_P
 .text.lcd_init
                0x00000000000002e4       0xea ./hd44780.o
                0x00000000000002e4                lcd_init
 .text.double_to_string
                0x00000000000003ce       0x92 ./main.o
                0x00000000000003ce                double_to_string
 .text.startup.main
                0x0000000000000460      0x134 ./main.o
                0x0000000000000460                main
 .text.nrf24_init
                0x0000000000000594       0x10 ./nrf24.o
                0x0000000000000594                nrf24_init
 .text.nrf24_payload_length
                0x00000000000005a4        0x6 ./nrf24.o
                0x00000000000005a4                nrf24_payload_length
 .text.spi_transfer
                0x00000000000005aa       0x60 ./nrf24.o
                0x00000000000005aa                spi_transfer
 .text.nrf24_payloadLength
                0x000000000000060a       0x22 ./nrf24.o
                0x000000000000060a                nrf24_payloadLength
 .text.nrf24_getStatus
                0x000000000000062c       0x1c ./nrf24.o
                0x000000000000062c                nrf24_getStatus
 .text.nrf24_isSending
                0x0000000000000648       0x10 ./nrf24.o
                0x0000000000000648                nrf24_isSending
 .text.nrf24_lastMessageStatus
                0x0000000000000658       0x18 ./nrf24.o
                0x0000000000000658                nrf24_lastMessageStatus
 .text.nrf24_transferSync
                0x0000000000000670       0x4a ./nrf24.o
                0x0000000000000670                nrf24_transferSync
 .text.nrf24_transmitSync
                0x00000000000006ba       0x3a ./nrf24.o
                0x00000000000006ba                nrf24_transmitSync
 .text.nrf24_configRegister
                0x00000000000006f4       0x36 ./nrf24.o
                0x00000000000006f4                nrf24_configRegister
 .text.nrf24_getData
                0x000000000000072a       0x30 ./nrf24.o
                0x000000000000072a                nrf24_getData
 .text.nrf24_powerUpRx
                0x000000000000075a       0x2e ./nrf24.o
                0x000000000000075a                nrf24_powerUpRx
 .text.nrf24_config
                0x0000000000000788       0x72 ./nrf24.o
                0x0000000000000788                nrf24_config
 .text.nrf24_powerUpTx
                0x00000000000007fa       0x10 ./nrf24.o
                0x00000000000007fa                nrf24_powerUpTx
 .text.nrf24_send
                0x000000000000080a       0x48 ./nrf24.o
                0x000000000000080a                nrf24_send
 .text.nrf24_powerDown
                0x0000000000000852        0xe ./nrf24.o
                0x0000000000000852                nrf24_powerDown
 .text.nrf24_readRegister
                0x0000000000000860       0x40 ./nrf24.o
                0x0000000000000860                nrf24_readRegister
 .text.nrf24_rxFifoEmpty
                0x00000000000008a0       0x24 ./nrf24.o
                0x00000000000008a0                nrf24_rxFifoEmpty
 .text.nrf24_dataReady
                0x00000000000008c4       0x1c ./nrf24.o
                0x00000000000008c4                nrf24_dataReady
 .text.nrf24_retransmissionCount
                0x00000000000008e0       0x24 ./nrf24.o
                0x00000000000008e0                nrf24_retransmissionCount
 .text.nrf24_writeRegister
                0x0000000000000904       0x42 ./nrf24.o
                0x0000000000000904                nrf24_writeRegister
 .text.nrf24_rx_address
                0x0000000000000946       0x20 ./nrf24.o
                0x0000000000000946                nrf24_rx_address
 .text.nrf24_tx_address
                0x0000000000000966       0x1e ./nrf24.o
                0x0000000000000966                nrf24_tx_address
 .text.nrf24_setupPins
                0x0000000000000984        0xc ./radioPinFunctions.o
                0x0000000000000984                nrf24_setupPins
 .text.nrf24_ce_digitalWrite
                0x0000000000000990        0xc ./radioPinFunctions.o
                0x0000000000000990                nrf24_ce_digitalWrite
 .text.nrf24_csn_digitalWrite
                0x000000000000099c        0xc ./radioPinFunctions.o
                0x000000000000099c                nrf24_csn_digitalWrite
 .text.nrf24_sck_digitalWrite
                0x00000000000009a8        0xc ./radioPinFunctions.o
                0x00000000000009a8                nrf24_sck_digitalWrite
 .text.nrf24_mosi_digitalWrite
                0x00000000000009b4        0xc ./radioPinFunctions.o
                0x00000000000009b4                nrf24_mosi_digitalWrite
 .text.nrf24_miso_digitalRead
                0x00000000000009c0        0x6 ./radioPinFunctions.o
                0x00000000000009c0                nrf24_miso_digitalRead
 .text.libgcc.mul
                0x00000000000009c6        0x0 /usr/lib/gcc/avr/4.9.1/avr5/libgcc.a(_exit.o)
 .text.libgcc.div
                0x00000000000009c6        0x0 /usr/lib/gcc/avr/4.9.1/avr5/libgcc.a(_exit.o)
 .text.libgcc   0x00000000000009c6        0x0 /usr/lib/gcc/avr/4.9.1/avr5/libgcc.a(_exit.o)
 .text.libgcc.prologue
                0x00000000000009c6        0x0 /usr/lib/gcc/avr/4.9.1/avr5/libgcc.a(_exit.o)
 .text.libgcc.builtins
                0x00000000000009c6        0x0 /usr/lib/gcc/avr/4.9.1/avr5/libgcc.a(_exit.o)
 .text.libgcc.fmul
                0x00000000000009c6        0x0 /usr/lib/gcc/avr/4.9.1/avr5/libgcc.a(_exit.o)
 .text.libgcc.fixed
                0x00000000000009c6        0x0 /usr/lib/gcc/avr/4.9.1/avr5/libgcc.a(_exit.o)
 .text.libgcc.mul
                0x00000000000009c6        0x0 /usr/lib/gcc/avr/4.9.1/avr5/libgcc.a(_copy_data.o)
 .text.libgcc.div
                0x00000000000009c6        0x0 /usr/lib/gcc/avr/4.9.1/avr5/libgcc.a(_copy_data.o)
 .text.libgcc   0x00000000000009c6        0x0 /usr/lib/gcc/avr/4.9.1/avr5/libgcc.a(_copy_data.o)
 .text.libgcc.prologue
                0x00000000000009c6        0x0 /usr/lib/gcc/avr/4.9.1/avr5/libgcc.a(_copy_data.o)
 .text.libgcc.builtins
                0x00000000000009c6        0x0 /usr/lib/gcc/avr/4.9.1/avr5/libgcc.a(_copy_data.o)
 .text.libgcc.fmul
                0x00000000000009c6        0x0 /usr/lib/gcc/avr/4.9.1/avr5/libgcc.a(_copy_data.o)
 .text.libgcc.fixed
                0x00000000000009c6        0x0 /usr/lib/gcc/avr/4.9.1/avr5/libgcc.a(_copy_data.o)
 .text.libgcc.mul
                0x00000000000009c6        0x0 /usr/lib/gcc/avr/4.9.1/avr5/libgcc.a(_clear_bss.o)
 .text.libgcc.div
                0x00000000000009c6        0x0 /usr/lib/gcc/avr/4.9.1/avr5/libgcc.a(_clear_bss.o)
 .text.libgcc   0x00000000000009c6        0x0 /usr/lib/gcc/avr/4.9.1/avr5/libgcc.a(_clear_bss.o)
 .text.libgcc.prologue
                0x00000000000009c6        0x0 /usr/lib/gcc/avr/4.9.1/avr5/libgcc.a(_clear_bss.o)
 .text.libgcc.builtins
                0x00000000000009c6        0x0 /usr/lib/gcc/avr/4.9.1/avr5/libgcc.a(_clear_bss.o)
 .text.libgcc.fmul
                0x00000000000009c6        0x0 /usr/lib/gcc/avr/4.9.1/avr5/libgcc.a(_clear_bss.o)
 .text.libgcc.fixed
                0x00000000000009c6        0x0 /usr/lib/gcc/avr/4.9.1/avr5/libgcc.a(_clear_bss.o)
 .text.avr-libc.fplib
                0x00000000000009c6        0xa /usr/lib/gcc/avr/4.9.1/../../../../avr/lib/avr5/libm.a(addsf3.o)
                0x00000000000009c6                __subsf3
                0x00000000000009c8                __addsf3
 .text.avr-libc.fplib
                0x00000000000009d0       0xc0 /usr/lib/gcc/avr/4.9.1/../../../../avr/lib/avr5/libm.a(addsf3x.o)
                0x00000000000009ea                __addsf3x
 .text.avr-libc.fplib
                0x0000000000000a90        0x4 /usr/lib/gcc/avr/4.9.1/../../../../avr/lib/avr5/libm.a(divsf3.o)
                0x0000000000000a90                __divsf3
 .text.avr-libc.fplib
                0x0000000000000a94       0xcc /usr/lib/gcc/avr/4.9.1/../../../../avr/lib/avr5/libm.a(divsf3x.o)
                0x0000000000000aaa                __divsf3x
                0x0000000000000aae                __divsf3_pse
 .text.avr-libc.fplib
                0x0000000000000b60        0xa /usr/lib/gcc/avr/4.9.1/../../../../avr/lib/avr5/libm.a(fixsfsi.o)
                0x0000000000000b60                __fixsfsi
 .text.avr-libc.fplib
                0x0000000000000b6a       0x58 /usr/lib/gcc/avr/4.9.1/../../../../avr/lib/avr5/libm.a(fixunssfsi.o)
                0x0000000000000b6a                __fixunssfsi
 .text.avr-libc.fplib
                0x0000000000000bc2       0x7a /usr/lib/gcc/avr/4.9.1/../../../../avr/lib/avr5/libm.a(floatsisf.o)
                0x0000000000000bc2                __floatunsisf
                0x0000000000000bc6                __floatsisf
 .text.avr-libc.fplib
                0x0000000000000c3c        0xc /usr/lib/gcc/avr/4.9.1/../../../../avr/lib/avr5/libm.a(fp_inf.o)
                0x0000000000000c3c                __fp_inf
 .text.avr-libc.fplib
                0x0000000000000c48        0x6 /usr/lib/gcc/avr/4.9.1/../../../../avr/lib/avr5/libm.a(fp_nan.o)
                0x0000000000000c48                __fp_nan
 .text.avr-libc.fplib
                0x0000000000000c4e        0xe /usr/lib/gcc/avr/4.9.1/../../../../avr/lib/avr5/libm.a(fp_pscA.o)
                0x0000000000000c4e                __fp_pscA
 .text.avr-libc.fplib
                0x0000000000000c5c        0xe /usr/lib/gcc/avr/4.9.1/../../../../avr/lib/avr5/libm.a(fp_pscB.o)
                0x0000000000000c5c                __fp_pscB
 .text.avr-libc.fplib
                0x0000000000000c6a       0x22 /usr/lib/gcc/avr/4.9.1/../../../../avr/lib/avr5/libm.a(fp_round.o)
                0x0000000000000c6a                __fp_round
 .text.avr-libc.fplib
                0x0000000000000c8c       0x44 /usr/lib/gcc/avr/4.9.1/../../../../avr/lib/avr5/libm.a(fp_split3.o)
                0x0000000000000c8c                __fp_split3
                0x0000000000000c9c                __fp_splitA
 .text.avr-libc.fplib
                0x0000000000000cd0        0xe /usr/lib/gcc/avr/4.9.1/../../../../avr/lib/avr5/libm.a(fp_zero.o)
                0x0000000000000cd0                __fp_zero
                0x0000000000000cd2                __fp_szero
 .text.avr-libc.fplib
                0x0000000000000cde        0x4 /usr/lib/gcc/avr/4.9.1/../../../../avr/lib/avr5/libm.a(mulsf3.o)
                0x0000000000000cde                __mulsf3
 .text.avr-libc.fplib
                0x0000000000000ce2       0xc2 /usr/lib/gcc/avr/4.9.1/../../../../avr/lib/avr5/libm.a(mulsf3x.o)
                0x0000000000000cf6                __mulsf3x
                0x0000000000000cfa                __mulsf3_pse
 .text.avr-libc
                0x0000000000000da4       0x44 /usr/lib/gcc/avr/4.9.1/../../../../avr/lib/avr5/libc.a(sprintf.o)
                0x0000000000000da4                sprintf
 .text.avr-libc
                0x0000000000000de8      0x3a4 /usr/lib/gcc/avr/4.9.1/../../../../avr/lib/avr5/libc.a(vfprintf_std.o)
                0x0000000000000de8                vfprintf
 .text.avr-libc
                0x000000000000118c       0x16 /usr/lib/gcc/avr/4.9.1/../../../../avr/lib/avr5/libc.a(strnlen_P.o)
                0x000000000000118c                strnlen_P
 .text.avr-libc
                0x00000000000011a2       0x16 /usr/lib/gcc/avr/4.9.1/../../../../avr/lib/avr5/libc.a(strnlen.o)
                0x00000000000011a2                strnlen
 .text.avr-libc
                0x00000000000011b8       0x64 /usr/lib/gcc/avr/4.9.1/../../../../avr/lib/avr5/libc.a(fputc.o)
                0x00000000000011b8                fputc
 .text.avr-libc
                0x000000000000121c       0xbc /usr/lib/gcc/avr/4.9.1/../../../../avr/lib/avr5/libc.a(ultoa_invert.o)
                0x000000000000121c                __ultoa_invert
 .text.libgcc.mul
                0x00000000000012d8        0x0 /usr/lib/gcc/avr/4.9.1/avr5/libgcc.a(_prologue.o)
 .text.libgcc.div
                0x00000000000012d8        0x0 /usr/lib/gcc/avr/4.9.1/avr5/libgcc.a(_prologue.o)
 .text.libgcc   0x00000000000012d8        0x0 /usr/lib/gcc/avr/4.9.1/avr5/libgcc.a(_prologue.o)
 .text.libgcc.prologue
                0x00000000000012d8       0x38 /usr/lib/gcc/avr/4.9.1/avr5/libgcc.a(_prologue.o)
                0x00000000000012d8                __prologue_saves__
 .text.libgcc.builtins
                0x0000000000001310        0x0 /usr/lib/gcc/avr/4.9.1/avr5/libgcc.a(_prologue.o)
 .text.libgcc.fmul
                0x0000000000001310        0x0 /usr/lib/gcc/avr/4.9.1/avr5/libgcc.a(_prologue.o)
 .text.libgcc.fixed
                0x0000000000001310        0x0 /usr/lib/gcc/avr/4.9.1/avr5/libgcc.a(_prologue.o)
 .text.libgcc.mul
                0x0000000000001310        0x0 /usr/lib/gcc/avr/4.9.1/avr5/libgcc.a(_epilogue.o)
 .text.libgcc.div
                0x0000000000001310        0x0 /usr/lib/gcc/avr/4.9.1/avr5/libgcc.a(_epilogue.o)
 .text.libgcc   0x0000000000001310        0x0 /usr/lib/gcc/avr/4.9.1/avr5/libgcc.a(_epilogue.o)
 .text.libgcc.prologue
                0x0000000000001310       0x36 /usr/lib/gcc/avr/4.9.1/avr5/libgcc.a(_epilogue.o)
                0x0000000000001310                __epilogue_restores__
 .text.libgcc.builtins
                0x0000000000001346        0x0 /usr/lib/gcc/avr/4.9.1/avr5/libgcc.a(_epilogue.o)
 .text.libgcc.fmul
                0x0000000000001346        0x0 /usr/lib/gcc/avr/4.9.1/avr5/libgcc.a(_epilogue.o)
 .text.libgcc.fixed
                0x0000000000001346        0x0 /usr/lib/gcc/avr/4.9.1/avr5/libgcc.a(_epilogue.o)
                0x0000000000001346                . = ALIGN (0x2)
 *(.fini9)
 .fini9         0x0000000000001346        0x0 /usr/lib/gcc/avr/4.9.1/avr5/libgcc.a(_exit.o)
                0x0000000000001346                exit
                0x0000000000001346                _exit
 *(.fini9)
 *(.fini8)
 *(.fini8)
 *(.fini7)
 *(.fini7)
 *(.fini6)
 *(.fini6)
 *(.fini5)
 *(.fini5)
 *(.fini4)
 *(.fini4)
 *(.fini3)
 *(.fini3)
 *(.fini2)
 *(.fini2)
 *(.fini1)
 *(.fini1)
 *(.fini0)
 .fini0         0x0000000000001346        0x4 /usr/lib/gcc/avr/4.9.1/avr5/libgcc.a(_exit.o)
 *(.fini0)
                0x000000000000134a                _etext = .

.data           0x0000000000800100       0x32 load address 0x000000000000134a
                0x0000000000800100                PROVIDE (__data_start, .)
 *(.data)
 .data          0x0000000000800100        0x0 /usr/lib/gcc/avr/4.9.1/../../../../avr/lib/avr5/crtm328p.o
 .data          0x0000000000800100        0x0 ./ADC.o
 .data          0x0000000000800100        0x0 ./hd44780.o
 .data          0x0000000000800100        0x0 ./main.o
 .data          0x0000000000800100        0x0 ./nrf24.o
 .data          0x0000000000800100        0x0 ./radioPinFunctions.o
 .data          0x0000000000800100        0x0 /usr/lib/gcc/avr/4.9.1/avr5/libgcc.a(_exit.o)
 .data          0x0000000000800100        0x0 /usr/lib/gcc/avr/4.9.1/avr5/libgcc.a(_copy_data.o)
 .data          0x0000000000800100        0x0 /usr/lib/gcc/avr/4.9.1/avr5/libgcc.a(_clear_bss.o)
 .data          0x0000000000800100        0x0 /usr/lib/gcc/avr/4.9.1/../../../../avr/lib/avr5/libm.a(addsf3.o)
 .data          0x0000000000800100        0x0 /usr/lib/gcc/avr/4.9.1/../../../../avr/lib/avr5/libm.a(addsf3x.o)
 .data          0x0000000000800100        0x0 /usr/lib/gcc/avr/4.9.1/../../../../avr/lib/avr5/libm.a(divsf3.o)
 .data          0x0000000000800100        0x0 /usr/lib/gcc/avr/4.9.1/../../../../avr/lib/avr5/libm.a(divsf3x.o)
 .data          0x0000000000800100        0x0 /usr/lib/gcc/avr/4.9.1/../../../../avr/lib/avr5/libm.a(fixsfsi.o)
 .data          0x0000000000800100        0x0 /usr/lib/gcc/avr/4.9.1/../../../../avr/lib/avr5/libm.a(fixunssfsi.o)
 .data          0x0000000000800100        0x0 /usr/lib/gcc/avr/4.9.1/../../../../avr/lib/avr5/libm.a(floatsisf.o)
 .data          0x0000000000800100        0x0 /usr/lib/gcc/avr/4.9.1/../../../../avr/lib/avr5/libm.a(fp_inf.o)
 .data          0x0000000000800100        0x0 /usr/lib/gcc/avr/4.9.1/../../../../avr/lib/avr5/libm.a(fp_nan.o)
 .data          0x0000000000800100        0x0 /usr/lib/gcc/avr/4.9.1/../../../../avr/lib/avr5/libm.a(fp_pscA.o)
 .data          0x0000000000800100        0x0 /usr/lib/gcc/avr/4.9.1/../../../../avr/lib/avr5/libm.a(fp_pscB.o)
 .data          0x0000000000800100        0x0 /usr/lib/gcc/avr/4.9.1/../../../../avr/lib/avr5/libm.a(fp_round.o)
 .data          0x0000000000800100        0x0 /usr/lib/gcc/avr/4.9.1/../../../../avr/lib/avr5/libm.a(fp_split3.o)
 .data          0x0000000000800100        0x0 /usr/lib/gcc/avr/4.9.1/../../../../avr/lib/avr5/libm.a(fp_zero.o)
 .data          0x0000000000800100        0x0 /usr/lib/gcc/avr/4.9.1/../../../../avr/lib/avr5/libm.a(mulsf3.o)
 .data          0x0000000000800100        0x0 /usr/lib/gcc/avr/4.9.1/../../../../avr/lib/avr5/libm.a(mulsf3x.o)
 .data          0x0000000000800100        0x0 /usr/lib/gcc/avr/4.9.1/../../../../avr/lib/avr5/libc.a(sprintf.o)
 .data          0x0000000000800100        0x0 /usr/lib/gcc/avr/4.9.1/../../../../avr/lib/avr5/libc.a(vfprintf_std.o)
 .data          0x0000000000800100        0x0 /usr/lib/gcc/avr/4.9.1/../../../../avr/lib/avr5/libc.a(strnlen_P.o)
 .data          0x0000000000800100        0x0 /usr/lib/gcc/avr/4.9.1/../../../../avr/lib/avr5/libc.a(strnlen.o)
 .data          0x0000000000800100        0x0 /usr/lib/gcc/avr/4.9.1/../../../../avr/lib/avr5/libc.a(fputc.o)
 .data          0x0000000000800100        0x0 /usr/lib/gcc/avr/4.9.1/../../../../avr/lib/avr5/libc.a(ultoa_invert.o)
 .data          0x0000000000800100        0x0 /usr/lib/gcc/avr/4.9.1/avr5/libgcc.a(_prologue.o)
 .data          0x0000000000800100        0x0 /usr/lib/gcc/avr/4.9.1/avr5/libgcc.a(_epilogue.o)
 *(.data*)
 .data.calibr   0x0000000000800100        0x4 ./main.o
                0x0000000000800100                calibr
 .data.ADCRES   0x0000000000800104        0x4 ./main.o
                0x0000000000800104                ADCRES
 .data.VSTEP    0x0000000000800108        0x4 ./main.o
                0x0000000000800108                VSTEP
 .data.VZERO    0x000000000080010c        0x4 ./main.o
                0x000000000080010c                VZERO
 .data.VREF     0x0000000000800110        0x4 ./main.o
                0x0000000000800110                VREF
 .data.tx_address
                0x0000000000800114        0x5 ./main.o
                0x0000000000800114                tx_address
 *(.rodata)
 .rodata        0x0000000000800119        0xd ./main.o
 *(.rodata*)
 .rodata.str1.1
                0x0000000000800126        0xc ./main.o
 *(.gnu.linkonce.d*)
                0x0000000000800132                . = ALIGN (0x2)
                0x0000000000800132                _edata = .
                0x0000000000800132                PROVIDE (__data_end, .)

.bss            0x0000000000800132        0xf
                0x0000000000800132                PROVIDE (__bss_start, .)
 *(.bss)
 .bss           0x0000000000800132        0x0 /usr/lib/gcc/avr/4.9.1/../../../../avr/lib/avr5/crtm328p.o
 .bss           0x0000000000800132        0x0 ./ADC.o
 .bss           0x0000000000800132        0x0 ./hd44780.o
 .bss           0x0000000000800132        0x0 ./main.o
 .bss           0x0000000000800132        0x0 ./nrf24.o
 .bss           0x0000000000800132        0x0 ./radioPinFunctions.o
 .bss           0x0000000000800132        0x0 /usr/lib/gcc/avr/4.9.1/avr5/libgcc.a(_exit.o)
 .bss           0x0000000000800132        0x0 /usr/lib/gcc/avr/4.9.1/avr5/libgcc.a(_copy_data.o)
 .bss           0x0000000000800132        0x0 /usr/lib/gcc/avr/4.9.1/avr5/libgcc.a(_clear_bss.o)
 .bss           0x0000000000800132        0x0 /usr/lib/gcc/avr/4.9.1/../../../../avr/lib/avr5/libm.a(addsf3.o)
 .bss           0x0000000000800132        0x0 /usr/lib/gcc/avr/4.9.1/../../../../avr/lib/avr5/libm.a(addsf3x.o)
 .bss           0x0000000000800132        0x0 /usr/lib/gcc/avr/4.9.1/../../../../avr/lib/avr5/libm.a(divsf3.o)
 .bss           0x0000000000800132        0x0 /usr/lib/gcc/avr/4.9.1/../../../../avr/lib/avr5/libm.a(divsf3x.o)
 .bss           0x0000000000800132        0x0 /usr/lib/gcc/avr/4.9.1/../../../../avr/lib/avr5/libm.a(fixsfsi.o)
 .bss           0x0000000000800132        0x0 /usr/lib/gcc/avr/4.9.1/../../../../avr/lib/avr5/libm.a(fixunssfsi.o)
 .bss           0x0000000000800132        0x0 /usr/lib/gcc/avr/4.9.1/../../../../avr/lib/avr5/libm.a(floatsisf.o)
 .bss           0x0000000000800132        0x0 /usr/lib/gcc/avr/4.9.1/../../../../avr/lib/avr5/libm.a(fp_inf.o)
 .bss           0x0000000000800132        0x0 /usr/lib/gcc/avr/4.9.1/../../../../avr/lib/avr5/libm.a(fp_nan.o)
 .bss           0x0000000000800132        0x0 /usr/lib/gcc/avr/4.9.1/../../../../avr/lib/avr5/libm.a(fp_pscA.o)
 .bss           0x0000000000800132        0x0 /usr/lib/gcc/avr/4.9.1/../../../../avr/lib/avr5/libm.a(fp_pscB.o)
 .bss           0x0000000000800132        0x0 /usr/lib/gcc/avr/4.9.1/../../../../avr/lib/avr5/libm.a(fp_round.o)
 .bss           0x0000000000800132        0x0 /usr/lib/gcc/avr/4.9.1/../../../../avr/lib/avr5/libm.a(fp_split3.o)
 .bss           0x0000000000800132        0x0 /usr/lib/gcc/avr/4.9.1/../../../../avr/lib/avr5/libm.a(fp_zero.o)
 .bss           0x0000000000800132        0x0 /usr/lib/gcc/avr/4.9.1/../../../../avr/lib/avr5/libm.a(mulsf3.o)
 .bss           0x0000000000800132        0x0 /usr/lib/gcc/avr/4.9.1/../../../../avr/lib/avr5/libm.a(mulsf3x.o)
 .bss           0x0000000000800132        0x0 /usr/lib/gcc/avr/4.9.1/../../../../avr/lib/avr5/libc.a(sprintf.o)
 .bss           0x0000000000800132        0x0 /usr/lib/gcc/avr/4.9.1/../../../../avr/lib/avr5/libc.a(vfprintf_std.o)
 .bss           0x0000000000800132        0x0 /usr/lib/gcc/avr/4.9.1/../../../../avr/lib/avr5/libc.a(strnlen_P.o)
 .bss           0x0000000000800132        0x0 /usr/lib/gcc/avr/4.9.1/../../../../avr/lib/avr5/libc.a(strnlen.o)
 .bss           0x0000000000800132        0x0 /usr/lib/gcc/avr/4.9.1/../../../../avr/lib/avr5/libc.a(fputc.o)
 .bss           0x0000000000800132        0x0 /usr/lib/gcc/avr/4.9.1/../../../../avr/lib/avr5/libc.a(ultoa_invert.o)
 .bss           0x0000000000800132        0x0 /usr/lib/gcc/avr/4.9.1/avr5/libgcc.a(_prologue.o)
 .bss           0x0000000000800132        0x0 /usr/lib/gcc/avr/4.9.1/avr5/libgcc.a(_epilogue.o)
 *(.bss*)
 *(COMMON)
 COMMON         0x0000000000800132        0xe ./main.o
                0x0000000000800132                Temperature
                0x0000000000800136                buffer
                0x000000000080013e                c
 COMMON         0x0000000000800140        0x1 ./nrf24.o
                0x0000000000800140                payload_len
                0x0000000000800141                PROVIDE (__bss_end, .)
                0x000000000000134a                __data_load_start = LOADADDR (.data)
                0x000000000000137c                __data_load_end = (__data_load_start + SIZEOF (.data))

.noinit         0x0000000000800141        0x0
                0x0000000000800141                PROVIDE (__noinit_start, .)
 *(.noinit*)
                0x0000000000800141                PROVIDE (__noinit_end, .)
                0x0000000000800141                _end = .
                0x0000000000800141                PROVIDE (__heap_start, .)

.eeprom         0x0000000000810000        0x0
 *(.eeprom*)
                0x0000000000810000                __eeprom_end = .

.fuse
 *(.fuse)
 *(.lfuse)
 *(.hfuse)
 *(.efuse)

.lock
 *(.lock*)

.signature
 *(.signature*)

.stab           0x0000000000000000     0x4098
 *(.stab)
 .stab          0x0000000000000000      0x6cc /usr/lib/gcc/avr/4.9.1/../../../../avr/lib/avr5/crtm328p.o
 .stab          0x00000000000006cc       0x6c /usr/lib/gcc/avr/4.9.1/avr5/libgcc.a(_exit.o)
                                         0x78 (size before relaxing)
 .stab          0x0000000000000738       0xd8 /usr/lib/gcc/avr/4.9.1/avr5/libgcc.a(_copy_data.o)
                                         0xe4 (size before relaxing)
 .stab          0x0000000000000810       0xb4 /usr/lib/gcc/avr/4.9.1/avr5/libgcc.a(_clear_bss.o)
                                         0xc0 (size before relaxing)
 .stab          0x00000000000008c4       0x78 /usr/lib/gcc/avr/4.9.1/../../../../avr/lib/avr5/libm.a(addsf3.o)
                                         0x84 (size before relaxing)
 .stab          0x000000000000093c      0x4bc /usr/lib/gcc/avr/4.9.1/../../../../avr/lib/avr5/libm.a(addsf3x.o)
                                        0x4c8 (size before relaxing)
 .stab          0x0000000000000df8       0x48 /usr/lib/gcc/avr/4.9.1/../../../../avr/lib/avr5/libm.a(divsf3.o)
                                         0x54 (size before relaxing)
 .stab          0x0000000000000e40      0x510 /usr/lib/gcc/avr/4.9.1/../../../../avr/lib/avr5/libm.a(divsf3x.o)
                                        0x51c (size before relaxing)
 .stab          0x0000000000001350       0x6c /usr/lib/gcc/avr/4.9.1/../../../../avr/lib/avr5/libm.a(fixsfsi.o)
                                         0x78 (size before relaxing)
 .stab          0x00000000000013bc      0x240 /usr/lib/gcc/avr/4.9.1/../../../../avr/lib/avr5/libm.a(fixunssfsi.o)
                                        0x24c (size before relaxing)
 .stab          0x00000000000015fc      0x318 /usr/lib/gcc/avr/4.9.1/../../../../avr/lib/avr5/libm.a(floatsisf.o)
                                        0x324 (size before relaxing)
 .stab          0x0000000000001914       0x78 /usr/lib/gcc/avr/4.9.1/../../../../avr/lib/avr5/libm.a(fp_inf.o)
                                         0x84 (size before relaxing)
 .stab          0x000000000000198c       0x54 /usr/lib/gcc/avr/4.9.1/../../../../avr/lib/avr5/libm.a(fp_nan.o)
                                         0x60 (size before relaxing)
 .stab          0x00000000000019e0       0x84 /usr/lib/gcc/avr/4.9.1/../../../../avr/lib/avr5/libm.a(fp_pscA.o)
                                         0x90 (size before relaxing)
 .stab          0x0000000000001a64       0x84 /usr/lib/gcc/avr/4.9.1/../../../../avr/lib/avr5/libm.a(fp_pscB.o)
                                         0x90 (size before relaxing)
 .stab          0x0000000000001ae8       0xfc /usr/lib/gcc/avr/4.9.1/../../../../avr/lib/avr5/libm.a(fp_round.o)
                                        0x108 (size before relaxing)
 .stab          0x0000000000001be4      0x1d4 /usr/lib/gcc/avr/4.9.1/../../../../avr/lib/avr5/libm.a(fp_split3.o)
                                        0x1e0 (size before relaxing)
 .stab          0x0000000000001db8       0x90 /usr/lib/gcc/avr/4.9.1/../../../../avr/lib/avr5/libm.a(fp_zero.o)
                                         0x9c (size before relaxing)
 .stab          0x0000000000001e48       0x48 /usr/lib/gcc/avr/4.9.1/../../../../avr/lib/avr5/libm.a(mulsf3.o)
                                         0x54 (size before relaxing)
 .stab          0x0000000000001e90      0x4d4 /usr/lib/gcc/avr/4.9.1/../../../../avr/lib/avr5/libm.a(mulsf3x.o)
                                        0x4e0 (size before relaxing)
 .stab          0x0000000000002364      0x540 /usr/lib/gcc/avr/4.9.1/../../../../avr/lib/avr5/libc.a(sprintf.o)
                                        0x54c (size before relaxing)
 .stab          0x00000000000028a4      0xba0 /usr/lib/gcc/avr/4.9.1/../../../../avr/lib/avr5/libc.a(vfprintf_std.o)
                                        0xd80 (size before relaxing)
 .stab          0x0000000000003444       0x9c /usr/lib/gcc/avr/4.9.1/../../../../avr/lib/avr5/libc.a(strnlen_P.o)
                                         0xa8 (size before relaxing)
 .stab          0x00000000000034e0       0x9c /usr/lib/gcc/avr/4.9.1/../../../../avr/lib/avr5/libc.a(strnlen.o)
                                         0xa8 (size before relaxing)
 .stab          0x000000000000357c      0x354 /usr/lib/gcc/avr/4.9.1/../../../../avr/lib/avr5/libc.a(fputc.o)
                                        0x534 (size before relaxing)
 .stab          0x00000000000038d0      0x480 /usr/lib/gcc/avr/4.9.1/../../../../avr/lib/avr5/libc.a(ultoa_invert.o)
                                        0x48c (size before relaxing)
 .stab          0x0000000000003d50      0x1a4 /usr/lib/gcc/avr/4.9.1/avr5/libgcc.a(_prologue.o)
                                        0x1b0 (size before relaxing)
 .stab          0x0000000000003ef4      0x1a4 /usr/lib/gcc/avr/4.9.1/avr5/libgcc.a(_epilogue.o)
                                        0x1b0 (size before relaxing)

.stabstr        0x0000000000000000     0x138d
 *(.stabstr)
 .stabstr       0x0000000000000000     0x138d /usr/lib/gcc/avr/4.9.1/../../../../avr/lib/avr5/crtm328p.o

.stab.excl
 *(.stab.excl)

.stab.exclstr
 *(.stab.exclstr)

.stab.index
 *(.stab.index)

.stab.indexstr
 *(.stab.indexstr)

.comment        0x0000000000000000       0x42
 *(.comment)
 .comment       0x0000000000000000       0x21 ./ADC.o
                                         0x22 (size before relaxing)
 .comment       0x0000000000000000       0x22 ./hd44780.o
 .comment       0x0000000000000000       0x22 ./main.o
 .comment       0x0000000000000000       0x22 ./nrf24.o
 .comment       0x0000000000000000       0x22 ./radioPinFunctions.o
 .comment       0x0000000000000021       0x21 /usr/lib/gcc/avr/4.9.1/../../../../avr/lib/avr5/libc.a(sprintf.o)
                                         0x22 (size before relaxing)
 .comment       0x0000000000000000       0x22 /usr/lib/gcc/avr/4.9.1/../../../../avr/lib/avr5/libc.a(vfprintf_std.o)
 .comment       0x0000000000000000       0x22 /usr/lib/gcc/avr/4.9.1/../../../../avr/lib/avr5/libc.a(fputc.o)

.note.gnu.build-id
 *(.note.gnu.build-id)

.debug
 *(.debug)

.line
 *(.line)

.debug_srcinfo
 *(.debug_srcinfo)

.debug_sfnames
 *(.debug_sfnames)

.debug_aranges
 *(.debug_aranges)

.debug_pubnames
 *(.debug_pubnames)

.debug_info
 *(.debug_info .gnu.linkonce.wi.*)

.debug_abbrev
 *(.debug_abbrev)

.debug_line
 *(.debug_line .debug_line.* .debug_line_end)

.debug_frame
 *(.debug_frame)

.debug_str
 *(.debug_str)

.debug_loc
 *(.debug_loc)

.debug_macinfo
 *(.debug_macinfo)

.debug_weaknames
 *(.debug_weaknames)

.debug_funcnames
 *(.debug_funcnames)

.debug_typenames
 *(.debug_typenames)

.debug_varnames
 *(.debug_varnames)

.debug_pubtypes
 *(.debug_pubtypes)

.debug_ranges
 *(.debug_ranges)

.debug_macro
 *(.debug_macro)
OUTPUT(NRF24-TX.elf elf32-avr)
LOAD linker stubs
